<html>
<body>
<pre>
<h1>µVision Build Log</h1>
<h2>Tool Versions:</h2>
IDE-Version: ¦ÌVision V5.25.2.0
Copyright (C) 2018 ARM Ltd and ARM Germany GmbH. All rights reserved.
License Information:  ,  , LIC=1WSKC-7D71A-ZEYH2-9W7DV-BIKFI-N355H
 
Tool Versions:
Toolchain:       MDK-ARM Professional  Version: 5.25.2.0
Toolchain Path:  E:\Keil_v5\ARM\ARMCC\Bin
C Compiler:      Armcc.exe V5.06 update 6 (build 750)
Assembler:       Armasm.exe V5.06 update 6 (build 750)
Linker/Locator:  ArmLink.exe V5.06 update 6 (build 750)
Library Manager: ArmAr.exe V5.06 update 6 (build 750)
Hex Converter:   FromElf.exe V5.06 update 6 (build 750)
CPU DLL:         SARMCM3.DLL V5.25.2.0
Dialog DLL:      DCM.DLL V1.17.1.0
Target DLL:      STLink\ST-LINKIII-KEIL_SWO.dll V3.0.1.0
Dialog DLL:      TCM.DLL V1.35.1.0
 
<h2>Project:</h2>
C:\Users\sky\Desktop\STML4-HAL\STM32-HAL-FreeRTOS\IOT-HAL.uvprojx
Project File Date:  10/07/2021

<h2>Output:</h2>
*** Using Compiler 'V5.06 update 6 (build 750)', folder: 'E:\Keil_v5\ARM\ARMCC\Bin'
Build target 'Target 1'
compiling main.c...
.\BSP\inc\spi.h(10): warning:  #1-D: last line of file ends without a newline
  #endif
.\BSP\inc\lcd.h(52): warning:  #1-D: last line of file ends without a newline
  #endif
.\BSP\inc\timer.h(24): warning:  #1-D: last line of file ends without a newline
  #endif
.\BSP\inc\timer.h(24): warning:  #1-D: last line of file ends without a newline
  #endif
.\BSP\inc\esp8266.h(42): warning:  #1-D: last line of file ends without a newline
  #endif
.\APP\inc\mqtt.h(22): warning:  #1-D: last line of file ends without a newline
  #endif
.\APP\inc\aht10.h(34): warning:  #1-D: last line of file ends without a newline
  #endif
.\APP\inc\esp8266_at.h(24): warning:  #1-D: last line of file ends without a newline
  #endif
User\main.c(69): warning:  #177-D: variable "xReturn"  was declared but never referenced
  	BaseType_t xReturn =pdPASS;
User\main.c(124): warning:  #191-D: type qualifier is meaningless on cast type
                            (const uint16_t)512*5,
User\main.c(122): warning:  #167-D: argument of type "TaskHandle_t" is incompatible with parameter of type "TaskFunction_t"
      xReturn = xTaskCreate((TaskHandle_t )IOT_Esp8266,
User\main.c(135): warning:  #191-D: type qualifier is meaningless on cast type
                            (const uint16_t)512,
User\main.c(133): warning:  #167-D: argument of type "TaskHandle_t" is incompatible with parameter of type "TaskFunction_t"
      xReturn = xTaskCreate((TaskHandle_t )IOT_Contral,
User\main.c(324): warning:  #1-D: last line of file ends without a newline
  }
User\main.c(109): warning:  #177-D: function "appmain"  was declared but never referenced
  static void appmain(void *parameter)
User\main.c: 15 warnings, 0 errors
linking...
Program Size: Code=13084 RO-data=496 RW-data=76 ZI-data=4084  
".\Objects\IOT-HAL.axf" - 0 Error(s), 15 Warning(s).

<h2>Software Packages used:</h2>

Package Vendor: Keil
                http://www.keil.com/pack/Keil.STM32L4xx_DFP.2.0.0.pack
                Keil.STM32L4xx_DFP.2.0.0
                STMicroelectronics STM32L4 Series Device Support, Drivers and Examples

<h2>Collection of Component include folders:</h2>
  .\RTE\_Target_1
  E:\Keil_v5\ARM\PACK\Keil\STM32L4xx_DFP\2.0.0\Drivers\CMSIS\Device\ST\STM32L4xx\Include

<h2>Collection of Component Files used:</h2>
Build Time Elapsed:  00:00:12
</pre>
</body>
</html>
