Component: ARM Compiler 5.06 update 6 (build 750) Tool: armlink [4d35ed]

==============================================================================

Section Cross References

    startup_stm32l475xx.o(RESET) refers to startup_stm32l475xx.o(STACK) for __initial_sp
    startup_stm32l475xx.o(RESET) refers to startup_stm32l475xx.o(.text) for Reset_Handler
    startup_stm32l475xx.o(RESET) refers to stm32l4xx_it.o(i.NMI_Handler) for NMI_Handler
    startup_stm32l475xx.o(RESET) refers to stm32l4xx_it.o(i.HardFault_Handler) for HardFault_Handler
    startup_stm32l475xx.o(RESET) refers to stm32l4xx_it.o(i.MemManage_Handler) for MemManage_Handler
    startup_stm32l475xx.o(RESET) refers to stm32l4xx_it.o(i.BusFault_Handler) for BusFault_Handler
    startup_stm32l475xx.o(RESET) refers to stm32l4xx_it.o(i.UsageFault_Handler) for UsageFault_Handler
    startup_stm32l475xx.o(RESET) refers to stm32l4xx_it.o(i.SVC_Handler) for SVC_Handler
    startup_stm32l475xx.o(RESET) refers to stm32l4xx_it.o(i.DebugMon_Handler) for DebugMon_Handler
    startup_stm32l475xx.o(RESET) refers to os_cpu_a.o(CODE) for OS_CPU_PendSVHandler
    startup_stm32l475xx.o(RESET) refers to usart.o(i.USART1_IRQHandler) for USART1_IRQHandler
    startup_stm32l475xx.o(RESET) refers to esp8266.o(i.USART2_IRQHandler) for USART2_IRQHandler
    startup_stm32l475xx.o(RESET) refers to stm32l4xx_hal_timebase_tim_template.o(i.TIM6_DAC_IRQHandler) for TIM6_DAC_IRQHandler
    startup_stm32l475xx.o(RESET) refers to timer.o(i.TIM7_IRQHandler) for TIM7_IRQHandler
    startup_stm32l475xx.o(.text) refers to system_stm32l4xx.o(i.SystemInit) for SystemInit
    startup_stm32l475xx.o(.text) refers to entry.o(.ARM.Collect$$$$00000000) for __main
    system_stm32l4xx.o(i.SystemCoreClockUpdate) refers to system_stm32l4xx.o(.constdata) for MSIRangeTable
    system_stm32l4xx.o(i.SystemCoreClockUpdate) refers to system_stm32l4xx.o(.data) for SystemCoreClock
    stm32l4xx_hal.o(i.HAL_DeInit) refers to stm32l4xx_hal.o(i.HAL_MspDeInit) for HAL_MspDeInit
    stm32l4xx_hal.o(i.HAL_Delay) refers to stm32l4xx_hal.o(i.HAL_GetTick) for HAL_GetTick
    stm32l4xx_hal.o(i.HAL_GetTick) refers to stm32l4xx_hal.o(.data) for uwTick
    stm32l4xx_hal.o(i.HAL_IncTick) refers to stm32l4xx_hal.o(.data) for uwTick
    stm32l4xx_hal.o(i.HAL_Init) refers to stm32l4xx_hal_cortex.o(i.HAL_NVIC_SetPriorityGrouping) for HAL_NVIC_SetPriorityGrouping
    stm32l4xx_hal.o(i.HAL_Init) refers to stm32l4xx_hal_timebase_tim_template.o(i.HAL_InitTick) for HAL_InitTick
    stm32l4xx_hal.o(i.HAL_Init) refers to stm32l4xx_hal.o(i.HAL_MspInit) for HAL_MspInit
    stm32l4xx_hal.o(i.HAL_InitTick) refers to stm32l4xx_hal_cortex.o(i.HAL_SYSTICK_Config) for HAL_SYSTICK_Config
    stm32l4xx_hal.o(i.HAL_InitTick) refers to stm32l4xx_hal_cortex.o(i.HAL_NVIC_SetPriority) for HAL_NVIC_SetPriority
    stm32l4xx_hal.o(i.HAL_InitTick) refers to system_stm32l4xx.o(.data) for SystemCoreClock
    stm32l4xx_hal.o(i.HAL_SYSCFG_EnableVREFBUF) refers to stm32l4xx_hal.o(i.HAL_GetTick) for HAL_GetTick
    stm32l4xx_hal_cortex.o(i.HAL_NVIC_GetPriorityGrouping) refers to stm32l4xx_hal_cortex.o(i.NVIC_GetPriorityGrouping) for NVIC_GetPriorityGrouping
    stm32l4xx_hal_cortex.o(i.HAL_NVIC_SetPriority) refers to stm32l4xx_hal_cortex.o(i.NVIC_GetPriorityGrouping) for NVIC_GetPriorityGrouping
    stm32l4xx_hal_cortex.o(i.HAL_NVIC_SetPriority) refers to stm32l4xx_hal_cortex.o(i.NVIC_SetPriority) for NVIC_SetPriority
    stm32l4xx_hal_cortex.o(i.HAL_SYSTICK_Config) refers to stm32l4xx_hal_cortex.o(i.NVIC_SetPriority) for NVIC_SetPriority
    stm32l4xx_hal_cortex.o(i.HAL_SYSTICK_IRQHandler) refers to stm32l4xx_hal_cortex.o(i.HAL_SYSTICK_Callback) for HAL_SYSTICK_Callback
    stm32l4xx_hal_dma.o(i.HAL_DMA_PollForTransfer) refers to stm32l4xx_hal.o(i.HAL_GetTick) for HAL_GetTick
    stm32l4xx_hal_dma.o(i.HAL_DMA_Start) refers to stm32l4xx_hal_dma.o(i.DMA_SetConfig) for DMA_SetConfig
    stm32l4xx_hal_dma.o(i.HAL_DMA_Start_IT) refers to stm32l4xx_hal_dma.o(i.DMA_SetConfig) for DMA_SetConfig
    stm32l4xx_hal_gpio.o(i.HAL_GPIO_EXTI_IRQHandler) refers to stm32l4xx_hal_gpio.o(i.HAL_GPIO_EXTI_Callback) for HAL_GPIO_EXTI_Callback
    stm32l4xx_hal_i2c.o(i.HAL_I2C_DeInit) refers to stm32l4xx_hal_i2c.o(i.HAL_I2C_MspDeInit) for HAL_I2C_MspDeInit
    stm32l4xx_hal_i2c.o(i.HAL_I2C_DisableListen_IT) refers to stm32l4xx_hal_i2c.o(i.I2C_Disable_IRQ) for I2C_Disable_IRQ
    stm32l4xx_hal_i2c.o(i.HAL_I2C_ER_IRQHandler) refers to stm32l4xx_hal_i2c.o(i.I2C_ITError) for I2C_ITError
    stm32l4xx_hal_i2c.o(i.HAL_I2C_EnableListen_IT) refers to stm32l4xx_hal_i2c.o(i.I2C_Enable_IRQ) for I2C_Enable_IRQ
    stm32l4xx_hal_i2c.o(i.HAL_I2C_EnableListen_IT) refers to stm32l4xx_hal_i2c.o(i.I2C_Slave_ISR_IT) for I2C_Slave_ISR_IT
    stm32l4xx_hal_i2c.o(i.HAL_I2C_Init) refers to stm32l4xx_hal_i2c.o(i.HAL_I2C_MspInit) for HAL_I2C_MspInit
    stm32l4xx_hal_i2c.o(i.HAL_I2C_IsDeviceReady) refers to stm32l4xx_hal.o(i.HAL_GetTick) for HAL_GetTick
[...]
    Removing os_core.o(i.OS_PendDbgNameAdd), (92 bytes).
    Removing os_core.o(i.OS_PendDbgNameRemove), (36 bytes).
    Removing os_core.o(i.OS_PendListChangePrio), (70 bytes).
    Removing os_core.o(i.OS_PendListInit), (10 bytes).
    Removing os_core.o(i.OS_PendListInsertHead), (32 bytes).
    Removing os_core.o(i.OS_PendListInsertPrio), (102 bytes).
    Removing os_core.o(i.OS_PendListRemove), (48 bytes).
    Removing os_core.o(i.OS_PendListRemove1), (66 bytes).
    Removing os_core.o(i.OS_PendObjDel), (176 bytes).
    Removing os_core.o(i.OS_PendObjDel1), (36 bytes).
    Removing os_core.o(i.OS_Post), (214 bytes).
    Removing os_core.o(i.OS_Post1), (42 bytes).
    Removing os_core.o(i.OS_RdyListInit), (36 bytes).
    Removing os_core.o(i.OS_RdyListInsert), (44 bytes).
    Removing os_core.o(i.OS_RdyListInsertHead), (64 bytes).
    Removing os_core.o(i.OS_RdyListInsertTail), (60 bytes).
    Removing os_core.o(i.OS_RdyListMoveHeadToTail), (68 bytes).
    Removing os_core.o(i.OS_RdyListRemove), (92 bytes).
    Removing os_core.o(i.OS_SchedLockTimeMeasStart), (28 bytes).
    Removing os_core.o(i.OS_SchedLockTimeMeasStop), (60 bytes).
    Removing os_core.o(i.OS_TaskBlock), (44 bytes).
    Removing os_dbg.o(i.OS_Dbg_Init), (424 bytes).
    Removing os_dbg.o(.constdata), (360 bytes).
    Removing os_flag.o(i.OSFlagCreate), (128 bytes).
    Removing os_flag.o(i.OSFlagDel), (326 bytes).
    Removing os_flag.o(i.OSFlagPend), (1222 bytes).
    Removing os_flag.o(i.OSFlagPendAbort), (250 bytes).
    Removing os_flag.o(i.OSFlagPendGetFlagsRdy), (76 bytes).
    Removing os_flag.o(i.OSFlagPost), (116 bytes).
    Removing os_flag.o(i.OS_FlagBlock), (60 bytes).
    Removing os_flag.o(i.OS_FlagClr), (40 bytes).
    Removing os_flag.o(i.OS_FlagDbgListAdd), (48 bytes).
    Removing os_flag.o(i.OS_FlagDbgListRemove), (48 bytes).
    Removing os_flag.o(i.OS_FlagInit), (24 bytes).
    Removing os_flag.o(i.OS_FlagPost), (412 bytes).
    Removing os_flag.o(i.OS_FlagTaskRdy), (100 bytes).
    Removing os_mem.o(i.OSMemCreate), (250 bytes).
    Removing os_mem.o(i.OSMemGet), (100 bytes).
    Removing os_mem.o(i.OSMemPut), (112 bytes).
    Removing os_mem.o(i.OS_MemDbgListAdd), (40 bytes).
    Removing os_mem.o(i.OS_MemInit), (24 bytes).
    Removing os_msg.o(i.OS_MsgPoolInit), (124 bytes).
    Removing os_msg.o(i.OS_MsgQFreeAll), (68 bytes).
    Removing os_msg.o(i.OS_MsgQGet), (104 bytes).
    Removing os_msg.o(i.OS_MsgQInit), (14 bytes).
    Removing os_msg.o(i.OS_MsgQPut), (260 bytes).
    Removing os_mutex.o(i.OSMutexCreate), (136 bytes).
    Removing os_mutex.o(i.OSMutexDel), (462 bytes).
    Removing os_mutex.o(i.OSMutexPend), (592 bytes).
    Removing os_mutex.o(i.OSMutexPendAbort), (250 bytes).
    Removing os_mutex.o(i.OSMutexPost), (378 bytes).
    Removing os_mutex.o(i.OS_MutexClr), (52 bytes).
    Removing os_mutex.o(i.OS_MutexDbgListAdd), (48 bytes).
    Removing os_mutex.o(i.OS_MutexDbgListRemove), (48 bytes).
    Removing os_mutex.o(i.OS_MutexInit), (24 bytes).
    Removing os_prio.o(i.OS_PrioGetHighest), (40 bytes).
    Removing os_prio.o(i.OS_PrioInit), (24 bytes).
    Removing os_prio.o(i.OS_PrioInsert), (36 bytes).
    Removing os_prio.o(i.OS_PrioRemove), (36 bytes).
    Removing os_prio.o(.data), (8 bytes).
    Removing os_q.o(i.OSQCreate), (144 bytes).
    Removing os_q.o(i.OSQDel), (326 bytes).
    Removing os_q.o(i.OSQFlush), (116 bytes).
    Removing os_q.o(i.OSQPend), (470 bytes).
    Removing os_q.o(i.OSQPendAbort), (250 bytes).
    Removing os_q.o(i.OSQPost), (154 bytes).
    Removing os_q.o(i.OS_QClr), (48 bytes).
    Removing os_q.o(i.OS_QDbgListAdd), (48 bytes).
    Removing os_q.o(i.OS_QDbgListRemove), (48 bytes).
    Removing os_q.o(i.OS_QInit), (24 bytes).
    Removing os_q.o(i.OS_QPost), (196 bytes).
    Removing os_sem.o(i.OSSemCreate), (128 bytes).
    Removing os_sem.o(i.OSSemDel), (326 bytes).
    Removing os_sem.o(i.OSSemPend), (424 bytes).
    Removing os_sem.o(i.OSSemPendAbort), (250 bytes).
    Removing os_sem.o(i.OSSemPost), (112 bytes).
    Removing os_sem.o(i.OSSemSet), (128 bytes).
    Removing os_sem.o(i.OS_SemClr), (40 bytes).
    Removing os_sem.o(i.OS_SemDbgListAdd), (48 bytes).
    Removing os_sem.o(i.OS_SemDbgListRemove), (48 bytes).
    Removing os_sem.o(i.OS_SemInit), (24 bytes).
    Removing os_sem.o(i.OS_SemPost), (300 bytes).
    Removing os_stat.o(i.OSStatReset), (296 bytes).
    Removing os_stat.o(i.OSStatTaskCPUUsageInit), (240 bytes).
    Removing os_stat.o(i.OS_StatTask), (744 bytes).
    Removing os_stat.o(i.OS_StatTaskInit), (204 bytes).
    Removing os_task.o(i.OSTaskChangePrio), (284 bytes).
    Removing os_task.o(i.OSTaskCreate), (418 bytes).
    Removing os_task.o(i.OSTaskDel), (296 bytes).
    Removing os_task.o(i.OSTaskQFlush), (120 bytes).
    Removing os_task.o(i.OSTaskQPend), (478 bytes).
    Removing os_task.o(i.OSTaskQPendAbort), (196 bytes).
    Removing os_task.o(i.OSTaskQPost), (88 bytes).
    Removing os_task.o(i.OSTaskRegGet), (84 bytes).
    Removing os_task.o(i.OSTaskRegGetID), (88 bytes).
    Removing os_task.o(i.OSTaskRegSet), (84 bytes).
    Removing os_task.o(i.OSTaskResume), (104 bytes).
    Removing os_task.o(i.OSTaskSemPend), (476 bytes).
    Removing os_task.o(i.OSTaskSemPendAbort), (224 bytes).
    Removing os_task.o(i.OSTaskSemPost), (62 bytes).
    Removing os_task.o(i.OSTaskSemSet), (88 bytes).
    Removing os_task.o(i.OSTaskStkChk), (212 bytes).
    Removing os_task.o(i.OSTaskSuspend), (56 bytes).
    Removing os_task.o(i.OS_TaskDbgListAdd), (48 bytes).
    Removing os_task.o(i.OS_TaskDbgListRemove), (68 bytes).
    Removing os_task.o(i.OS_TaskInit), (32 bytes).
    Removing os_task.o(i.OS_TaskInitTCB), (180 bytes).
    Removing os_task.o(i.OS_TaskQPost), (230 bytes).
    Removing os_task.o(i.OS_TaskResume), (256 bytes).
    Removing os_task.o(i.OS_TaskReturn), (24 bytes).
    Removing os_task.o(i.OS_TaskSemPost), (452 bytes).
    Removing os_task.o(i.OS_TaskSuspend), (280 bytes).
    Removing os_tick.o(i.OS_TickListInsert), (134 bytes).
    Removing os_tick.o(i.OS_TickListInsertDly), (188 bytes).
    Removing os_tick.o(i.OS_TickListRemove), (88 bytes).
    Removing os_tick.o(i.OS_TickListResetPeak), (2 bytes).
    Removing os_tick.o(i.OS_TickListUpdateDly), (152 bytes).
    Removing os_tick.o(i.OS_TickListUpdateTimeout), (212 bytes).
    Removing os_tick.o(i.OS_TickTask), (112 bytes).
    Removing os_tick.o(i.OS_TickTaskInit), (200 bytes).
    Removing os_time.o(i.OSTimeDly), (184 bytes).
    Removing os_time.o(i.OSTimeDlyHMSM), (406 bytes).
    Removing os_time.o(i.OSTimeDlyResume), (344 bytes).
    Removing os_time.o(i.OSTimeGet), (52 bytes).
    Removing os_time.o(i.OSTimeSet), (52 bytes).
    Removing os_time.o(i.OSTimeTick), (68 bytes).
    Removing os_tmr.o(i.OSTmrCreate), (186 bytes).
    Removing os_tmr.o(i.OSTmrDel), (196 bytes).
    Removing os_tmr.o(i.OSTmrRemainGet), (164 bytes).
    Removing os_tmr.o(i.OSTmrStart), (256 bytes).
    Removing os_tmr.o(i.OSTmrStateGet), (108 bytes).
    Removing os_tmr.o(i.OSTmrStop), (232 bytes).
    Removing os_tmr.o(i.OS_TmrClr), (48 bytes).
    Removing os_tmr.o(i.OS_TmrDbgListAdd), (40 bytes).
    Removing os_tmr.o(i.OS_TmrDbgListRemove), (48 bytes).
    Removing os_tmr.o(i.OS_TmrInit), (308 bytes).
    Removing os_tmr.o(i.OS_TmrLock), (24 bytes).
    Removing os_tmr.o(i.OS_TmrResetPeak), (2 bytes).
    Removing os_tmr.o(i.OS_TmrTask), (148 bytes).
    Removing os_tmr.o(i.OS_TmrUnlink), (68 bytes).
    Removing os_tmr.o(i.OS_TmrUnlock), (20 bytes).
    Removing os_var.o(.bss), (1560 bytes).
    Removing os_cpu_c.o(i.OSIdleTaskHook), (20 bytes).
    Removing os_cpu_c.o(i.OSInitHook), (40 bytes).
    Removing os_cpu_c.o(i.OSStatTaskHook), (20 bytes).
    Removing os_cpu_c.o(i.OSTaskCreateHook), (24 bytes).
    Removing os_cpu_c.o(i.OSTaskDelHook), (24 bytes).
    Removing os_cpu_c.o(i.OSTaskReturnHook), (24 bytes).
    Removing os_cpu_c.o(i.OSTaskStkInit), (708 bytes).
    Removing os_cpu_c.o(i.OSTimeTickHook), (20 bytes).
    Removing os_cpu_c.o(i.OS_CPU_SysTickHandler), (56 bytes).
    Removing os_cpu_c.o(i.OS_CPU_SysTickInit), (48 bytes).

1051 unused section(s) (total 137610 bytes) removed from the image.

==============================================================================

Image Symbol Table

    Local Symbols

    Symbol Name                              Value     Ov Type        Size  Object(Section)

    ../clib/microlib/division.c              0x00000000   Number         0  uidiv.o ABSOLUTE
    ../clib/microlib/division.c              0x00000000   Number         0  uldiv.o ABSOLUTE
    ../clib/microlib/init/entry.s            0x00000000   Number         0  entry5.o ABSOLUTE
    ../clib/microlib/init/entry.s            0x00000000   Number         0  entry2.o ABSOLUTE
    ../clib/microlib/init/entry.s            0x00000000   Number         0  entry11b.o ABSOLUTE
    ../clib/microlib/init/entry.s            0x00000000   Number         0  entry11a.o ABSOLUTE
    ../clib/microlib/init/entry.s            0x00000000   Number         0  entry10b.o ABSOLUTE
    ../clib/microlib/init/entry.s            0x00000000   Number         0  entry10a.o ABSOLUTE
    ../clib/microlib/init/entry.s            0x00000000   Number         0  entry.o ABSOLUTE
    ../clib/microlib/init/entry.s            0x00000000   Number         0  entry9a.o ABSOLUTE
    ../clib/microlib/init/entry.s            0x00000000   Number         0  entry7a.o ABSOLUTE
    ../clib/microlib/init/entry.s            0x00000000   Number         0  entry7b.o ABSOLUTE
    ../clib/microlib/init/entry.s            0x00000000   Number         0  entry9b.o ABSOLUTE
    ../clib/microlib/init/entry.s            0x00000000   Number         0  entry8a.o ABSOLUTE
    ../clib/microlib/init/entry.s            0x00000000   Number         0  entry8b.o ABSOLUTE
    ../clib/microlib/longlong.c              0x00000000   Number         0  llushr.o ABSOLUTE
    ../clib/microlib/longlong.c              0x00000000   Number         0  llshl.o ABSOLUTE
    ../clib/microlib/longlong.c              0x00000000   Number         0  llsshr.o ABSOLUTE
    ../clib/microlib/printf/printf.c         0x00000000   Number         0  printf5.o ABSOLUTE
    ../clib/microlib/printf/printf.c         0x00000000   Number         0  printf0.o ABSOLUTE
    ../clib/microlib/printf/printf.c         0x00000000   Number         0  printf8.o ABSOLUTE
    ../clib/microlib/printf/printf.c         0x00000000   Number         0  printf7.o ABSOLUTE
    ../clib/microlib/printf/printf.c         0x00000000   Number         0  printf6.o ABSOLUTE
    ../clib/microlib/printf/printf.c         0x00000000   Number         0  printf4.o ABSOLUTE
    ../clib/microlib/printf/printf.c         0x00000000   Number         0  printfa.o ABSOLUTE
    ../clib/microlib/printf/printf.c         0x00000000   Number         0  printf3.o ABSOLUTE
    ../clib/microlib/printf/printf.c         0x00000000   Number         0  printf2.o ABSOLUTE
    ../clib/microlib/printf/printf.c         0x00000000   Number         0  printfb.o ABSOLUTE
    ../clib/microlib/printf/printf.c         0x00000000   Number         0  printf1.o ABSOLUTE
    ../clib/microlib/printf/stubs.s          0x00000000   Number         0  stubs.o ABSOLUTE
    ../clib/microlib/string/strlen.c         0x00000000   Number         0  strlen.o ABSOLUTE
    ../clib/microlib/string/strstr.c         0x00000000   Number         0  strstr.o ABSOLUTE
    ../clib/microlib/stubs.s                 0x00000000   Number         0  iusefp.o ABSOLUTE
    ../clib/microlib/stubs.s                 0x00000000   Number         0  useno.o ABSOLUTE
    ../fplib/microlib/fpadd.c                0x00000000   Number         0  dadd.o ABSOLUTE
    ../fplib/microlib/fpdiv.c                0x00000000   Number         0  ddiv.o ABSOLUTE
    ../fplib/microlib/fpepilogue.c           0x00000000   Number         0  depilogue.o ABSOLUTE
    ../fplib/microlib/fpfix.c                0x00000000   Number         0  dfixul.o ABSOLUTE
    ../fplib/microlib/fpmul.c                0x00000000   Number         0  dmul.o ABSOLUTE
    ..\BSP\src\esp8266.c                     0x00000000   Number         0  esp8266.o ABSOLUTE
    ..\BSP\src\lcd.c                         0x00000000   Number         0  lcd.o ABSOLUTE
    ..\BSP\src\spi.c                         0x00000000   Number         0  spi.o ABSOLUTE
    ..\BSP\src\timer.c                       0x00000000   Number         0  timer.o ABSOLUTE
    ..\System\delay\delay.c                  0x00000000   Number         0  delay.o ABSOLUTE
    ..\System\sys\sys.c                      0x00000000   Number         0  sys.o ABSOLUTE
    ..\System\usart\usart.c                  0x00000000   Number         0  usart.o ABSOLUTE
    ..\UCOSIII\BSP\bsp.c                     0x00000000   Number         0  bsp.o ABSOLUTE
    ..\UCOSIII\CONFIG\os_app_hooks.c         0x00000000   Number         0  os_app_hooks.o ABSOLUTE
    ..\UCOSIII\uC-CPU\ARM-Cortex-M4\RealView\cpu_a.asm 0x00000000   Number         0  cpu_a.o ABSOLUTE
    ..\UCOSIII\uC-CPU\ARM-Cortex-M4\RealView\cpu_c.c 0x00000000   Number         0  cpu_c.o ABSOLUTE
    ..\UCOSIII\uC-CPU\cpu_core.c             0x00000000   Number         0  cpu_core.o ABSOLUTE
    ..\UCOSIII\uC-LIB\Ports\ARM-Cortex-M4\RealView\lib_mem_a.asm 0x00000000   Number         0  lib_mem_a.o ABSOLUTE
    ..\UCOSIII\uC-LIB\lib_ascii.c            0x00000000   Number         0  lib_ascii.o ABSOLUTE
    ..\UCOSIII\uC-LIB\lib_math.c             0x00000000   Number         0  lib_math.o ABSOLUTE
    ..\UCOSIII\uC-LIB\lib_mem.c              0x00000000   Number         0  lib_mem.o ABSOLUTE
    ..\UCOSIII\uC-LIB\lib_str.c              0x00000000   Number         0  lib_str.o ABSOLUTE
    ..\UCOSIII\uCOS-III\Ports\ARM-Cortex-M4\Generic\RealView\os_cpu_a.asm 0x00000000   Number         0  os_cpu_a.o ABSOLUTE
    ..\UCOSIII\uCOS-III\Ports\ARM-Cortex-M4\Generic\RealView\os_cpu_c.c 0x00000000   Number         0  os_cpu_c.o ABSOLUTE
    ..\UCOSIII\uCOS-III\Source\os_cfg_app.c  0x00000000   Number         0  os_cfg_app.o ABSOLUTE
    ..\UCOSIII\uCOS-III\Source\os_core.c     0x00000000   Number         0  os_core.o ABSOLUTE
    ..\UCOSIII\uCOS-III\Source\os_dbg.c      0x00000000   Number         0  os_dbg.o ABSOLUTE
    ..\UCOSIII\uCOS-III\Source\os_flag.c     0x00000000   Number         0  os_flag.o ABSOLUTE
    ..\UCOSIII\uCOS-III\Source\os_int.c      0x00000000   Number         0  os_int.o ABSOLUTE
    ..\UCOSIII\uCOS-III\Source\os_mem.c      0x00000000   Number         0  os_mem.o ABSOLUTE
    ..\UCOSIII\uCOS-III\Source\os_msg.c      0x00000000   Number         0  os_msg.o ABSOLUTE
    ..\UCOSIII\uCOS-III\Source\os_mutex.c    0x00000000   Number         0  os_mutex.o ABSOLUTE
    ..\UCOSIII\uCOS-III\Source\os_pend_multi.c 0x00000000   Number         0  os_pend_multi.o ABSOLUTE
    ..\UCOSIII\uCOS-III\Source\os_prio.c     0x00000000   Number         0  os_prio.o ABSOLUTE
    ..\UCOSIII\uCOS-III\Source\os_q.c        0x00000000   Number         0  os_q.o ABSOLUTE
    ..\UCOSIII\uCOS-III\Source\os_sem.c      0x00000000   Number         0  os_sem.o ABSOLUTE
    ..\UCOSIII\uCOS-III\Source\os_stat.c     0x00000000   Number         0  os_stat.o ABSOLUTE
    ..\UCOSIII\uCOS-III\Source\os_task.c     0x00000000   Number         0  os_task.o ABSOLUTE
    ..\UCOSIII\uCOS-III\Source\os_tick.c     0x00000000   Number         0  os_tick.o ABSOLUTE
    ..\UCOSIII\uCOS-III\Source\os_time.c     0x00000000   Number         0  os_time.o ABSOLUTE
    ..\UCOSIII\uCOS-III\Source\os_tmr.c      0x00000000   Number         0  os_tmr.o ABSOLUTE
    ..\UCOSIII\uCOS-III\Source\os_var.c      0x00000000   Number         0  os_var.o ABSOLUTE
    ..\User\main.c                           0x00000000   Number         0  main.o ABSOLUTE
    ..\User\stm32l4xx_it.c                   0x00000000   Number         0  stm32l4xx_it.o ABSOLUTE
    ..\\BSP\\src\\esp8266.c                  0x00000000   Number         0  esp8266.o ABSOLUTE
    ..\\BSP\\src\\lcd.c                      0x00000000   Number         0  lcd.o ABSOLUTE
    ..\\BSP\\src\\spi.c                      0x00000000   Number         0  spi.o ABSOLUTE
    ..\\BSP\\src\\timer.c                    0x00000000   Number         0  timer.o ABSOLUTE
    ..\\System\\delay\\delay.c               0x00000000   Number         0  delay.o ABSOLUTE
    ..\\System\\sys\\sys.c                   0x00000000   Number         0  sys.o ABSOLUTE
    ..\\System\\usart\\usart.c               0x00000000   Number         0  usart.o ABSOLUTE
    ..\\UCOSIII\\BSP\\bsp.c                  0x00000000   Number         0  bsp.o ABSOLUTE
    ..\\User\\main.c                         0x00000000   Number         0  main.o ABSOLUTE
    ..\\User\\stm32l4xx_it.c                 0x00000000   Number         0  stm32l4xx_it.o ABSOLUTE
    ..\\libraries\\Src\\stm32l4xx_hal.c      0x00000000   Number         0  stm32l4xx_hal.o ABSOLUTE
    ..\\libraries\\Src\\stm32l4xx_hal_cortex.c 0x00000000   Number         0  stm32l4xx_hal_cortex.o ABSOLUTE
    ..\\libraries\\Src\\stm32l4xx_hal_dma.c  0x00000000   Number         0  stm32l4xx_hal_dma.o ABSOLUTE
    ..\\libraries\\Src\\stm32l4xx_hal_dma2d.c 0x00000000   Number         0  stm32l4xx_hal_dma2d.o ABSOLUTE
    ..\\libraries\\Src\\stm32l4xx_hal_dma_ex.c 0x00000000   Number         0  stm32l4xx_hal_dma_ex.o ABSOLUTE
    ..\\libraries\\Src\\stm32l4xx_hal_exti.c 0x00000000   Number         0  stm32l4xx_hal_exti.o ABSOLUTE
    ..\\libraries\\Src\\stm32l4xx_hal_gpio.c 0x00000000   Number         0  stm32l4xx_hal_gpio.o ABSOLUTE
    ..\\libraries\\Src\\stm32l4xx_hal_i2c.c  0x00000000   Number         0  stm32l4xx_hal_i2c.o ABSOLUTE
    ..\\libraries\\Src\\stm32l4xx_hal_i2c_ex.c 0x00000000   Number         0  stm32l4xx_hal_i2c_ex.o ABSOLUTE
    ..\\libraries\\Src\\stm32l4xx_hal_pwr.c  0x00000000   Number         0  stm32l4xx_hal_pwr.o ABSOLUTE
    ..\\libraries\\Src\\stm32l4xx_hal_pwr_ex.c 0x00000000   Number         0  stm32l4xx_hal_pwr_ex.o ABSOLUTE
    ..\\libraries\\Src\\stm32l4xx_hal_rcc.c  0x00000000   Number         0  stm32l4xx_hal_rcc.o ABSOLUTE
    ..\\libraries\\Src\\stm32l4xx_hal_rcc_ex.c 0x00000000   Number         0  stm32l4xx_hal_rcc_ex.o ABSOLUTE
    ..\\libraries\\Src\\stm32l4xx_hal_rng.c  0x00000000   Number         0  stm32l4xx_hal_rng.o ABSOLUTE
    ..\\libraries\\Src\\stm32l4xx_hal_rtc.c  0x00000000   Number         0  stm32l4xx_hal_rtc.o ABSOLUTE
    ..\\libraries\\Src\\stm32l4xx_hal_rtc_ex.c 0x00000000   Number         0  stm32l4xx_hal_rtc_ex.o ABSOLUTE
    ..\\libraries\\Src\\stm32l4xx_hal_sai.c  0x00000000   Number         0  stm32l4xx_hal_sai.o ABSOLUTE
    ..\\libraries\\Src\\stm32l4xx_hal_sai_ex.c 0x00000000   Number         0  stm32l4xx_hal_sai_ex.o ABSOLUTE
    ..\\libraries\\Src\\stm32l4xx_hal_spi.c  0x00000000   Number         0  stm32l4xx_hal_spi.o ABSOLUTE
    ..\\libraries\\Src\\stm32l4xx_hal_spi_ex.c 0x00000000   Number         0  stm32l4xx_hal_spi_ex.o ABSOLUTE
    ..\\libraries\\Src\\stm32l4xx_hal_tim.c  0x00000000   Number         0  stm32l4xx_hal_tim.o ABSOLUTE
    ..\\libraries\\Src\\stm32l4xx_hal_tim_ex.c 0x00000000   Number         0  stm32l4xx_hal_tim_ex.o ABSOLUTE
    ..\\libraries\\Src\\stm32l4xx_hal_timebase_tim_template.c 0x00000000   Number         0  stm32l4xx_hal_timebase_tim_template.o ABSOLUTE
    ..\\libraries\\Src\\stm32l4xx_hal_uart.c 0x00000000   Number         0  stm32l4xx_hal_uart.o ABSOLUTE
    ..\\libraries\\Src\\stm32l4xx_hal_uart_ex.c 0x00000000   Number         0  stm32l4xx_hal_uart_ex.o ABSOLUTE
    ..\\libraries\\Src\\stm32l4xx_hal_usart.c 0x00000000   Number         0  stm32l4xx_hal_usart.o ABSOLUTE
    ..\\libraries\\Src\\stm32l4xx_hal_usart_ex.c 0x00000000   Number         0  stm32l4xx_hal_usart_ex.o ABSOLUTE
    ..\\libraries\\system_stm32l4xx.c        0x00000000   Number         0  system_stm32l4xx.o ABSOLUTE
    ..\libraries\Src\stm32l4xx_hal.c         0x00000000   Number         0  stm32l4xx_hal.o ABSOLUTE
    ..\libraries\Src\stm32l4xx_hal_cortex.c  0x00000000   Number         0  stm32l4xx_hal_cortex.o ABSOLUTE
    ..\libraries\Src\stm32l4xx_hal_dma.c     0x00000000   Number         0  stm32l4xx_hal_dma.o ABSOLUTE
    ..\libraries\Src\stm32l4xx_hal_dma2d.c   0x00000000   Number         0  stm32l4xx_hal_dma2d.o ABSOLUTE
    ..\libraries\Src\stm32l4xx_hal_dma_ex.c  0x00000000   Number         0  stm32l4xx_hal_dma_ex.o ABSOLUTE
    ..\libraries\Src\stm32l4xx_hal_exti.c    0x00000000   Number         0  stm32l4xx_hal_exti.o ABSOLUTE
    ..\libraries\Src\stm32l4xx_hal_gpio.c    0x00000000   Number         0  stm32l4xx_hal_gpio.o ABSOLUTE
    ..\libraries\Src\stm32l4xx_hal_i2c.c     0x00000000   Number         0  stm32l4xx_hal_i2c.o ABSOLUTE
    ..\libraries\Src\stm32l4xx_hal_i2c_ex.c  0x00000000   Number         0  stm32l4xx_hal_i2c_ex.o ABSOLUTE
    ..\libraries\Src\stm32l4xx_hal_pwr.c     0x00000000   Number         0  stm32l4xx_hal_pwr.o ABSOLUTE
    ..\libraries\Src\stm32l4xx_hal_pwr_ex.c  0x00000000   Number         0  stm32l4xx_hal_pwr_ex.o ABSOLUTE
    ..\libraries\Src\stm32l4xx_hal_rcc.c     0x00000000   Number         0  stm32l4xx_hal_rcc.o ABSOLUTE
    ..\libraries\Src\stm32l4xx_hal_rcc_ex.c  0x00000000   Number         0  stm32l4xx_hal_rcc_ex.o ABSOLUTE
    ..\libraries\Src\stm32l4xx_hal_rng.c     0x00000000   Number         0  stm32l4xx_hal_rng.o ABSOLUTE
    ..\libraries\Src\stm32l4xx_hal_rtc.c     0x00000000   Number         0  stm32l4xx_hal_rtc.o ABSOLUTE
    ..\libraries\Src\stm32l4xx_hal_rtc_ex.c  0x00000000   Number         0  stm32l4xx_hal_rtc_ex.o ABSOLUTE
    ..\libraries\Src\stm32l4xx_hal_sai.c     0x00000000   Number         0  stm32l4xx_hal_sai.o ABSOLUTE
    ..\libraries\Src\stm32l4xx_hal_sai_ex.c  0x00000000   Number         0  stm32l4xx_hal_sai_ex.o ABSOLUTE
    ..\libraries\Src\stm32l4xx_hal_spi.c     0x00000000   Number         0  stm32l4xx_hal_spi.o ABSOLUTE
    ..\libraries\Src\stm32l4xx_hal_spi_ex.c  0x00000000   Number         0  stm32l4xx_hal_spi_ex.o ABSOLUTE
    ..\libraries\Src\stm32l4xx_hal_tim.c     0x00000000   Number         0  stm32l4xx_hal_tim.o ABSOLUTE
    ..\libraries\Src\stm32l4xx_hal_tim_ex.c  0x00000000   Number         0  stm32l4xx_hal_tim_ex.o ABSOLUTE
    ..\libraries\Src\stm32l4xx_hal_timebase_tim_template.c 0x00000000   Number         0  stm32l4xx_hal_timebase_tim_template.o ABSOLUTE
    ..\libraries\Src\stm32l4xx_hal_uart.c    0x00000000   Number         0  stm32l4xx_hal_uart.o ABSOLUTE
    ..\libraries\Src\stm32l4xx_hal_uart_ex.c 0x00000000   Number         0  stm32l4xx_hal_uart_ex.o ABSOLUTE
    ..\libraries\Src\stm32l4xx_hal_usart.c   0x00000000   Number         0  stm32l4xx_hal_usart.o ABSOLUTE
    ..\libraries\Src\stm32l4xx_hal_usart_ex.c 0x00000000   Number         0  stm32l4xx_hal_usart_ex.o ABSOLUTE
    ..\libraries\startup_stm32l475xx.s       0x00000000   Number         0  startup_stm32l475xx.o ABSOLUTE
    ..\libraries\system_stm32l4xx.c          0x00000000   Number         0  system_stm32l4xx.o ABSOLUTE
    cdrcmple.s                               0x00000000   Number         0  cdrcmple.o ABSOLUTE
    dc.s                                     0x00000000   Number         0  dc.o ABSOLUTE
    handlers.s                               0x00000000   Number         0  handlers.o ABSOLUTE
    init.s                                   0x00000000   Number         0  init.o ABSOLUTE
    RESET                                    0x08000000   Section      392  startup_stm32l475xx.o(RESET)
    .ARM.Collect$$$$00000000                 0x08000188   Section        0  entry.o(.ARM.Collect$$$$00000000)
    .ARM.Collect$$$$00000001                 0x08000188   Section        4  entry2.o(.ARM.Collect$$$$00000001)
    .ARM.Collect$$$$00000004                 0x0800018c   Section        4  entry5.o(.ARM.Collect$$$$00000004)
    .ARM.Collect$$$$00000008                 0x08000190   Section        0  entry7b.o(.ARM.Collect$$$$00000008)
    .ARM.Collect$$$$0000000A                 0x08000190   Section        0  entry8b.o(.ARM.Collect$$$$0000000A)
    .ARM.Collect$$$$0000000B                 0x08000190   Section        8  entry9a.o(.ARM.Collect$$$$0000000B)
    .ARM.Collect$$$$0000000D                 0x08000198   Section        0  entry10a.o(.ARM.Collect$$$$0000000D)
    .ARM.Collect$$$$0000000F                 0x08000198   Section        0  entry11a.o(.ARM.Collect$$$$0000000F)
    .ARM.Collect$$$$00002712                 0x08000198   Section        4  entry2.o(.ARM.Collect$$$$00002712)
    __lit__00000000                          0x08000198   Data           4  entry2.o(.ARM.Collect$$$$00002712)
    .text                                    0x0800019c   Section       76  startup_stm32l475xx.o(.text)
    $v0                                      0x0800019c   Number         0  startup_stm32l475xx.o(.text)
    .text                                    0x080001e8   Section        0  uldiv.o(.text)
    .text                                    0x08000250   Section        0  strstr.o(.text)
    .text                                    0x08000274   Section        0  strlen.o(.text)
    .text                                    0x08000282   Section        0  uidiv.o(.text)
    .text                                    0x080002ae   Section        0  llshl.o(.text)
    .text                                    0x080002cc   Section        0  llushr.o(.text)
    .text                                    0x080002ec   Section        0  iusefp.o(.text)
    .text                                    0x080002ec   Section        0  dadd.o(.text)
    .text                                    0x0800044a   Section        0  dmul.o(.text)
    .text                                    0x08000534   Section        0  ddiv.o(.text)
    .text                                    0x08000612   Section        0  dfixul.o(.text)
    .text                                    0x08000644   Section       48  cdrcmple.o(.text)
    .text                                    0x08000674   Section       36  init.o(.text)
    .text                                    0x08000698   Section        0  llsshr.o(.text)
    .text                                    0x080006bc   Section        0  depilogue.o(.text)
    CODE                                     0x08000778   Section      196  os_cpu_a.o(CODE)
    $v0                                      0x08000778   Number         0  os_cpu_a.o(CODE)
    i.BusFault_Handler                       0x08000850   Section        0  stm32l4xx_it.o(i.BusFault_Handler)
    i.CPU_TS_TmrRd                           0x08000854   Section        0  bsp.o(i.CPU_TS_TmrRd)
    i.DebugMon_Handler                       0x08000860   Section        0  stm32l4xx_it.o(i.DebugMon_Handler)
    i.HAL_DMA_Abort_IT                       0x08000862   Section        0  stm32l4xx_hal_dma.o(i.HAL_DMA_Abort_IT)
    i.HAL_Delay                              0x080008be   Section        0  stm32l4xx_hal.o(i.HAL_Delay)
    i.HAL_GPIO_Init                          0x080008e0   Section        0  stm32l4xx_hal_gpio.o(i.HAL_GPIO_Init)
    i.HAL_GPIO_WritePin                      0x08000ae4   Section        0  stm32l4xx_hal_gpio.o(i.HAL_GPIO_WritePin)
    i.HAL_GetTick                            0x08000af0   Section        0  stm32l4xx_hal.o(i.HAL_GetTick)
    i.HAL_IncTick                            0x08000afc   Section        0  stm32l4xx_hal.o(i.HAL_IncTick)
    i.HAL_Init                               0x08000b0c   Section        0  stm32l4xx_hal.o(i.HAL_Init)
    i.HAL_InitTick                           0x08000b2c   Section        0  stm32l4xx_hal_timebase_tim_template.o(i.HAL_InitTick)
    i.HAL_MspInit                            0x08000bc0   Section        0  stm32l4xx_hal.o(i.HAL_MspInit)
    i.HAL_NVIC_EnableIRQ                     0x08000bc2   Section        0  stm32l4xx_hal_cortex.o(i.HAL_NVIC_EnableIRQ)
    i.HAL_NVIC_SetPriority                   0x08000bdc   Section        0  stm32l4xx_hal_cortex.o(i.HAL_NVIC_SetPriority)
    i.HAL_NVIC_SetPriorityGrouping           0x08000c60   Section        0  stm32l4xx_hal_cortex.o(i.HAL_NVIC_SetPriorityGrouping)
    i.HAL_PWREx_ControlVoltageScaling        0x08000c88   Section        0  stm32l4xx_hal_pwr_ex.o(i.HAL_PWREx_ControlVoltageScaling)
    i.HAL_PWREx_GetVoltageRange              0x08000d14   Section        0  stm32l4xx_hal_pwr_ex.o(i.HAL_PWREx_GetVoltageRange)
    i.HAL_RCC_ClockConfig                    0x08000d24   Section        0  stm32l4xx_hal_rcc.o(i.HAL_RCC_ClockConfig)
    i.HAL_RCC_GetClockConfig                 0x08000e9c   Section        0  stm32l4xx_hal_rcc.o(i.HAL_RCC_GetClockConfig)
    i.HAL_RCC_GetHCLKFreq                    0x08000ee0   Section        0  stm32l4xx_hal_rcc.o(i.HAL_RCC_GetHCLKFreq)
    i.HAL_RCC_GetPCLK1Freq                   0x08000eec   Section        0  stm32l4xx_hal_rcc.o(i.HAL_RCC_GetPCLK1Freq)
    i.HAL_RCC_GetPCLK2Freq                   0x08000f10   Section        0  stm32l4xx_hal_rcc.o(i.HAL_RCC_GetPCLK2Freq)
    i.HAL_RCC_GetSysClockFreq                0x08000f34   Section        0  stm32l4xx_hal_rcc.o(i.HAL_RCC_GetSysClockFreq)
    i.HAL_RCC_OscConfig                      0x08001050   Section        0  stm32l4xx_hal_rcc.o(i.HAL_RCC_OscConfig)
    i.HAL_SYSTICK_CLKSourceConfig            0x0800165c   Section        0  stm32l4xx_hal_cortex.o(i.HAL_SYSTICK_CLKSourceConfig)
    i.HAL_TIMEx_Break2Callback               0x08001684   Section        0  stm32l4xx_hal_tim_ex.o(i.HAL_TIMEx_Break2Callback)
    i.HAL_TIMEx_BreakCallback                0x08001686   Section        0  stm32l4xx_hal_tim_ex.o(i.HAL_TIMEx_BreakCallback)
    i.HAL_TIMEx_CommutationCallback          0x08001688   Section        0  stm32l4xx_hal_tim_ex.o(i.HAL_TIMEx_CommutationCallback)
    i.HAL_TIM_Base_Init                      0x0800168a   Section        0  stm32l4xx_hal_tim.o(i.HAL_TIM_Base_Init)
    i.HAL_TIM_Base_MspInit                   0x080016c0   Section        0  timer.o(i.HAL_TIM_Base_MspInit)
    i.HAL_TIM_Base_Start_IT                  0x08001704   Section        0  stm32l4xx_hal_tim.o(i.HAL_TIM_Base_Start_IT)
    i.HAL_TIM_IC_CaptureCallback             0x08001748   Section        0  stm32l4xx_hal_tim.o(i.HAL_TIM_IC_CaptureCallback)
    i.HAL_TIM_IRQHandler                     0x0800174a   Section        0  stm32l4xx_hal_tim.o(i.HAL_TIM_IRQHandler)
    i.HAL_TIM_OC_DelayElapsedCallback        0x08001902   Section        0  stm32l4xx_hal_tim.o(i.HAL_TIM_OC_DelayElapsedCallback)
    i.HAL_TIM_PWM_PulseFinishedCallback      0x08001904   Section        0  stm32l4xx_hal_tim.o(i.HAL_TIM_PWM_PulseFinishedCallback)
    i.HAL_TIM_PeriodElapsedCallback          0x08001906   Section        0  stm32l4xx_hal_timebase_tim_template.o(i.HAL_TIM_PeriodElapsedCallback)
    i.HAL_TIM_TriggerCallback                0x08001910   Section        0  stm32l4xx_hal_tim.o(i.HAL_TIM_TriggerCallback)
    i.HAL_UARTEx_WakeupCallback              0x08001912   Section        0  stm32l4xx_hal_uart_ex.o(i.HAL_UARTEx_WakeupCallback)
    i.HAL_UART_ErrorCallback                 0x08001914   Section        0  stm32l4xx_hal_uart.o(i.HAL_UART_ErrorCallback)
    i.HAL_UART_IRQHandler                    0x08001918   Section        0  stm32l4xx_hal_uart.o(i.HAL_UART_IRQHandler)
    i.HAL_UART_Init                          0x08001aa4   Section        0  stm32l4xx_hal_uart.o(i.HAL_UART_Init)
    i.HAL_UART_MspInit                       0x08001b1c   Section        0  usart.o(i.HAL_UART_MspInit)
    i.HAL_UART_Receive                       0x08001b9c   Section        0  stm32l4xx_hal_uart.o(i.HAL_UART_Receive)
    i.HAL_UART_TxCpltCallback                0x08001cb2   Section        0  stm32l4xx_hal_uart.o(i.HAL_UART_TxCpltCallback)
    i.HardFault_Handler                      0x08001cb4   Section        0  stm32l4xx_it.o(i.HardFault_Handler)
    i.LED_Init                               0x08001cb8   Section        0  main.o(i.LED_Init)
    i.MemManage_Handler                      0x08001d08   Section        0  stm32l4xx_it.o(i.MemManage_Handler)
    i.NMI_Handler                            0x08001d0c   Section        0  stm32l4xx_it.o(i.NMI_Handler)
    i.NVIC_GetPriorityGrouping               0x08001d10   Section        0  stm32l4xx_hal_cortex.o(i.NVIC_GetPriorityGrouping)
    NVIC_GetPriorityGrouping                 0x08001d11   Thumb Code    10  stm32l4xx_hal_cortex.o(i.NVIC_GetPriorityGrouping)
    i.NVIC_SetPriority                       0x08001d20   Section        0  stm32l4xx_hal_cortex.o(i.NVIC_SetPriority)
    NVIC_SetPriority                         0x08001d21   Thumb Code    32  stm32l4xx_hal_cortex.o(i.NVIC_SetPriority)
    i.OSTaskSwHook                           0x08001d48   Section        0  os_cpu_c.o(i.OSTaskSwHook)
    i.RCC_SetFlashLatencyFromMSIRange        0x08001e00   Section        0  stm32l4xx_hal_rcc.o(i.RCC_SetFlashLatencyFromMSIRange)
    RCC_SetFlashLatencyFromMSIRange          0x08001e01   Thumb Code   148  stm32l4xx_hal_rcc.o(i.RCC_SetFlashLatencyFromMSIRange)
    i.SVC_Handler                            0x08001e9c   Section        0  stm32l4xx_it.o(i.SVC_Handler)
    i.SystemClock_Config                     0x08001ea0   Section        0  sys.o(i.SystemClock_Config)
    i.SystemInit                             0x08001f2c   Section        0  system_stm32l4xx.o(i.SystemInit)
    i.TIM6_DAC_IRQHandler                    0x08001f7c   Section        0  stm32l4xx_hal_timebase_tim_template.o(i.TIM6_DAC_IRQHandler)
    i.TIM7_IRQHandler                        0x08001f8c   Section        0  timer.o(i.TIM7_IRQHandler)
    i.TIM_Base_SetConfig                     0x08001fd8   Section        0  stm32l4xx_hal_tim.o(i.TIM_Base_SetConfig)
    i.UART_AdvFeatureConfig                  0x080020a4   Section        0  stm32l4xx_hal_uart.o(i.UART_AdvFeatureConfig)
    i.UART_CheckIdleState                    0x0800219c   Section        0  stm32l4xx_hal_uart.o(i.UART_CheckIdleState)
    i.UART_DMAAbortOnError                   0x08002210   Section        0  stm32l4xx_hal_uart.o(i.UART_DMAAbortOnError)
    UART_DMAAbortOnError                     0x08002211   Thumb Code    24  stm32l4xx_hal_uart.o(i.UART_DMAAbortOnError)
    i.UART_EndRxTransfer                     0x08002228   Section        0  stm32l4xx_hal_uart.o(i.UART_EndRxTransfer)
    UART_EndRxTransfer                       0x08002229   Thumb Code    36  stm32l4xx_hal_uart.o(i.UART_EndRxTransfer)
    i.UART_EndTransmit_IT                    0x0800224c   Section        0  stm32l4xx_hal_uart.o(i.UART_EndTransmit_IT)
    UART_EndTransmit_IT                      0x0800224d   Thumb Code    34  stm32l4xx_hal_uart.o(i.UART_EndTransmit_IT)
    i.UART_SetConfig                         0x08002270   Section        0  stm32l4xx_hal_uart.o(i.UART_SetConfig)
    i.UART_WaitOnFlagUntilTimeout            0x08002702   Section        0  stm32l4xx_hal_uart.o(i.UART_WaitOnFlagUntilTimeout)
    i.USART1_IRQHandler                      0x08002770   Section        0  usart.o(i.USART1_IRQHandler)
    i.USART2_IRQHandler                      0x08002810   Section        0  esp8266.o(i.USART2_IRQHandler)
    i.UsageFault_Handler                     0x08002890   Section        0  stm32l4xx_it.o(i.UsageFault_Handler)
    i.__0printf                              0x08002894   Section        0  printfa.o(i.__0printf)
    i.__0vsprintf                            0x080028b4   Section        0  printfa.o(i.__0vsprintf)
    i.__scatterload_copy                     0x080028d8   Section       14  handlers.o(i.__scatterload_copy)
    i.__scatterload_null                     0x080028e6   Section        2  handlers.o(i.__scatterload_null)
    i.__scatterload_zeroinit                 0x080028e8   Section       14  handlers.o(i.__scatterload_zeroinit)
    i._fp_digits                             0x080028f8   Section        0  printfa.o(i._fp_digits)
    _fp_digits                               0x080028f9   Thumb Code   366  printfa.o(i._fp_digits)
    i._printf_core                           0x08002a84   Section        0  printfa.o(i._printf_core)
    _printf_core                             0x08002a85   Thumb Code  1744  printfa.o(i._printf_core)
    i._printf_post_padding                   0x08003166   Section        0  printfa.o(i._printf_post_padding)
    _printf_post_padding                     0x08003167   Thumb Code    36  printfa.o(i._printf_post_padding)
    i._printf_pre_padding                    0x0800318a   Section        0  printfa.o(i._printf_pre_padding)
    _printf_pre_padding                      0x0800318b   Thumb Code    46  printfa.o(i._printf_pre_padding)
    i._sputc                                 0x080031b8   Section        0  printfa.o(i._sputc)
    _sputc                                   0x080031b9   Thumb Code    10  printfa.o(i._sputc)
    i.atk_8266_check_cmd                     0x080031c4   Section        0  esp8266.o(i.atk_8266_check_cmd)
    i.atk_8266_send_cmd                      0x080031f8   Section        0  esp8266.o(i.atk_8266_send_cmd)
    i.delay_init                             0x0800328c   Section        0  delay.o(i.delay_init)
    i.delay_ms                               0x080032a0   Section        0  delay.o(i.delay_ms)
    i.esp_8266_test_client                   0x080032ac   Section        0  esp8266.o(i.esp_8266_test_client)
    i.fputc                                  0x08003350   Section        0  usart.o(i.fputc)
    i.init_TIM7                              0x0800336c   Section        0  timer.o(i.init_TIM7)
    i.init_uart2                             0x080033a4   Section        0  esp8266.o(i.init_uart2)
    i.main                                   0x08003488   Section        0  main.o(i.main)
    i.u2_printf                              0x080034b8   Section        0  esp8266.o(i.u2_printf)
    i.uart_init                              0x08003508   Section        0  usart.o(i.uart_init)
    .constdata                               0x08003554   Section       72  system_stm32l4xx.o(.constdata)
    .data                                    0x20000000   Section        4  system_stm32l4xx.o(.data)
    .data                                    0x20000004   Section        4  stm32l4xx_hal.o(.data)
    .data                                    0x20000008   Section        6  usart.o(.data)
    .data                                    0x20000010   Section        4  delay.o(.data)
    fac_us                                   0x20000010   Data           4  delay.o(.data)
    .data                                    0x20000014   Section        2  esp8266.o(.data)
    .data                                    0x20000018   Section      196  os_var.o(.data)
    .data                                    0x200000dc   Section        4  os_cpu_c.o(.data)
    .bss                                     0x200000e0   Section       64  stm32l4xx_hal_timebase_tim_template.o(.bss)
    .bss                                     0x20000120   Section      320  usart.o(.bss)
    .bss                                     0x20000260   Section     2168  esp8266.o(.bss)
    USART2_TX_BUF                            0x20000260   Data        1024  esp8266.o(.bss)
    .bss                                     0x20000ad8   Section       64  timer.o(.bss)
    STACK                                    0x20000b18   Section     1024  startup_stm32l475xx.o(STACK)

    Global Symbols

    Symbol Name                              Value     Ov Type        Size  Object(Section)

    BuildAttributes$$THM_ISAv4$E$P$D$K$B$S$7EM$VFPi3$EXTD16$VFPS$VFMA$PE$A:L22UL41UL21$X:L11$S22US41US21$IEEE1$IW$USESV6$~STKCKD$USESV7$~SHL$OSPACE$ROPI$EBA8$MICROLIB$REQ8$PRES8$EABIv2 0x00000000   Number         0  anon$$obj.o ABSOLUTE
    __ARM_use_no_argv                        0x00000000   Number         0  main.o ABSOLUTE
    __use_no_errno                           0x00000000   Number         0  useno.o ABSOLUTE
    __use_no_exception_handling              0x00000000   Number         0  useno.o ABSOLUTE
    __use_no_fp                              0x00000000   Number         0  useno.o ABSOLUTE
    __use_no_heap                            0x00000000   Number         0  useno.o ABSOLUTE
    __use_no_heap_region                     0x00000000   Number         0  useno.o ABSOLUTE
    __use_no_semihosting                     0x00000000   Number         0  useno.o ABSOLUTE
    __use_no_semihosting_swi                 0x00000000   Number         0  useno.o ABSOLUTE
    __use_no_signal_handling                 0x00000000   Number         0  useno.o ABSOLUTE
    _printf_a                                0x00000000   Number         0  stubs.o ABSOLUTE
    _printf_c                                0x00000000   Number         0  stubs.o ABSOLUTE
    _printf_charcount                        0x00000000   Number         0  stubs.o ABSOLUTE
    _printf_d                                0x00000000   Number         0  stubs.o ABSOLUTE
    _printf_e                                0x00000000   Number         0  stubs.o ABSOLUTE
    _printf_f                                0x00000000   Number         0  stubs.o ABSOLUTE
    _printf_flags                            0x00000000   Number         0  stubs.o ABSOLUTE
    _printf_fp_dec                           0x00000000   Number         0  stubs.o ABSOLUTE
    _printf_fp_hex                           0x00000000   Number         0  stubs.o ABSOLUTE
    _printf_g                                0x00000000   Number         0  stubs.o ABSOLUTE
    _printf_i                                0x00000000   Number         0  stubs.o ABSOLUTE
    _printf_int_dec                          0x00000000   Number         0  stubs.o ABSOLUTE
    _printf_l                                0x00000000   Number         0  stubs.o ABSOLUTE
    _printf_lc                               0x00000000   Number         0  stubs.o ABSOLUTE
    _printf_ll                               0x00000000   Number         0  stubs.o ABSOLUTE
    _printf_lld                              0x00000000   Number         0  stubs.o ABSOLUTE
    _printf_lli                              0x00000000   Number         0  stubs.o ABSOLUTE
    _printf_llo                              0x00000000   Number         0  stubs.o ABSOLUTE
    _printf_llu                              0x00000000   Number         0  stubs.o ABSOLUTE
    _printf_llx                              0x00000000   Number         0  stubs.o ABSOLUTE
    _printf_longlong_dec                     0x00000000   Number         0  stubs.o ABSOLUTE
    _printf_longlong_hex                     0x00000000   Number         0  stubs.o ABSOLUTE
    _printf_longlong_oct                     0x00000000   Number         0  stubs.o ABSOLUTE
    _printf_ls                               0x00000000   Number         0  stubs.o ABSOLUTE
    _printf_mbtowc                           0x00000000   Number         0  stubs.o ABSOLUTE
    _printf_n                                0x00000000   Number         0  stubs.o ABSOLUTE
    _printf_o                                0x00000000   Number         0  stubs.o ABSOLUTE
    _printf_p                                0x00000000   Number         0  stubs.o ABSOLUTE
    _printf_percent                          0x00000000   Number         0  stubs.o ABSOLUTE
    _printf_pre_padding                      0x00000000   Number         0  stubs.o ABSOLUTE
    _printf_return_value                     0x00000000   Number         0  stubs.o ABSOLUTE
    _printf_s                                0x00000000   Number         0  stubs.o ABSOLUTE
    _printf_sizespec                         0x00000000   Number         0  stubs.o ABSOLUTE
    _printf_str                              0x00000000   Number         0  stubs.o ABSOLUTE
    _printf_truncate_signed                  0x00000000   Number         0  stubs.o ABSOLUTE
    _printf_truncate_unsigned                0x00000000   Number         0  stubs.o ABSOLUTE
    _printf_u                                0x00000000   Number         0  stubs.o ABSOLUTE
    _printf_wc                               0x00000000   Number         0  stubs.o ABSOLUTE
    _printf_wctomb                           0x00000000   Number         0  stubs.o ABSOLUTE
    _printf_widthprec                        0x00000000   Number         0  stubs.o ABSOLUTE
    _printf_x                                0x00000000   Number         0  stubs.o ABSOLUTE
    __cpp_initialize__aeabi_                  - Undefined Weak Reference
    __cxa_finalize                            - Undefined Weak Reference
    __decompress                              - Undefined Weak Reference
    _clock_init                               - Undefined Weak Reference
    _microlib_exit                            - Undefined Weak Reference
    __Vectors_Size                           0x00000188   Number         0  startup_stm32l475xx.o ABSOLUTE
    __Vectors                                0x08000000   Data           4  startup_stm32l475xx.o(RESET)
    __Vectors_End                            0x08000188   Data           0  startup_stm32l475xx.o(RESET)
    __main                                   0x08000189   Thumb Code     0  entry.o(.ARM.Collect$$$$00000000)
    _main_stk                                0x08000189   Thumb Code     0  entry2.o(.ARM.Collect$$$$00000001)
    _main_scatterload                        0x0800018d   Thumb Code     0  entry5.o(.ARM.Collect$$$$00000004)
    __main_after_scatterload                 0x08000191   Thumb Code     0  entry5.o(.ARM.Collect$$$$00000004)
    _main_clock                              0x08000191   Thumb Code     0  entry7b.o(.ARM.Collect$$$$00000008)
    _main_cpp_init                           0x08000191   Thumb Code     0  entry8b.o(.ARM.Collect$$$$0000000A)
    _main_init                               0x08000191   Thumb Code     0  entry9a.o(.ARM.Collect$$$$0000000B)
    __rt_final_cpp                           0x08000199   Thumb Code     0  entry10a.o(.ARM.Collect$$$$0000000D)
    __rt_final_exit                          0x08000199   Thumb Code     0  entry11a.o(.ARM.Collect$$$$0000000F)
    Reset_Handler                            0x0800019d   Thumb Code    40  startup_stm32l475xx.o(.text)
    OS_CPU_SysTick_Handler                   0x080001d5   Thumb Code     2  startup_stm32l475xx.o(.text)
    ADC1_2_IRQHandler                        0x080001d7   Thumb Code     0  startup_stm32l475xx.o(.text)
    ADC3_IRQHandler                          0x080001d7   Thumb Code     0  startup_stm32l475xx.o(.text)
    CAN1_RX0_IRQHandler                      0x080001d7   Thumb Code     0  startup_stm32l475xx.o(.text)
    CAN1_RX1_IRQHandler                      0x080001d7   Thumb Code     0  startup_stm32l475xx.o(.text)
    CAN1_SCE_IRQHandler                      0x080001d7   Thumb Code     0  startup_stm32l475xx.o(.text)
    CAN1_TX_IRQHandler                       0x080001d7   Thumb Code     0  startup_stm32l475xx.o(.text)
    COMP_IRQHandler                          0x080001d7   Thumb Code     0  startup_stm32l475xx.o(.text)
    DFSDM1_FLT0_IRQHandler                   0x080001d7   Thumb Code     0  startup_stm32l475xx.o(.text)
    DFSDM1_FLT1_IRQHandler                   0x080001d7   Thumb Code     0  startup_stm32l475xx.o(.text)
    DFSDM1_FLT2_IRQHandler                   0x080001d7   Thumb Code     0  startup_stm32l475xx.o(.text)
    DFSDM1_FLT3_IRQHandler                   0x080001d7   Thumb Code     0  startup_stm32l475xx.o(.text)
    DMA1_Channel1_IRQHandler                 0x080001d7   Thumb Code     0  startup_stm32l475xx.o(.text)
    DMA1_Channel2_IRQHandler                 0x080001d7   Thumb Code     0  startup_stm32l475xx.o(.text)
    DMA1_Channel3_IRQHandler                 0x080001d7   Thumb Code     0  startup_stm32l475xx.o(.text)
    DMA1_Channel4_IRQHandler                 0x080001d7   Thumb Code     0  startup_stm32l475xx.o(.text)
    DMA1_Channel5_IRQHandler                 0x080001d7   Thumb Code     0  startup_stm32l475xx.o(.text)
    DMA1_Channel6_IRQHandler                 0x080001d7   Thumb Code     0  startup_stm32l475xx.o(.text)
    DMA1_Channel7_IRQHandler                 0x080001d7   Thumb Code     0  startup_stm32l475xx.o(.text)
    DMA2_Channel1_IRQHandler                 0x080001d7   Thumb Code     0  startup_stm32l475xx.o(.text)
    DMA2_Channel2_IRQHandler                 0x080001d7   Thumb Code     0  startup_stm32l475xx.o(.text)
    DMA2_Channel3_IRQHandler                 0x080001d7   Thumb Code     0  startup_stm32l475xx.o(.text)
    DMA2_Channel4_IRQHandler                 0x080001d7   Thumb Code     0  startup_stm32l475xx.o(.text)
    DMA2_Channel5_IRQHandler                 0x080001d7   Thumb Code     0  startup_stm32l475xx.o(.text)
    DMA2_Channel6_IRQHandler                 0x080001d7   Thumb Code     0  startup_stm32l475xx.o(.text)
    DMA2_Channel7_IRQHandler                 0x080001d7   Thumb Code     0  startup_stm32l475xx.o(.text)
    EXTI0_IRQHandler                         0x080001d7   Thumb Code     0  startup_stm32l475xx.o(.text)
    EXTI15_10_IRQHandler                     0x080001d7   Thumb Code     0  startup_stm32l475xx.o(.text)
    EXTI1_IRQHandler                         0x080001d7   Thumb Code     0  startup_stm32l475xx.o(.text)
    EXTI2_IRQHandler                         0x080001d7   Thumb Code     0  startup_stm32l475xx.o(.text)
    EXTI3_IRQHandler                         0x080001d7   Thumb Code     0  startup_stm32l475xx.o(.text)
    EXTI4_IRQHandler                         0x080001d7   Thumb Code     0  startup_stm32l475xx.o(.text)
    EXTI9_5_IRQHandler                       0x080001d7   Thumb Code     0  startup_stm32l475xx.o(.text)
    FLASH_IRQHandler                         0x080001d7   Thumb Code     0  startup_stm32l475xx.o(.text)
    FMC_IRQHandler                           0x080001d7   Thumb Code     0  startup_stm32l475xx.o(.text)
    FPU_IRQHandler                           0x080001d7   Thumb Code     0  startup_stm32l475xx.o(.text)
    I2C1_ER_IRQHandler                       0x080001d7   Thumb Code     0  startup_stm32l475xx.o(.text)
    I2C1_EV_IRQHandler                       0x080001d7   Thumb Code     0  startup_stm32l475xx.o(.text)
    I2C2_ER_IRQHandler                       0x080001d7   Thumb Code     0  startup_stm32l475xx.o(.text)
    I2C2_EV_IRQHandler                       0x080001d7   Thumb Code     0  startup_stm32l475xx.o(.text)
    I2C3_ER_IRQHandler                       0x080001d7   Thumb Code     0  startup_stm32l475xx.o(.text)
    I2C3_EV_IRQHandler                       0x080001d7   Thumb Code     0  startup_stm32l475xx.o(.text)
    LPTIM1_IRQHandler                        0x080001d7   Thumb Code     0  startup_stm32l475xx.o(.text)
    LPTIM2_IRQHandler                        0x080001d7   Thumb Code     0  startup_stm32l475xx.o(.text)
    LPUART1_IRQHandler                       0x080001d7   Thumb Code     0  startup_stm32l475xx.o(.text)
    OTG_FS_IRQHandler                        0x080001d7   Thumb Code     0  startup_stm32l475xx.o(.text)
    PVD_PVM_IRQHandler                       0x080001d7   Thumb Code     0  startup_stm32l475xx.o(.text)
    QUADSPI_IRQHandler                       0x080001d7   Thumb Code     0  startup_stm32l475xx.o(.text)
    RCC_IRQHandler                           0x080001d7   Thumb Code     0  startup_stm32l475xx.o(.text)
    RNG_IRQHandler                           0x080001d7   Thumb Code     0  startup_stm32l475xx.o(.text)
    RTC_Alarm_IRQHandler                     0x080001d7   Thumb Code     0  startup_stm32l475xx.o(.text)
    RTC_WKUP_IRQHandler                      0x080001d7   Thumb Code     0  startup_stm32l475xx.o(.text)
    SAI1_IRQHandler                          0x080001d7   Thumb Code     0  startup_stm32l475xx.o(.text)
    SAI2_IRQHandler                          0x080001d7   Thumb Code     0  startup_stm32l475xx.o(.text)
    SDMMC1_IRQHandler                        0x080001d7   Thumb Code     0  startup_stm32l475xx.o(.text)
    SPI1_IRQHandler                          0x080001d7   Thumb Code     0  startup_stm32l475xx.o(.text)
    SPI2_IRQHandler                          0x080001d7   Thumb Code     0  startup_stm32l475xx.o(.text)
    SPI3_IRQHandler                          0x080001d7   Thumb Code     0  startup_stm32l475xx.o(.text)
    SWPMI1_IRQHandler                        0x080001d7   Thumb Code     0  startup_stm32l475xx.o(.text)
    TAMP_STAMP_IRQHandler                    0x080001d7   Thumb Code     0  startup_stm32l475xx.o(.text)
    TIM1_BRK_TIM15_IRQHandler                0x080001d7   Thumb Code     0  startup_stm32l475xx.o(.text)
    TIM1_CC_IRQHandler                       0x080001d7   Thumb Code     0  startup_stm32l475xx.o(.text)
    TIM1_TRG_COM_TIM17_IRQHandler            0x080001d7   Thumb Code     0  startup_stm32l475xx.o(.text)
    TIM1_UP_TIM16_IRQHandler                 0x080001d7   Thumb Code     0  startup_stm32l475xx.o(.text)
    TIM2_IRQHandler                          0x080001d7   Thumb Code     0  startup_stm32l475xx.o(.text)
    TIM3_IRQHandler                          0x080001d7   Thumb Code     0  startup_stm32l475xx.o(.text)
    TIM4_IRQHandler                          0x080001d7   Thumb Code     0  startup_stm32l475xx.o(.text)
    TIM5_IRQHandler                          0x080001d7   Thumb Code     0  startup_stm32l475xx.o(.text)
    TIM8_BRK_IRQHandler                      0x080001d7   Thumb Code     0  startup_stm32l475xx.o(.text)
    TIM8_CC_IRQHandler                       0x080001d7   Thumb Code     0  startup_stm32l475xx.o(.text)
    TIM8_TRG_COM_IRQHandler                  0x080001d7   Thumb Code     0  startup_stm32l475xx.o(.text)
    TIM8_UP_IRQHandler                       0x080001d7   Thumb Code     0  startup_stm32l475xx.o(.text)
    TSC_IRQHandler                           0x080001d7   Thumb Code     0  startup_stm32l475xx.o(.text)
    UART4_IRQHandler                         0x080001d7   Thumb Code     0  startup_stm32l475xx.o(.text)
    UART5_IRQHandler                         0x080001d7   Thumb Code     0  startup_stm32l475xx.o(.text)
    USART3_IRQHandler                        0x080001d7   Thumb Code     0  startup_stm32l475xx.o(.text)
    WWDG_IRQHandler                          0x080001d7   Thumb Code     0  startup_stm32l475xx.o(.text)
    __aeabi_uldivmod                         0x080001e9   Thumb Code    98  uldiv.o(.text)
    strstr                                   0x08000251   Thumb Code    36  strstr.o(.text)
    strlen                                   0x08000275   Thumb Code    14  strlen.o(.text)
    __aeabi_uidiv                            0x08000283   Thumb Code     0  uidiv.o(.text)
    __aeabi_uidivmod                         0x08000283   Thumb Code    44  uidiv.o(.text)
    __aeabi_llsl                             0x080002af   Thumb Code    30  llshl.o(.text)
    _ll_shift_l                              0x080002af   Thumb Code     0  llshl.o(.text)
    __aeabi_llsr                             0x080002cd   Thumb Code    32  llushr.o(.text)
    _ll_ushift_r                             0x080002cd   Thumb Code     0  llushr.o(.text)
    __I$use$fp                               0x080002ed   Thumb Code     0  iusefp.o(.text)
    __aeabi_dadd                             0x080002ed   Thumb Code   322  dadd.o(.text)
    __aeabi_dsub                             0x0800042f   Thumb Code     6  dadd.o(.text)
    __aeabi_drsub                            0x08000435   Thumb Code     6  dadd.o(.text)
    __aeabi_dmul                             0x0800044b   Thumb Code   228  dmul.o(.text)
    __aeabi_ddiv                             0x08000535   Thumb Code   222  ddiv.o(.text)
    __aeabi_d2ulz                            0x08000613   Thumb Code    48  dfixul.o(.text)
    __aeabi_cdrcmple                         0x08000645   Thumb Code    48  cdrcmple.o(.text)
    __scatterload                            0x08000675   Thumb Code    28  init.o(.text)
    __scatterload_rt2                        0x08000675   Thumb Code     0  init.o(.text)
    __aeabi_lasr                             0x08000699   Thumb Code    36  llsshr.o(.text)
    _ll_sshift_r                             0x08000699   Thumb Code     0  llsshr.o(.text)
    _double_round                            0x080006bd   Thumb Code    30  depilogue.o(.text)
    _double_epilogue                         0x080006db   Thumb Code   156  depilogue.o(.text)
    OS_CPU_FP_Reg_Push                       0x08000779   Thumb Code     0  os_cpu_a.o(CODE)
    OS_CPU_FP_Reg_Pop                        0x08000793   Thumb Code     0  os_cpu_a.o(CODE)
    OSStartHighRdy                           0x080007a5   Thumb Code     0  os_cpu_a.o(CODE)
    OSCtxSw                                  0x080007c7   Thumb Code     0  os_cpu_a.o(CODE)
    OSIntCtxSw                               0x080007d1   Thumb Code     0  os_cpu_a.o(CODE)
    OS_CPU_PendSVHandler                     0x080007db   Thumb Code     0  os_cpu_a.o(CODE)
    BusFault_Handler                         0x08000851   Thumb Code     4  stm32l4xx_it.o(i.BusFault_Handler)
    CPU_TS_TmrRd                             0x08000855   Thumb Code     6  bsp.o(i.CPU_TS_TmrRd)
    DebugMon_Handler                         0x08000861   Thumb Code     2  stm32l4xx_it.o(i.DebugMon_Handler)
    HAL_DMA_Abort_IT                         0x08000863   Thumb Code    92  stm32l4xx_hal_dma.o(i.HAL_DMA_Abort_IT)
    HAL_Delay                                0x080008bf   Thumb Code    32  stm32l4xx_hal.o(i.HAL_Delay)
    HAL_GPIO_Init                            0x080008e1   Thumb Code   480  stm32l4xx_hal_gpio.o(i.HAL_GPIO_Init)
    HAL_GPIO_WritePin                        0x08000ae5   Thumb Code    10  stm32l4xx_hal_gpio.o(i.HAL_GPIO_WritePin)
    HAL_GetTick                              0x08000af1   Thumb Code     6  stm32l4xx_hal.o(i.HAL_GetTick)
    HAL_IncTick                              0x08000afd   Thumb Code    12  stm32l4xx_hal.o(i.HAL_IncTick)
    HAL_Init                                 0x08000b0d   Thumb Code    30  stm32l4xx_hal.o(i.HAL_Init)
    HAL_InitTick                             0x08000b2d   Thumb Code   132  stm32l4xx_hal_timebase_tim_template.o(i.HAL_InitTick)
    HAL_MspInit                              0x08000bc1   Thumb Code     2  stm32l4xx_hal.o(i.HAL_MspInit)
    HAL_NVIC_EnableIRQ                       0x08000bc3   Thumb Code    26  stm32l4xx_hal_cortex.o(i.HAL_NVIC_EnableIRQ)
    HAL_NVIC_SetPriority                     0x08000bdd   Thumb Code   124  stm32l4xx_hal_cortex.o(i.HAL_NVIC_SetPriority)
    HAL_NVIC_SetPriorityGrouping             0x08000c61   Thumb Code    32  stm32l4xx_hal_cortex.o(i.HAL_NVIC_SetPriorityGrouping)
    HAL_PWREx_ControlVoltageScaling          0x08000c89   Thumb Code   128  stm32l4xx_hal_pwr_ex.o(i.HAL_PWREx_ControlVoltageScaling)
    HAL_PWREx_GetVoltageRange                0x08000d15   Thumb Code    10  stm32l4xx_hal_pwr_ex.o(i.HAL_PWREx_GetVoltageRange)
    HAL_RCC_ClockConfig                      0x08000d25   Thumb Code   358  stm32l4xx_hal_rcc.o(i.HAL_RCC_ClockConfig)
    HAL_RCC_GetClockConfig                   0x08000e9d   Thumb Code    58  stm32l4xx_hal_rcc.o(i.HAL_RCC_GetClockConfig)
    HAL_RCC_GetHCLKFreq                      0x08000ee1   Thumb Code     6  stm32l4xx_hal_rcc.o(i.HAL_RCC_GetHCLKFreq)
    HAL_RCC_GetPCLK1Freq                     0x08000eed   Thumb Code    26  stm32l4xx_hal_rcc.o(i.HAL_RCC_GetPCLK1Freq)
    HAL_RCC_GetPCLK2Freq                     0x08000f11   Thumb Code    26  stm32l4xx_hal_rcc.o(i.HAL_RCC_GetPCLK2Freq)
    HAL_RCC_GetSysClockFreq                  0x08000f35   Thumb Code   266  stm32l4xx_hal_rcc.o(i.HAL_RCC_GetSysClockFreq)
    HAL_RCC_OscConfig                        0x08001051   Thumb Code  1536  stm32l4xx_hal_rcc.o(i.HAL_RCC_OscConfig)
    HAL_SYSTICK_CLKSourceConfig              0x0800165d   Thumb Code    40  stm32l4xx_hal_cortex.o(i.HAL_SYSTICK_CLKSourceConfig)
    HAL_TIMEx_Break2Callback                 0x08001685   Thumb Code     2  stm32l4xx_hal_tim_ex.o(i.HAL_TIMEx_Break2Callback)
    HAL_TIMEx_BreakCallback                  0x08001687   Thumb Code     2  stm32l4xx_hal_tim_ex.o(i.HAL_TIMEx_BreakCallback)
    HAL_TIMEx_CommutationCallback            0x08001689   Thumb Code     2  stm32l4xx_hal_tim_ex.o(i.HAL_TIMEx_CommutationCallback)
    HAL_TIM_Base_Init                        0x0800168b   Thumb Code    52  stm32l4xx_hal_tim.o(i.HAL_TIM_Base_Init)
    HAL_TIM_Base_MspInit                     0x080016c1   Thumb Code    58  timer.o(i.HAL_TIM_Base_MspInit)
    HAL_TIM_Base_Start_IT                    0x08001705   Thumb Code    62  stm32l4xx_hal_tim.o(i.HAL_TIM_Base_Start_IT)
    HAL_TIM_IC_CaptureCallback               0x08001749   Thumb Code     2  stm32l4xx_hal_tim.o(i.HAL_TIM_IC_CaptureCallback)
    HAL_TIM_IRQHandler                       0x0800174b   Thumb Code   440  stm32l4xx_hal_tim.o(i.HAL_TIM_IRQHandler)
    HAL_TIM_OC_DelayElapsedCallback          0x08001903   Thumb Code     2  stm32l4xx_hal_tim.o(i.HAL_TIM_OC_DelayElapsedCallback)
    HAL_TIM_PWM_PulseFinishedCallback        0x08001905   Thumb Code     2  stm32l4xx_hal_tim.o(i.HAL_TIM_PWM_PulseFinishedCallback)
    HAL_TIM_PeriodElapsedCallback            0x08001907   Thumb Code    10  stm32l4xx_hal_timebase_tim_template.o(i.HAL_TIM_PeriodElapsedCallback)
    HAL_TIM_TriggerCallback                  0x08001911   Thumb Code     2  stm32l4xx_hal_tim.o(i.HAL_TIM_TriggerCallback)
    HAL_UARTEx_WakeupCallback                0x08001913   Thumb Code     2  stm32l4xx_hal_uart_ex.o(i.HAL_UARTEx_WakeupCallback)
    HAL_UART_ErrorCallback                   0x08001915   Thumb Code     2  stm32l4xx_hal_uart.o(i.HAL_UART_ErrorCallback)
    HAL_UART_IRQHandler                      0x08001919   Thumb Code   392  stm32l4xx_hal_uart.o(i.HAL_UART_IRQHandler)
    HAL_UART_Init                            0x08001aa5   Thumb Code   120  stm32l4xx_hal_uart.o(i.HAL_UART_Init)
    HAL_UART_MspInit                         0x08001b1d   Thumb Code   118  usart.o(i.HAL_UART_MspInit)
    HAL_UART_Receive                         0x08001b9d   Thumb Code   272  stm32l4xx_hal_uart.o(i.HAL_UART_Receive)
    HAL_UART_TxCpltCallback                  0x08001cb3   Thumb Code     2  stm32l4xx_hal_uart.o(i.HAL_UART_TxCpltCallback)
    HardFault_Handler                        0x08001cb5   Thumb Code     4  stm32l4xx_it.o(i.HardFault_Handler)
    LED_Init                                 0x08001cb9   Thumb Code    70  main.o(i.LED_Init)
    MemManage_Handler                        0x08001d09   Thumb Code     4  stm32l4xx_it.o(i.MemManage_Handler)
    NMI_Handler                              0x08001d0d   Thumb Code     2  stm32l4xx_it.o(i.NMI_Handler)
    OSTaskSwHook                             0x08001d49   Thumb Code   168  os_cpu_c.o(i.OSTaskSwHook)
    SVC_Handler                              0x08001e9d   Thumb Code     2  stm32l4xx_it.o(i.SVC_Handler)
    SystemClock_Config                       0x08001ea1   Thumb Code   134  sys.o(i.SystemClock_Config)
    SystemInit                               0x08001f2d   Thumb Code    68  system_stm32l4xx.o(i.SystemInit)
    TIM6_DAC_IRQHandler                      0x08001f7d   Thumb Code    10  stm32l4xx_hal_timebase_tim_template.o(i.TIM6_DAC_IRQHandler)
    TIM7_IRQHandler                          0x08001f8d   Thumb Code    44  timer.o(i.TIM7_IRQHandler)
    TIM_Base_SetConfig                       0x08001fd9   Thumb Code   170  stm32l4xx_hal_tim.o(i.TIM_Base_SetConfig)
    UART_AdvFeatureConfig                    0x080020a5   Thumb Code   248  stm32l4xx_hal_uart.o(i.UART_AdvFeatureConfig)
    UART_CheckIdleState                      0x0800219d   Thumb Code   116  stm32l4xx_hal_uart.o(i.UART_CheckIdleState)
    UART_SetConfig                           0x08002271   Thumb Code  1158  stm32l4xx_hal_uart.o(i.UART_SetConfig)
    UART_WaitOnFlagUntilTimeout              0x08002703   Thumb Code   108  stm32l4xx_hal_uart.o(i.UART_WaitOnFlagUntilTimeout)
    USART1_IRQHandler                        0x08002771   Thumb Code   146  usart.o(i.USART1_IRQHandler)
    USART2_IRQHandler                        0x08002811   Thumb Code   108  esp8266.o(i.USART2_IRQHandler)
    UsageFault_Handler                       0x08002891   Thumb Code     4  stm32l4xx_it.o(i.UsageFault_Handler)
    __0printf                                0x08002895   Thumb Code    22  printfa.o(i.__0printf)
    __1printf                                0x08002895   Thumb Code     0  printfa.o(i.__0printf)
    __2printf                                0x08002895   Thumb Code     0  printfa.o(i.__0printf)
    __c89printf                              0x08002895   Thumb Code     0  printfa.o(i.__0printf)
    printf                                   0x08002895   Thumb Code     0  printfa.o(i.__0printf)
    __0vsprintf                              0x080028b5   Thumb Code    30  printfa.o(i.__0vsprintf)
    __1vsprintf                              0x080028b5   Thumb Code     0  printfa.o(i.__0vsprintf)
    __2vsprintf                              0x080028b5   Thumb Code     0  printfa.o(i.__0vsprintf)
    __c89vsprintf                            0x080028b5   Thumb Code     0  printfa.o(i.__0vsprintf)
    vsprintf                                 0x080028b5   Thumb Code     0  printfa.o(i.__0vsprintf)
    __scatterload_copy                       0x080028d9   Thumb Code    14  handlers.o(i.__scatterload_copy)
    __scatterload_null                       0x080028e7   Thumb Code     2  handlers.o(i.__scatterload_null)
    __scatterload_zeroinit                   0x080028e9   Thumb Code    14  handlers.o(i.__scatterload_zeroinit)
    atk_8266_check_cmd                       0x080031c5   Thumb Code    44  esp8266.o(i.atk_8266_check_cmd)
    atk_8266_send_cmd                        0x080031f9   Thumb Code    98  esp8266.o(i.atk_8266_send_cmd)
    delay_init                               0x0800328d   Thumb Code    16  delay.o(i.delay_init)
    delay_ms                                 0x080032a1   Thumb Code    12  delay.o(i.delay_ms)
    esp_8266_test_client                     0x080032ad   Thumb Code    84  esp8266.o(i.esp_8266_test_client)
    fputc                                    0x08003351   Thumb Code    24  usart.o(i.fputc)
    init_TIM7                                0x0800336d   Thumb Code    46  timer.o(i.init_TIM7)
    init_uart2                               0x080033a5   Thumb Code   208  esp8266.o(i.init_uart2)
    main                                     0x08003489   Thumb Code    46  main.o(i.main)
    u2_printf                                0x080034b9   Thumb Code    72  esp8266.o(i.u2_printf)
    uart_init                                0x08003509   Thumb Code    66  usart.o(i.uart_init)
    AHBPrescTable                            0x08003554   Data          16  system_stm32l4xx.o(.constdata)
    APBPrescTable                            0x08003564   Data           8  system_stm32l4xx.o(.constdata)
    MSIRangeTable                            0x0800356c   Data          48  system_stm32l4xx.o(.constdata)
    Region$$Table$$Base                      0x0800359c   Number         0  anon$$obj.o(Region$$Table)
    Region$$Table$$Limit                     0x080035bc   Number         0  anon$$obj.o(Region$$Table)
    SystemCoreClock                          0x20000000   Data           4  system_stm32l4xx.o(.data)
    uwTick                                   0x20000004   Data           4  stm32l4xx_hal.o(.data)
    __stdout                                 0x20000008   Data           4  usart.o(.data)
    USART_RX_STA                             0x2000000c   Data           2  usart.o(.data)
    USART2_RX_STA                            0x20000014   Data           2  esp8266.o(.data)
    OS_AppTaskCreateHookPtr                  0x20000018   Data           4  os_var.o(.data)
    OS_AppTaskDelHookPtr                     0x2000001c   Data           4  os_var.o(.data)
    OS_AppTaskReturnHookPtr                  0x20000020   Data           4  os_var.o(.data)
    OS_AppIdleTaskHookPtr                    0x20000024   Data           4  os_var.o(.data)
    OS_AppStatTaskHookPtr                    0x20000028   Data           4  os_var.o(.data)
    OS_AppTaskSwHookPtr                      0x2000002c   Data           4  os_var.o(.data)
    OS_AppTimeTickHookPtr                    0x20000030   Data           4  os_var.o(.data)
    OSIdleTaskCtr                            0x20000034   Data           4  os_var.o(.data)
    OSIntNestingCtr                          0x20000038   Data           1  os_var.o(.data)
    OSRunning                                0x20000039   Data           1  os_var.o(.data)
    OSFlagDbgListPtr                         0x2000003c   Data           4  os_var.o(.data)
    OSFlagQty                                0x20000040   Data           2  os_var.o(.data)
    OSMemDbgListPtr                          0x20000044   Data           4  os_var.o(.data)
    OSMemQty                                 0x20000048   Data           2  os_var.o(.data)
    OSMutexDbgListPtr                        0x2000004c   Data           4  os_var.o(.data)
    OSMutexQty                               0x20000050   Data           2  os_var.o(.data)
    OSPrioCur                                0x20000052   Data           1  os_var.o(.data)
    OSPrioHighRdy                            0x20000053   Data           1  os_var.o(.data)
    OSPrioSaved                              0x20000054   Data           1  os_var.o(.data)
    OSQDbgListPtr                            0x20000058   Data           4  os_var.o(.data)
    OSQQty                                   0x2000005c   Data           2  os_var.o(.data)
    OSSchedLockTimeBegin                     0x20000060   Data           4  os_var.o(.data)
    OSSchedLockTimeMax                       0x20000064   Data           4  os_var.o(.data)
    OSSchedLockTimeMaxCur                    0x20000068   Data           4  os_var.o(.data)
    OSSchedLockNestingCtr                    0x2000006c   Data           1  os_var.o(.data)
    OSSemDbgListPtr                          0x20000070   Data           4  os_var.o(.data)
    OSSemQty                                 0x20000074   Data           2  os_var.o(.data)
    OSStatResetFlag                          0x20000076   Data           1  os_var.o(.data)
    OSStatTaskCPUUsage                       0x20000078   Data           2  os_var.o(.data)
    OSStatTaskCPUUsageMax                    0x2000007a   Data           2  os_var.o(.data)
    OSStatTaskCtr                            0x2000007c   Data           4  os_var.o(.data)
    OSStatTaskCtrMax                         0x20000080   Data           4  os_var.o(.data)
    OSStatTaskCtrRun                         0x20000084   Data           4  os_var.o(.data)
    OSStatTaskRdy                            0x20000088   Data           1  os_var.o(.data)
    OSStatTaskTimeMax                        0x2000008c   Data           4  os_var.o(.data)
    OSTaskCtxSwCtr                           0x20000090   Data           4  os_var.o(.data)
    OSTaskDbgListPtr                         0x20000094   Data           4  os_var.o(.data)
    OSTaskQty                                0x20000098   Data           2  os_var.o(.data)
    OSTaskRegNextAvailID                     0x2000009a   Data           1  os_var.o(.data)
    OSTickCtr                                0x2000009c   Data           4  os_var.o(.data)
    OSTickTaskTimeMax                        0x200000a0   Data           4  os_var.o(.data)
    OSTickListDly                            0x200000a4   Data           8  os_var.o(.data)
    OSTickListTimeout                        0x200000ac   Data           8  os_var.o(.data)
    OSTmrDbgListPtr                          0x200000b4   Data           4  os_var.o(.data)
    OSTmrListEntries                         0x200000b8   Data           2  os_var.o(.data)
    OSTmrListPtr                             0x200000bc   Data           4  os_var.o(.data)
    OSTmrQty                                 0x200000c0   Data           2  os_var.o(.data)
    OSTmrTaskTimeMax                         0x200000c4   Data           4  os_var.o(.data)
    OSTmrTickCtr                             0x200000c8   Data           4  os_var.o(.data)
    OSTmrUpdateCnt                           0x200000cc   Data           4  os_var.o(.data)
    OSTmrUpdateCtr                           0x200000d0   Data           4  os_var.o(.data)
    OSTCBCurPtr                              0x200000d4   Data           4  os_var.o(.data)
    OSTCBHighRdyPtr                          0x200000d8   Data           4  os_var.o(.data)
    OS_CPU_ExceptStkBase                     0x200000dc   Data           4  os_cpu_c.o(.data)
    TimHandle                                0x200000e0   Data          64  stm32l4xx_hal_timebase_tim_template.o(.bss)
    USART_RX_BUF                             0x20000120   Data         200  usart.o(.bss)
    UART1_Handler                            0x200001e8   Data         120  usart.o(.bss)
    USART2_RX_BUF                            0x20000660   Data        1024  esp8266.o(.bss)
    UART2_Hander                             0x20000a60   Data         120  esp8266.o(.bss)
    TIM7_Handler                             0x20000ad8   Data          64  timer.o(.bss)
    __initial_sp                             0x20000f18   Data           0  startup_stm32l475xx.o(STACK)



==============================================================================

Memory Map of the image

  Image Entry point : 0x08000189

  Load Region LR_IROM1 (Base: 0x08000000, Size: 0x0000369c, Max: 0x00080000, ABSOLUTE)

    Execution Region ER_IROM1 (Exec base: 0x08000000, Load base: 0x08000000, Size: 0x000035bc, Max: 0x00080000, ABSOLUTE)

    Exec Addr    Load Addr    Size         Type   Attr      Idx    E Section Name        Object

    0x08000000   0x08000000   0x00000188   Data   RO            3    RESET               startup_stm32l475xx.o
    0x08000188   0x08000188   0x00000000   Code   RO         7432  * .ARM.Collect$$$$00000000  mc_w.l(entry.o)
    0x08000188   0x08000188   0x00000004   Code   RO         7702    .ARM.Collect$$$$00000001  mc_w.l(entry2.o)
    0x0800018c   0x0800018c   0x00000004   Code   RO         7705    .ARM.Collect$$$$00000004  mc_w.l(entry5.o)
    0x08000190   0x08000190   0x00000000   Code   RO         7707    .ARM.Collect$$$$00000008  mc_w.l(entry7b.o)
    0x08000190   0x08000190   0x00000000   Code   RO         7709    .ARM.Collect$$$$0000000A  mc_w.l(entry8b.o)
    0x08000190   0x08000190   0x00000008   Code   RO         7710    .ARM.Collect$$$$0000000B  mc_w.l(entry9a.o)
    0x08000198   0x08000198   0x00000000   Code   RO         7712    .ARM.Collect$$$$0000000D  mc_w.l(entry10a.o)
    0x08000198   0x08000198   0x00000000   Code   RO         7714    .ARM.Collect$$$$0000000F  mc_w.l(entry11a.o)
    0x08000198   0x08000198   0x00000004   Code   RO         7703    .ARM.Collect$$$$00002712  mc_w.l(entry2.o)
    0x0800019c   0x0800019c   0x0000004c   Code   RO            4    .text               startup_stm32l475xx.o
    0x080001e8   0x080001e8   0x00000068   Code   RO         7435    .text               mc_w.l(uldiv.o)
    0x08000250   0x08000250   0x00000024   Code   RO         7437    .text               mc_w.l(strstr.o)
    0x08000274   0x08000274   0x0000000e   Code   RO         7439    .text               mc_w.l(strlen.o)
    0x08000282   0x08000282   0x0000002c   Code   RO         7716    .text               mc_w.l(uidiv.o)
    0x080002ae   0x080002ae   0x0000001e   Code   RO         7718    .text               mc_w.l(llshl.o)
    0x080002cc   0x080002cc   0x00000020   Code   RO         7720    .text               mc_w.l(llushr.o)
    0x080002ec   0x080002ec   0x00000000   Code   RO         7722    .text               mc_w.l(iusefp.o)
    0x080002ec   0x080002ec   0x0000015e   Code   RO         7723    .text               mf_w.l(dadd.o)
    0x0800044a   0x0800044a   0x000000ea   Code   RO         7725    .text               mf_w.l(dmul.o)
    0x08000534   0x08000534   0x000000de   Code   RO         7727    .text               mf_w.l(ddiv.o)
    0x08000612   0x08000612   0x00000030   Code   RO         7729    .text               mf_w.l(dfixul.o)
    0x08000642   0x08000642   0x00000002   PAD
    0x08000644   0x08000644   0x00000030   Code   RO         7731    .text               mf_w.l(cdrcmple.o)
    0x08000674   0x08000674   0x00000024   Code   RO         7733    .text               mc_w.l(init.o)
    0x08000698   0x08000698   0x00000024   Code   RO         7735    .text               mc_w.l(llsshr.o)
    0x080006bc   0x080006bc   0x000000ba   Code   RO         7737    .text               mf_w.l(depilogue.o)
    0x08000776   0x08000776   0x00000002   PAD
    0x08000778   0x08000778   0x000000d8   Code   RO         7429    CODE                os_cpu_a.o
    0x08000850   0x08000850   0x00000004   Code   RO         5257    i.BusFault_Handler  stm32l4xx_it.o
    0x08000854   0x08000854   0x0000000c   Code   RO         5571    i.CPU_TS_TmrRd      bsp.o
    0x08000860   0x08000860   0x00000002   Code   RO         5258    i.DebugMon_Handler  stm32l4xx_it.o
    0x08000862   0x08000862   0x0000005c   Code   RO          883    i.HAL_DMA_Abort_IT  stm32l4xx_hal_dma.o
    0x080008be   0x080008be   0x00000020   Code   RO          312    i.HAL_Delay         stm32l4xx_hal.o
    0x080008de   0x080008de   0x00000002   PAD
    0x080008e0   0x080008e0   0x00000204   Code   RO         1033    i.HAL_GPIO_Init     stm32l4xx_hal_gpio.o
    0x08000ae4   0x08000ae4   0x0000000a   Code   RO         1037    i.HAL_GPIO_WritePin  stm32l4xx_hal_gpio.o
    0x08000aee   0x08000aee   0x00000002   PAD
    0x08000af0   0x08000af0   0x0000000c   Code   RO          316    i.HAL_GetTick       stm32l4xx_hal.o
    0x08000afc   0x08000afc   0x00000010   Code   RO          320    i.HAL_IncTick       stm32l4xx_hal.o
    0x08000b0c   0x08000b0c   0x0000001e   Code   RO          321    i.HAL_Init          stm32l4xx_hal.o
    0x08000b2a   0x08000b2a   0x00000002   PAD
    0x08000b2c   0x08000b2c   0x00000094   Code   RO         4232    i.HAL_InitTick      stm32l4xx_hal_timebase_tim_template.o
    0x08000bc0   0x08000bc0   0x00000002   Code   RO          324    i.HAL_MspInit       stm32l4xx_hal.o
    0x08000bc2   0x08000bc2   0x0000001a   Code   RO          746    i.HAL_NVIC_EnableIRQ  stm32l4xx_hal_cortex.o
    0x08000bdc   0x08000bdc   0x00000082   Code   RO          752    i.HAL_NVIC_SetPriority  stm32l4xx_hal_cortex.o
    0x08000c5e   0x08000c5e   0x00000002   PAD
    0x08000c60   0x08000c60   0x00000028   Code   RO          753    i.HAL_NVIC_SetPriorityGrouping  stm32l4xx_hal_cortex.o
    0x08000c88   0x08000c88   0x0000008c   Code   RO         1722    i.HAL_PWREx_ControlVoltageScaling  stm32l4xx_hal_pwr_ex.o
    0x08000d14   0x08000d14   0x00000010   Code   RO         1753    i.HAL_PWREx_GetVoltageRange  stm32l4xx_hal_pwr_ex.o
    0x08000d24   0x08000d24   0x00000178   Code   RO         1968    i.HAL_RCC_ClockConfig  stm32l4xx_hal_rcc.o
    0x08000e9c   0x08000e9c   0x00000044   Code   RO         1971    i.HAL_RCC_GetClockConfig  stm32l4xx_hal_rcc.o
    0x08000ee0   0x08000ee0   0x0000000c   Code   RO         1972    i.HAL_RCC_GetHCLKFreq  stm32l4xx_hal_rcc.o
    0x08000eec   0x08000eec   0x00000024   Code   RO         1974    i.HAL_RCC_GetPCLK1Freq  stm32l4xx_hal_rcc.o
    0x08000f10   0x08000f10   0x00000024   Code   RO         1975    i.HAL_RCC_GetPCLK2Freq  stm32l4xx_hal_rcc.o
    0x08000f34   0x08000f34   0x0000011c   Code   RO         1976    i.HAL_RCC_GetSysClockFreq  stm32l4xx_hal_rcc.o
    0x08001050   0x08001050   0x0000060c   Code   RO         1979    i.HAL_RCC_OscConfig  stm32l4xx_hal_rcc.o
    0x0800165c   0x0800165c   0x00000028   Code   RO          755    i.HAL_SYSTICK_CLKSourceConfig  stm32l4xx_hal_cortex.o
    0x08001684   0x08001684   0x00000002   Code   RO         3975    i.HAL_TIMEx_Break2Callback  stm32l4xx_hal_tim_ex.o
    0x08001686   0x08001686   0x00000002   Code   RO         3976    i.HAL_TIMEx_BreakCallback  stm32l4xx_hal_tim_ex.o
    0x08001688   0x08001688   0x00000002   Code   RO         3977    i.HAL_TIMEx_CommutationCallback  stm32l4xx_hal_tim_ex.o
    0x0800168a   0x0800168a   0x00000034   Code   RO         3325    i.HAL_TIM_Base_Init  stm32l4xx_hal_tim.o
    0x080016be   0x080016be   0x00000002   PAD
    0x080016c0   0x080016c0   0x00000044   Code   RO         5529    i.HAL_TIM_Base_MspInit  timer.o
    0x08001704   0x08001704   0x00000044   Code   RO         3330    i.HAL_TIM_Base_Start_IT  stm32l4xx_hal_tim.o
    0x08001748   0x08001748   0x00000002   Code   RO         3354    i.HAL_TIM_IC_CaptureCallback  stm32l4xx_hal_tim.o
    0x0800174a   0x0800174a   0x000001b8   Code   RO         3367    i.HAL_TIM_IRQHandler  stm32l4xx_hal_tim.o
    0x08001902   0x08001902   0x00000002   Code   RO         3370    i.HAL_TIM_OC_DelayElapsedCallback  stm32l4xx_hal_tim.o
    0x08001904   0x08001904   0x00000002   Code   RO         3397    i.HAL_TIM_PWM_PulseFinishedCallback  stm32l4xx_hal_tim.o
    0x08001906   0x08001906   0x0000000a   Code   RO         4235    i.HAL_TIM_PeriodElapsedCallback  stm32l4xx_hal_timebase_tim_template.o
    0x08001910   0x08001910   0x00000002   Code   RO         3408    i.HAL_TIM_TriggerCallback  stm32l4xx_hal_tim.o
    0x08001912   0x08001912   0x00000002   Code   RO         4651    i.HAL_UARTEx_WakeupCallback  stm32l4xx_hal_uart_ex.o
    0x08001914   0x08001914   0x00000002   Code   RO         4305    i.HAL_UART_ErrorCallback  stm32l4xx_hal_uart.o
    0x08001916   0x08001916   0x00000002   PAD
    0x08001918   0x08001918   0x0000018c   Code   RO         4308    i.HAL_UART_IRQHandler  stm32l4xx_hal_uart.o
    0x08001aa4   0x08001aa4   0x00000078   Code   RO         4309    i.HAL_UART_Init     stm32l4xx_hal_uart.o
    0x08001b1c   0x08001b1c   0x00000080   Code   RO         5035    i.HAL_UART_MspInit  usart.o
    0x08001b9c   0x08001b9c   0x00000116   Code   RO         4312    i.HAL_UART_Receive  stm32l4xx_hal_uart.o
    0x08001cb2   0x08001cb2   0x00000002   Code   RO         4320    i.HAL_UART_TxCpltCallback  stm32l4xx_hal_uart.o
    0x08001cb4   0x08001cb4   0x00000004   Code   RO         5259    i.HardFault_Handler  stm32l4xx_it.o
    0x08001cb8   0x08001cb8   0x00000050   Code   RO         5136    i.LED_Init          main.o
    0x08001d08   0x08001d08   0x00000004   Code   RO         5260    i.MemManage_Handler  stm32l4xx_it.o
    0x08001d0c   0x08001d0c   0x00000002   Code   RO         5261    i.NMI_Handler       stm32l4xx_it.o
    0x08001d0e   0x08001d0e   0x00000002   PAD
    0x08001d10   0x08001d10   0x00000010   Code   RO          759    i.NVIC_GetPriorityGrouping  stm32l4xx_hal_cortex.o
    0x08001d20   0x08001d20   0x00000028   Code   RO          760    i.NVIC_SetPriority  stm32l4xx_hal_cortex.o
    0x08001d48   0x08001d48   0x000000b8   Code   RO         7358    i.OSTaskSwHook      os_cpu_c.o
    0x08001e00   0x08001e00   0x0000009c   Code   RO         1980    i.RCC_SetFlashLatencyFromMSIRange  stm32l4xx_hal_rcc.o
    0x08001e9c   0x08001e9c   0x00000002   Code   RO         5263    i.SVC_Handler       stm32l4xx_it.o
    0x08001e9e   0x08001e9e   0x00000002   PAD
    0x08001ea0   0x08001ea0   0x0000008c   Code   RO         5005    i.SystemClock_Config  sys.o
    0x08001f2c   0x08001f2c   0x00000050   Code   RO           14    i.SystemInit        system_stm32l4xx.o
    0x08001f7c   0x08001f7c   0x00000010   Code   RO         4236    i.TIM6_DAC_IRQHandler  stm32l4xx_hal_timebase_tim_template.o
    0x08001f8c   0x08001f8c   0x0000004c   Code   RO         5530    i.TIM7_IRQHandler   timer.o
    0x08001fd8   0x08001fd8   0x000000cc   Code   RO         3409    i.TIM_Base_SetConfig  stm32l4xx_hal_tim.o
    0x080020a4   0x080020a4   0x000000f8   Code   RO         4322    i.UART_AdvFeatureConfig  stm32l4xx_hal_uart.o
    0x0800219c   0x0800219c   0x00000074   Code   RO         4323    i.UART_CheckIdleState  stm32l4xx_hal_uart.o
    0x08002210   0x08002210   0x00000018   Code   RO         4324    i.UART_DMAAbortOnError  stm32l4xx_hal_uart.o
    0x08002228   0x08002228   0x00000024   Code   RO         4334    i.UART_EndRxTransfer  stm32l4xx_hal_uart.o
    0x0800224c   0x0800224c   0x00000022   Code   RO         4335    i.UART_EndTransmit_IT  stm32l4xx_hal_uart.o
    0x0800226e   0x0800226e   0x00000002   PAD
    0x08002270   0x08002270   0x00000492   Code   RO         4339    i.UART_SetConfig    stm32l4xx_hal_uart.o
    0x08002702   0x08002702   0x0000006c   Code   RO         4342    i.UART_WaitOnFlagUntilTimeout  stm32l4xx_hal_uart.o
    0x0800276e   0x0800276e   0x00000002   PAD
    0x08002770   0x08002770   0x000000a0   Code   RO         5036    i.USART1_IRQHandler  usart.o
    0x08002810   0x08002810   0x00000080   Code   RO         5462    i.USART2_IRQHandler  esp8266.o
    0x08002890   0x08002890   0x00000004   Code   RO         5265    i.UsageFault_Handler  stm32l4xx_it.o
    0x08002894   0x08002894   0x00000020   Code   RO         7674    i.__0printf         mc_w.l(printfa.o)
    0x080028b4   0x080028b4   0x00000024   Code   RO         7680    i.__0vsprintf       mc_w.l(printfa.o)
    0x080028d8   0x080028d8   0x0000000e   Code   RO         7741    i.__scatterload_copy  mc_w.l(handlers.o)
    0x080028e6   0x080028e6   0x00000002   Code   RO         7742    i.__scatterload_null  mc_w.l(handlers.o)
    0x080028e8   0x080028e8   0x0000000e   Code   RO         7743    i.__scatterload_zeroinit  mc_w.l(handlers.o)
    0x080028f6   0x080028f6   0x00000002   PAD
    0x080028f8   0x080028f8   0x0000018a   Code   RO         7681    i._fp_digits        mc_w.l(printfa.o)
    0x08002a82   0x08002a82   0x00000002   PAD
    0x08002a84   0x08002a84   0x000006e2   Code   RO         7682    i._printf_core      mc_w.l(printfa.o)
    0x08003166   0x08003166   0x00000024   Code   RO         7683    i._printf_post_padding  mc_w.l(printfa.o)
    0x0800318a   0x0800318a   0x0000002e   Code   RO         7684    i._printf_pre_padding  mc_w.l(printfa.o)
    0x080031b8   0x080031b8   0x0000000a   Code   RO         7686    i._sputc            mc_w.l(printfa.o)
    0x080031c2   0x080031c2   0x00000002   PAD
    0x080031c4   0x080031c4   0x00000034   Code   RO         5463    i.atk_8266_check_cmd  esp8266.o
    0x080031f8   0x080031f8   0x00000094   Code   RO         5464    i.atk_8266_send_cmd  esp8266.o
    0x0800328c   0x0800328c   0x00000014   Code   RO         5098    i.delay_init        delay.o
    0x080032a0   0x080032a0   0x0000000c   Code   RO         5099    i.delay_ms          delay.o
    0x080032ac   0x080032ac   0x000000a4   Code   RO         5466    i.esp_8266_test_client  esp8266.o
    0x08003350   0x08003350   0x0000001c   Code   RO         5038    i.fputc             usart.o
    0x0800336c   0x0800336c   0x00000038   Code   RO         5531    i.init_TIM7         timer.o
    0x080033a4   0x080033a4   0x000000e4   Code   RO         5467    i.init_uart2        esp8266.o
    0x08003488   0x08003488   0x0000002e   Code   RO         5137    i.main              main.o
    0x080034b6   0x080034b6   0x00000002   PAD
    0x080034b8   0x080034b8   0x00000050   Code   RO         5468    i.u2_printf         esp8266.o
    0x08003508   0x08003508   0x0000004c   Code   RO         5039    i.uart_init         usart.o
    0x08003554   0x08003554   0x00000048   Data   RO           15    .constdata          system_stm32l4xx.o
    0x0800359c   0x0800359c   0x00000020   Data   RO         7739    Region$$Table       anon$$obj.o


    Execution Region RW_IRAM1 (Exec base: 0x20000000, Load base: 0x080035bc, Size: 0x00000f18, Max: 0x00018000, ABSOLUTE)

    Exec Addr    Load Addr    Size         Type   Attr      Idx    E Section Name        Object

    0x20000000   0x080035bc   0x00000004   Data   RW           16    .data               system_stm32l4xx.o
    0x20000004   0x080035c0   0x00000004   Data   RW          337    .data               stm32l4xx_hal.o
    0x20000008   0x080035c4   0x00000006   Data   RW         5041    .data               usart.o
    0x2000000e   0x080035ca   0x00000002   PAD
    0x20000010   0x080035cc   0x00000004   Data   RW         5101    .data               delay.o
    0x20000014   0x080035d0   0x00000002   Data   RW         5470    .data               esp8266.o
    0x20000016   0x080035d2   0x00000002   PAD
    0x20000018   0x080035d4   0x000000c4   Data   RW         7338    .data               os_var.o
    0x200000dc   0x08003698   0x00000004   Data   RW         7362    .data               os_cpu_c.o
    0x200000e0        -       0x00000040   Zero   RW         4237    .bss                stm32l4xx_hal_timebase_tim_template.o
    0x20000120        -       0x00000140   Zero   RW         5040    .bss                usart.o
    0x20000260        -       0x00000878   Zero   RW         5469    .bss                esp8266.o
    0x20000ad8        -       0x00000040   Zero   RW         5532    .bss                timer.o
    0x20000b18        -       0x00000400   Zero   RW            1    STACK               startup_stm32l475xx.o


==============================================================================

Image component sizes


      Code (inc. data)   RO Data    RW Data    ZI Data      Debug   Object Name

        12          6          0          0          0       9640   bsp.o
        32          4          0          4          0       1248   delay.o
       800        186          0          2       2168       4636   esp8266.o
       126         10          0          0          0      12091   main.o
       216         32          0          0          0        412   os_cpu_a.o
       184         16          0          4          0       1454   os_cpu_c.o
         0          0          0        196          0      17812   os_var.o
        76         16        392          0       1024        892   startup_stm32l475xx.o
        92         10          0          4          0     141758   stm32l4xx_hal.o
       292         22          0          0          0      30456   stm32l4xx_hal_cortex.o
        92          0          0          0          0       1099   stm32l4xx_hal_dma.o
       526         36          0          0          0       2324   stm32l4xx_hal_gpio.o
       156         18          0          0          0       1294   stm32l4xx_hal_pwr_ex.o
      2516        108          0          0          0       7701   stm32l4xx_hal_rcc.o
       772         40          0          0          0       5599   stm32l4xx_hal_tim.o
         6          0          0          0          0       2129   stm32l4xx_hal_tim_ex.o
       174         22          0          0         64       2893   stm32l4xx_hal_timebase_tim_template.o
      2534         54          0          0          0       9749   stm32l4xx_hal_uart.o
         2          0          0          0          0       1000   stm32l4xx_hal_uart_ex.o
        22          0          0          0          0       3239   stm32l4xx_it.o
       140          6          0          0          0       1801   sys.o
        80         12         72          4          0     796585   system_stm32l4xx.o
       200         52          0          0         64       2252   timer.o
       392         38          0          6        320       4421   usart.o

    ----------------------------------------------------------------------
      9464        688        496        224       3640    1062485   Object Totals
         0          0         32          0          0          0   (incl. Generated)
        22          0          0          4          0          0   (incl. Padding)

    ----------------------------------------------------------------------

      Code (inc. data)   RO Data    RW Data    ZI Data      Debug   Library Member Name

         0          0          0          0          0          0   entry.o
         0          0          0          0          0          0   entry10a.o
         0          0          0          0          0          0   entry11a.o
         8          4          0          0          0          0   entry2.o
         4          0          0          0          0          0   entry5.o
         0          0          0          0          0          0   entry7b.o
         0          0          0          0          0          0   entry8b.o
         8          4          0          0          0          0   entry9a.o
        30          0          0          0          0          0   handlers.o
        36          8          0          0          0         68   init.o
         0          0          0          0          0          0   iusefp.o
        30          0          0          0          0         68   llshl.o
        36          0          0          0          0         68   llsshr.o
        32          0          0          0          0         68   llushr.o
      2316         96          0          0          0        600   printfa.o
        14          0          0          0          0         68   strlen.o
        36          0          0          0          0         80   strstr.o
        44          0          0          0          0         80   uidiv.o
       104          0          0          0          0         92   uldiv.o
        48          0          0          0          0         68   cdrcmple.o
       350          0          0          0          0        148   dadd.o
       222          0          0          0          0        100   ddiv.o
       186          0          0          0          0        176   depilogue.o
        48          0          0          0          0         68   dfixul.o
       234          0          0          0          0         96   dmul.o

    ----------------------------------------------------------------------
      3796        112          0          0          0       1848   Library Totals
        10          0          0          0          0          0   (incl. Padding)

    ----------------------------------------------------------------------

      Code (inc. data)   RO Data    RW Data    ZI Data      Debug   Library Name

      2698        112          0          0          0       1192   mc_w.l
      1088          0          0          0          0        656   mf_w.l

    ----------------------------------------------------------------------
      3796        112          0          0          0       1848   Library Totals

    ----------------------------------------------------------------------

==============================================================================


      Code (inc. data)   RO Data    RW Data    ZI Data      Debug   

     13260        800        496        224       3640    1056301   Grand Totals
     13260        800        496        224       3640    1056301   ELF Image Totals
     13260        800        496        224          0          0   ROM Totals

==============================================================================

    Total RO  Size (Code + RO Data)                13756 (  13.43kB)
    Total RW  Size (RW Data + ZI Data)              3864 (   3.77kB)
    Total ROM Size (Code + RO Data + RW Data)      13980 (  13.65kB)

==============================================================================

