<html>
<body>
<pre>
<h1>µVision Build Log</h1>
<h2>Tool Versions:</h2>
IDE-Version: ¦ÌVision V5.25.2.0
Copyright (C) 2018 ARM Ltd and ARM Germany GmbH. All rights reserved.
License Information:  ,  , LIC=1WSKC-7D71A-ZEYH2-9W7DV-BIKFI-N355H
 
Tool Versions:
Toolchain:       MDK-ARM Professional  Version: 5.25.2.0
Toolchain Path:  E:\Keil_v5\ARM\ARMCC\Bin
C Compiler:      Armcc.exe V5.06 update 6 (build 750)
Assembler:       Armasm.exe V5.06 update 6 (build 750)
Linker/Locator:  ArmLink.exe V5.06 update 6 (build 750)
Library Manager: ArmAr.exe V5.06 update 6 (build 750)
Hex Converter:   FromElf.exe V5.06 update 6 (build 750)
CPU DLL:         SARMCM3.DLL V5.25.2.0
Dialog DLL:      DCM.DLL V1.17.1.0
Target DLL:      STLink\ST-LINKIII-KEIL_SWO.dll V3.0.1.0
Dialog DLL:      TCM.DLL V1.35.1.0
 
<h2>Project:</h2>
C:\Users\sky\Desktop\STML4-HAL\STM32-HAL-\Project\IOT-HAL.uvprojx
Project File Date:  02/05/2021

<h2>Output:</h2>
*** Using Compiler 'V5.06 update 6 (build 750)', folder: 'E:\Keil_v5\ARM\ARMCC\Bin'
Build target 'Target 1'
compiling stm32l4xx_hal.c...
compiling stm32l4xx_hal_exti.c...
compiling system_stm32l4xx.c...
compiling stm32l4xx_hal_dma_ex.c...
compiling stm32l4xx_hal_i2c_ex.c...
compiling stm32l4xx_hal_gpio.c...
compiling stm32l4xx_hal_cortex.c...
compiling stm32l4xx_hal_rng.c...
compiling stm32l4xx_hal_dma2d.c...
compiling stm32l4xx_hal_pwr.c...
compiling stm32l4xx_hal_dma.c...
compiling stm32l4xx_hal_pwr_ex.c...
compiling stm32l4xx_hal_rcc.c...
compiling stm32l4xx_hal_rcc_ex.c...
compiling stm32l4xx_hal_i2c.c...
compiling stm32l4xx_hal_timebase_tim_template.c...
compiling stm32l4xx_hal_sai_ex.c...
compiling stm32l4xx_hal_rtc_ex.c...
compiling stm32l4xx_hal_rtc.c...
compiling stm32l4xx_hal_spi_ex.c...
compiling stm32l4xx_hal_uart_ex.c...
compiling stm32l4xx_hal_spi.c...
compiling stm32l4xx_hal_uart.c...
compiling stm32l4xx_hal_tim.c...
compiling stm32l4xx_hal_sai.c...
compiling os_app_hooks.c...
..\UCOSIII\uCOS-III\Source\os.h(1037): warning:  #2532-D: support for trigraphs is disabled
      OS_TICK              TickCtrPrev;                       /* Used by OSTimeDly??() in PERIODIC mode                 */
..\UCOSIII\CONFIG\os_app_hooks.c: 1 warning, 0 errors
compiling stm32l4xx_hal_usart_ex.c...
compiling cpu_c.c...
compiling cpu_core.c...
compiling lib_ascii.c...
compiling lib_math.c...
compiling lib_mem.c...
compiling lib_str.c...
compiling stm32l4xx_hal_tim_ex.c...
compiling os_cfg_app.c...
..\UCOSIII\uCOS-III\Source\os.h(1037): warning:  #2532-D: support for trigraphs is disabled
      OS_TICK              TickCtrPrev;                       /* Used by OSTimeDly??() in PERIODIC mode                 */
..\UCOSIII\uCOS-III\Source\os_cfg_app.c: 1 warning, 0 errors
compiling os_dbg.c...
..\UCOSIII\uCOS-III\Source\os.h(1037): warning:  #2532-D: support for trigraphs is disabled
      OS_TICK              TickCtrPrev;                       /* Used by OSTimeDly??() in PERIODIC mode                 */
..\UCOSIII\uCOS-III\Source\os_dbg.c: 1 warning, 0 errors
compiling os_core.c...
..\UCOSIII\uCOS-III\Source\os.h(1037): warning:  #2532-D: support for trigraphs is disabled
      OS_TICK              TickCtrPrev;                       /* Used by OSTimeDly??() in PERIODIC mode                 */
..\UCOSIII\uCOS-III\Source\os_core.c: 1 warning, 0 errors
compiling os_int.c...
..\UCOSIII\uCOS-III\Source\os.h(1037): warning:  #2532-D: support for trigraphs is disabled
      OS_TICK              TickCtrPrev;                       /* Used by OSTimeDly??() in PERIODIC mode                 */
..\UCOSIII\uCOS-III\Source\os_int.c: 1 warning, 0 errors
compiling os_flag.c...
..\UCOSIII\uCOS-III\Source\os.h(1037): warning:  #2532-D: support for trigraphs is disabled
      OS_TICK              TickCtrPrev;                       /* Used by OSTimeDly??() in PERIODIC mode                 */
..\UCOSIII\uCOS-III\Source\os_flag.c: 1 warning, 0 errors
compiling os_mem.c...
..\UCOSIII\uCOS-III\Source\os.h(1037): warning:  #2532-D: support for trigraphs is disabled
      OS_TICK              TickCtrPrev;                       /* Used by OSTimeDly??() in PERIODIC mode                 */
..\UCOSIII\uCOS-III\Source\os_mem.c: 1 warning, 0 errors
compiling os_msg.c...
..\UCOSIII\uCOS-III\Source\os.h(1037): warning:  #2532-D: support for trigraphs is disabled
      OS_TICK              TickCtrPrev;                       /* Used by OSTimeDly??() in PERIODIC mode                 */
..\UCOSIII\uCOS-III\Source\os_msg.c: 1 warning, 0 errors
compiling os_mutex.c...
..\UCOSIII\uCOS-III\Source\os.h(1037): warning:  #2532-D: support for trigraphs is disabled
      OS_TICK              TickCtrPrev;                       /* Used by OSTimeDly??() in PERIODIC mode                 */
..\UCOSIII\uCOS-III\Source\os_mutex.c: 1 warning, 0 errors
compiling os_pend_multi.c...
..\UCOSIII\uCOS-III\Source\os.h(1037): warning:  #2532-D: support for trigraphs is disabled
      OS_TICK              TickCtrPrev;                       /* Used by OSTimeDly??() in PERIODIC mode                 */
..\UCOSIII\uCOS-III\Source\os_pend_multi.c: 1 warning, 0 errors
compiling os_prio.c...
..\UCOSIII\uCOS-III\Source\os.h(1037): warning:  #2532-D: support for trigraphs is disabled
      OS_TICK              TickCtrPrev;                       /* Used by OSTimeDly??() in PERIODIC mode                 */
..\UCOSIII\uCOS-III\Source\os_prio.c: 1 warning, 0 errors
compiling os_q.c...
..\UCOSIII\uCOS-III\Source\os.h(1037): warning:  #2532-D: support for trigraphs is disabled
      OS_TICK              TickCtrPrev;                       /* Used by OSTimeDly??() in PERIODIC mode                 */
..\UCOSIII\uCOS-III\Source\os_q.c: 1 warning, 0 errors
compiling os_sem.c...
..\UCOSIII\uCOS-III\Source\os.h(1037): warning:  #2532-D: support for trigraphs is disabled
      OS_TICK              TickCtrPrev;                       /* Used by OSTimeDly??() in PERIODIC mode                 */
..\UCOSIII\uCOS-III\Source\os_sem.c: 1 warning, 0 errors
compiling sys.c...
compiling os_stat.c...
..\UCOSIII\uCOS-III\Source\os.h(1037): warning:  #2532-D: support for trigraphs is disabled
      OS_TICK              TickCtrPrev;                       /* Used by OSTimeDly??() in PERIODIC mode                 */
..\UCOSIII\uCOS-III\Source\os_stat.c: 1 warning, 0 errors
compiling os_task.c...
..\UCOSIII\uCOS-III\Source\os.h(1037): warning:  #2532-D: support for trigraphs is disabled
      OS_TICK              TickCtrPrev;                       /* Used by OSTimeDly??() in PERIODIC mode                 */
..\UCOSIII\uCOS-III\Source\os_task.c: 1 warning, 0 errors
compiling os_tick.c...
..\UCOSIII\uCOS-III\Source\os.h(1037): warning:  #2532-D: support for trigraphs is disabled
      OS_TICK              TickCtrPrev;                       /* Used by OSTimeDly??() in PERIODIC mode                 */
..\UCOSIII\uCOS-III\Source\os_tick.c: 1 warning, 0 errors
compiling os_time.c...
..\UCOSIII\uCOS-III\Source\os.h(1037): warning:  #2532-D: support for trigraphs is disabled
      OS_TICK              TickCtrPrev;                       /* Used by OSTimeDly??() in PERIODIC mode                 */
..\UCOSIII\uCOS-III\Source\os_time.c: 1 warning, 0 errors
compiling os_var.c...
..\UCOSIII\uCOS-III\Source\os.h(1037): warning:  #2532-D: support for trigraphs is disabled
      OS_TICK              TickCtrPrev;                       /* Used by OSTimeDly??() in PERIODIC mode                 */
..\UCOSIII\uCOS-III\Source\os_var.c: 1 warning, 0 errors
compiling os_tmr.c...
..\UCOSIII\uCOS-III\Source\os.h(1037): warning:  #2532-D: support for trigraphs is disabled
      OS_TICK              TickCtrPrev;                       /* Used by OSTimeDly??() in PERIODIC mode                 */
..\UCOSIII\uCOS-III\Source\os_tmr.c: 1 warning, 0 errors
compiling os_cpu_c.c...
..\UCOSIII\uCOS-III\Source\os.h(1037): warning:  #2532-D: support for trigraphs is disabled
      OS_TICK              TickCtrPrev;                       /* Used by OSTimeDly??() in PERIODIC mode                 */
..\UCOSIII\uCOS-III\Ports\ARM-Cortex-M4\Generic\RealView\os_cpu_c.c: 1 warning, 0 errors
compiling stm32l4xx_hal_usart.c...
compiling usart.c...
compiling delay.c...
compiling stm32l4xx_it.c...
compiling lcd.c...
..\BSP\inc\spi.h(10): warning:  #1-D: last line of file ends without a newline
  #endif
..\BSP\inc\lcd.h(52): warning:  #1-D: last line of file ends without a newline
  #endif
..\BSP\src\lcd.c: 2 warnings, 0 errors
compiling spi.c...
..\BSP\inc\spi.h(10): warning:  #1-D: last line of file ends without a newline
  #endif
..\BSP\src\spi.c: 1 warning, 0 errors
compiling main.c...
..\BSP\inc\spi.h(10): warning:  #1-D: last line of file ends without a newline
  #endif
..\BSP\inc\lcd.h(52): warning:  #1-D: last line of file ends without a newline
  #endif
..\UCOSIII\uCOS-III\Source\os.h(1037): warning:  #2532-D: support for trigraphs is disabled
      OS_TICK              TickCtrPrev;                       /* Used by OSTimeDly??() in PERIODIC mode                 */
..\BSP\inc\timer.h(7): warning:  #1-D: last line of file ends without a newline
  #endif
..\BSP\inc\esp8266.h(29): warning:  #1-D: last line of file ends without a newline
  #endif
..\User\main.c: 5 warnings, 0 errors
compiling esp8266.c...
..\BSP\inc\timer.h(7): warning:  #1-D: last line of file ends without a newline
  #endif
..\BSP\inc\esp8266.h(29): warning:  #1-D: last line of file ends without a newline
  #endif
..\BSP\src\esp8266.c(217): warning:  #177-D: variable "p"  was declared but never referenced
  	u8 *p;
..\BSP\src\esp8266.c(239): warning:  #940-D: missing return statement at end of non-void function "esp_8266_SendData" 
  }
..\BSP\src\esp8266.c(275): warning:  #1-D: last line of file ends without a newline
  }
..\BSP\src\esp8266.c(260): warning:  #177-D: variable "ret"  was declared but never referenced
      u8 ret =0;
..\BSP\src\esp8266.c: 6 warnings, 0 errors
compiling mqtt.c...
..\app\inc\mqtt.h(16): warning:  #1-D: last line of file ends without a newline
  #endif
..\app\src\mqtt.c(131): warning:  #940-D: missing return statement at end of non-void function "MQTT_Connect_Pack" 
  }
..\app\src\mqtt.c(71): warning:  #177-D: variable "i"  was declared but never referenced
      u8 i,j;
..\app\src\mqtt.c(71): warning:  #177-D: variable "j"  was declared but never referenced
      u8 i,j;
..\app\src\mqtt.c(143): warning:  #940-D: missing return statement at end of non-void function "MQTT_PublishData_Pack" 
  }
..\app\src\mqtt.c(139): warning:  #177-D: variable "id"  was declared but never referenced
      static u16 id=0;
..\app\src\mqtt.c(142): warning:  #177-D: variable "Datalen"  was declared but never referenced
      int Datalen;
..\app\src\mqtt.c: 7 warnings, 0 errors
compiling timer.c...
..\BSP\inc\timer.h(7): warning:  #1-D: last line of file ends without a newline
  #endif
..\BSP\inc\esp8266.h(29): warning:  #1-D: last line of file ends without a newline
  #endif
..\BSP\src\timer.c(34): warning:  #1-D: last line of file ends without a newline
  }
..\BSP\src\timer.c: 3 warnings, 0 errors
compiling bsp.c...
..\UCOSIII\uCOS-III\Source\os.h(1037): warning:  #2532-D: support for trigraphs is disabled
      OS_TICK              TickCtrPrev;                       /* Used by OSTimeDly??() in PERIODIC mode                 */
..\UCOSIII\BSP\bsp.c: 1 warning, 0 errors
linking...
Program Size: Code=13260 RO-data=496 RW-data=224 ZI-data=3640  
".\Objects\IOT-HAL.axf" - 0 Error(s), 45 Warning(s).

<h2>Software Packages used:</h2>

Package Vendor: Keil
                http://www.keil.com/pack/Keil.STM32L4xx_DFP.2.0.0.pack
                Keil.STM32L4xx_DFP.2.0.0
                STMicroelectronics STM32L4 Series Device Support, Drivers and Examples

<h2>Collection of Component include folders:</h2>
  .\RTE\_Target_1
  E:\Keil_v5\ARM\PACK\Keil\STM32L4xx_DFP\2.0.0\Drivers\CMSIS\Device\ST\STM32L4xx\Include

<h2>Collection of Component Files used:</h2>
Build Time Elapsed:  00:01:17
</pre>
</body>
</html>
