Component: ARM Compiler 5.06 update 6 (build 750) Tool: armlink [4d35ed]

==============================================================================

Section Cross References

    startup_stm32l475xx.o(RESET) refers to startup_stm32l475xx.o(STACK) for __initial_sp
    startup_stm32l475xx.o(RESET) refers to startup_stm32l475xx.o(.text) for Reset_Handler
    startup_stm32l475xx.o(RESET) refers to stm32l4xx_it.o(i.NMI_Handler) for NMI_Handler
    startup_stm32l475xx.o(RESET) refers to stm32l4xx_it.o(i.HardFault_Handler) for HardFault_Handler
    startup_stm32l475xx.o(RESET) refers to stm32l4xx_it.o(i.MemManage_Handler) for MemManage_Handler
    startup_stm32l475xx.o(RESET) refers to stm32l4xx_it.o(i.BusFault_Handler) for BusFault_Handler
    startup_stm32l475xx.o(RESET) refers to stm32l4xx_it.o(i.UsageFault_Handler) for UsageFault_Handler
    startup_stm32l475xx.o(RESET) refers to port.o(.emb_text) for SVC_Handler
    startup_stm32l475xx.o(RESET) refers to stm32l4xx_it.o(i.DebugMon_Handler) for DebugMon_Handler
    startup_stm32l475xx.o(RESET) refers to stm32l4xx_it.o(i.SysTick_Handler) for SysTick_Handler
    startup_stm32l475xx.o(RESET) refers to usart.o(i.USART1_IRQHandler) for USART1_IRQHandler
    startup_stm32l475xx.o(RESET) refers to esp8266.o(i.USART2_IRQHandler) for USART2_IRQHandler
    startup_stm32l475xx.o(RESET) refers to stm32l4xx_hal_timebase_tim_template.o(i.TIM6_DAC_IRQHandler) for TIM6_DAC_IRQHandler
    startup_stm32l475xx.o(RESET) refers to timer.o(i.TIM7_IRQHandler) for TIM7_IRQHandler
    startup_stm32l475xx.o(.text) refers to system_stm32l4xx.o(i.SystemInit) for SystemInit
    startup_stm32l475xx.o(.text) refers to entry.o(.ARM.Collect$$$$00000000) for __main
    system_stm32l4xx.o(i.SystemCoreClockUpdate) refers to system_stm32l4xx.o(.constdata) for MSIRangeTable
    system_stm32l4xx.o(i.SystemCoreClockUpdate) refers to system_stm32l4xx.o(.data) for SystemCoreClock
    stm32l4xx_hal_cortex.o(i.HAL_NVIC_GetPriorityGrouping) refers to stm32l4xx_hal_cortex.o(i.NVIC_GetPriorityGrouping) for NVIC_GetPriorityGrouping
    stm32l4xx_hal_cortex.o(i.HAL_NVIC_SetPriority) refers to stm32l4xx_hal_cortex.o(i.NVIC_GetPriorityGrouping) for NVIC_GetPriorityGrouping
    stm32l4xx_hal_cortex.o(i.HAL_NVIC_SetPriority) refers to stm32l4xx_hal_cortex.o(i.NVIC_SetPriority) for NVIC_SetPriority
    stm32l4xx_hal_cortex.o(i.HAL_SYSTICK_Config) refers to stm32l4xx_hal_cortex.o(i.NVIC_SetPriority) for NVIC_SetPriority
    stm32l4xx_hal_cortex.o(i.HAL_SYSTICK_IRQHandler) refers to stm32l4xx_hal_cortex.o(i.HAL_SYSTICK_Callback) for HAL_SYSTICK_Callback
    stm32l4xx_hal_comp.o(i.HAL_COMP_DeInit) refers to stm32l4xx_hal_comp.o(i.HAL_COMP_MspDeInit) for HAL_COMP_MspDeInit
    stm32l4xx_hal_comp.o(i.HAL_COMP_IRQHandler) refers to stm32l4xx_hal_comp.o(i.LL_EXTI_ClearFlag_0_31) for LL_EXTI_ClearFlag_0_31
    stm32l4xx_hal_comp.o(i.HAL_COMP_IRQHandler) refers to stm32l4xx_hal_comp.o(i.HAL_COMP_TriggerCallback) for HAL_COMP_TriggerCallback
    stm32l4xx_hal_comp.o(i.HAL_COMP_Init) refers to stm32l4xx_hal_comp.o(i.HAL_COMP_MspInit) for HAL_COMP_MspInit
    stm32l4xx_hal_comp.o(i.HAL_COMP_Init) refers to stm32l4xx_hal_comp.o(i.LL_EXTI_ClearFlag_0_31) for LL_EXTI_ClearFlag_0_31
    stm32l4xx_hal_comp.o(i.HAL_COMP_Init) refers to stm32l4xx_hal_comp.o(i.LL_EXTI_DisableEvent_0_31) for LL_EXTI_DisableEvent_0_31
    stm32l4xx_hal_comp.o(i.HAL_COMP_Init) refers to stm32l4xx_hal_comp.o(i.LL_EXTI_DisableIT_0_31) for LL_EXTI_DisableIT_0_31
    stm32l4xx_hal_comp.o(i.HAL_COMP_Init) refers to system_stm32l4xx.o(.data) for SystemCoreClock
    stm32l4xx_hal_comp.o(i.HAL_COMP_Start) refers to system_stm32l4xx.o(.data) for SystemCoreClock
    stm32l4xx_hal_can.o(i.HAL_CAN_DeInit) refers to stm32l4xx_hal_can.o(i.HAL_CAN_Stop) for HAL_CAN_Stop
    stm32l4xx_hal_can.o(i.HAL_CAN_DeInit) refers to stm32l4xx_hal_can.o(i.HAL_CAN_MspDeInit) for HAL_CAN_MspDeInit
    stm32l4xx_hal_can.o(i.HAL_CAN_IRQHandler) refers to stm32l4xx_hal_can.o(i.HAL_CAN_TxMailbox0CompleteCallback) for HAL_CAN_TxMailbox0CompleteCallback
    stm32l4xx_hal_can.o(i.HAL_CAN_IRQHandler) refers to stm32l4xx_hal_can.o(i.HAL_CAN_TxMailbox0AbortCallback) for HAL_CAN_TxMailbox0AbortCallback
    stm32l4xx_hal_can.o(i.HAL_CAN_IRQHandler) refers to stm32l4xx_hal_can.o(i.HAL_CAN_TxMailbox1CompleteCallback) for HAL_CAN_TxMailbox1CompleteCallback
    stm32l4xx_hal_can.o(i.HAL_CAN_IRQHandler) refers to stm32l4xx_hal_can.o(i.HAL_CAN_TxMailbox1AbortCallback) for HAL_CAN_TxMailbox1AbortCallback
    stm32l4xx_hal_can.o(i.HAL_CAN_IRQHandler) refers to stm32l4xx_hal_can.o(i.HAL_CAN_TxMailbox2CompleteCallback) for HAL_CAN_TxMailbox2CompleteCallback
    stm32l4xx_hal_can.o(i.HAL_CAN_IRQHandler) refers to stm32l4xx_hal_can.o(i.HAL_CAN_TxMailbox2AbortCallback) for HAL_CAN_TxMailbox2AbortCallback
    stm32l4xx_hal_can.o(i.HAL_CAN_IRQHandler) refers to stm32l4xx_hal_can.o(i.HAL_CAN_RxFifo0FullCallback) for HAL_CAN_RxFifo0FullCallback
[...]
    libraries\Src\stm32l4xx_hal_sai_ex.c     0x00000000   Number         0  stm32l4xx_hal_sai_ex.o ABSOLUTE
    libraries\Src\stm32l4xx_hal_smartcard.c  0x00000000   Number         0  stm32l4xx_hal_smartcard.o ABSOLUTE
    libraries\Src\stm32l4xx_hal_smartcard_ex.c 0x00000000   Number         0  stm32l4xx_hal_smartcard_ex.o ABSOLUTE
    libraries\Src\stm32l4xx_hal_smbus.c      0x00000000   Number         0  stm32l4xx_hal_smbus.o ABSOLUTE
    libraries\Src\stm32l4xx_hal_spi.c        0x00000000   Number         0  stm32l4xx_hal_spi.o ABSOLUTE
    libraries\Src\stm32l4xx_hal_spi_ex.c     0x00000000   Number         0  stm32l4xx_hal_spi_ex.o ABSOLUTE
    libraries\Src\stm32l4xx_hal_swpmi.c      0x00000000   Number         0  stm32l4xx_hal_swpmi.o ABSOLUTE
    libraries\Src\stm32l4xx_hal_tim.c        0x00000000   Number         0  stm32l4xx_hal_tim.o ABSOLUTE
    libraries\Src\stm32l4xx_hal_tim_ex.c     0x00000000   Number         0  stm32l4xx_hal_tim_ex.o ABSOLUTE
    libraries\Src\stm32l4xx_hal_timebase_tim_template.c 0x00000000   Number         0  stm32l4xx_hal_timebase_tim_template.o ABSOLUTE
    libraries\Src\stm32l4xx_hal_tsc.c        0x00000000   Number         0  stm32l4xx_hal_tsc.o ABSOLUTE
    libraries\Src\stm32l4xx_hal_uart.c       0x00000000   Number         0  stm32l4xx_hal_uart.o ABSOLUTE
    libraries\Src\stm32l4xx_hal_uart_ex.c    0x00000000   Number         0  stm32l4xx_hal_uart_ex.o ABSOLUTE
    libraries\Src\stm32l4xx_hal_usart.c      0x00000000   Number         0  stm32l4xx_hal_usart.o ABSOLUTE
    libraries\Src\stm32l4xx_hal_usart_ex.c   0x00000000   Number         0  stm32l4xx_hal_usart_ex.o ABSOLUTE
    libraries\Src\stm32l4xx_hal_wwdg.c       0x00000000   Number         0  stm32l4xx_hal_wwdg.o ABSOLUTE
    libraries\\Src\\stm32l4xx_hal.c          0x00000000   Number         0  stm32l4xx_hal.o ABSOLUTE
    libraries\\Src\\stm32l4xx_hal_adc.c      0x00000000   Number         0  stm32l4xx_hal_adc.o ABSOLUTE
    libraries\\Src\\stm32l4xx_hal_adc_ex.c   0x00000000   Number         0  stm32l4xx_hal_adc_ex.o ABSOLUTE
    libraries\\Src\\stm32l4xx_hal_can.c      0x00000000   Number         0  stm32l4xx_hal_can.o ABSOLUTE
    libraries\\Src\\stm32l4xx_hal_comp.c     0x00000000   Number         0  stm32l4xx_hal_comp.o ABSOLUTE
    libraries\\Src\\stm32l4xx_hal_cortex.c   0x00000000   Number         0  stm32l4xx_hal_cortex.o ABSOLUTE
    libraries\\Src\\stm32l4xx_hal_crc.c      0x00000000   Number         0  stm32l4xx_hal_crc.o ABSOLUTE
    libraries\\Src\\stm32l4xx_hal_crc_ex.c   0x00000000   Number         0  stm32l4xx_hal_crc_ex.o ABSOLUTE
    libraries\\Src\\stm32l4xx_hal_cryp.c     0x00000000   Number         0  stm32l4xx_hal_cryp.o ABSOLUTE
    libraries\\Src\\stm32l4xx_hal_cryp_ex.c  0x00000000   Number         0  stm32l4xx_hal_cryp_ex.o ABSOLUTE
    libraries\\Src\\stm32l4xx_hal_dac.c      0x00000000   Number         0  stm32l4xx_hal_dac.o ABSOLUTE
    libraries\\Src\\stm32l4xx_hal_dac_ex.c   0x00000000   Number         0  stm32l4xx_hal_dac_ex.o ABSOLUTE
    libraries\\Src\\stm32l4xx_hal_dcmi.c     0x00000000   Number         0  stm32l4xx_hal_dcmi.o ABSOLUTE
    libraries\\Src\\stm32l4xx_hal_dfsdm.c    0x00000000   Number         0  stm32l4xx_hal_dfsdm.o ABSOLUTE
    libraries\\Src\\stm32l4xx_hal_dfsdm_ex.c 0x00000000   Number         0  stm32l4xx_hal_dfsdm_ex.o ABSOLUTE
    libraries\\Src\\stm32l4xx_hal_dma.c      0x00000000   Number         0  stm32l4xx_hal_dma.o ABSOLUTE
    libraries\\Src\\stm32l4xx_hal_dma2d.c    0x00000000   Number         0  stm32l4xx_hal_dma2d.o ABSOLUTE
    libraries\\Src\\stm32l4xx_hal_dma_ex.c   0x00000000   Number         0  stm32l4xx_hal_dma_ex.o ABSOLUTE
    libraries\\Src\\stm32l4xx_hal_dsi.c      0x00000000   Number         0  stm32l4xx_hal_dsi.o ABSOLUTE
    libraries\\Src\\stm32l4xx_hal_exti.c     0x00000000   Number         0  stm32l4xx_hal_exti.o ABSOLUTE
    libraries\\Src\\stm32l4xx_hal_firewall.c 0x00000000   Number         0  stm32l4xx_hal_firewall.o ABSOLUTE
    libraries\\Src\\stm32l4xx_hal_flash.c    0x00000000   Number         0  stm32l4xx_hal_flash.o ABSOLUTE
    libraries\\Src\\stm32l4xx_hal_flash_ex.c 0x00000000   Number         0  stm32l4xx_hal_flash_ex.o ABSOLUTE
    libraries\\Src\\stm32l4xx_hal_flash_ramfunc.c 0x00000000   Number         0  stm32l4xx_hal_flash_ramfunc.o ABSOLUTE
    libraries\\Src\\stm32l4xx_hal_gfxmmu.c   0x00000000   Number         0  stm32l4xx_hal_gfxmmu.o ABSOLUTE
    libraries\\Src\\stm32l4xx_hal_gpio.c     0x00000000   Number         0  stm32l4xx_hal_gpio.o ABSOLUTE
    libraries\\Src\\stm32l4xx_hal_hash.c     0x00000000   Number         0  stm32l4xx_hal_hash.o ABSOLUTE
    libraries\\Src\\stm32l4xx_hal_hash_ex.c  0x00000000   Number         0  stm32l4xx_hal_hash_ex.o ABSOLUTE
    libraries\\Src\\stm32l4xx_hal_i2c.c      0x00000000   Number         0  stm32l4xx_hal_i2c.o ABSOLUTE
    libraries\\Src\\stm32l4xx_hal_i2c_ex.c   0x00000000   Number         0  stm32l4xx_hal_i2c_ex.o ABSOLUTE
    libraries\\Src\\stm32l4xx_hal_irda.c     0x00000000   Number         0  stm32l4xx_hal_irda.o ABSOLUTE
    libraries\\Src\\stm32l4xx_hal_iwdg.c     0x00000000   Number         0  stm32l4xx_hal_iwdg.o ABSOLUTE
    libraries\\Src\\stm32l4xx_hal_lcd.c      0x00000000   Number         0  stm32l4xx_hal_lcd.o ABSOLUTE
    libraries\\Src\\stm32l4xx_hal_lptim.c    0x00000000   Number         0  stm32l4xx_hal_lptim.o ABSOLUTE
    libraries\\Src\\stm32l4xx_hal_ltdc.c     0x00000000   Number         0  stm32l4xx_hal_ltdc.o ABSOLUTE
    libraries\\Src\\stm32l4xx_hal_ltdc_ex.c  0x00000000   Number         0  stm32l4xx_hal_ltdc_ex.o ABSOLUTE
    libraries\\Src\\stm32l4xx_hal_msp_template.c 0x00000000   Number         0  stm32l4xx_hal_msp_template.o ABSOLUTE
    libraries\\Src\\stm32l4xx_hal_ospi.c     0x00000000   Number         0  stm32l4xx_hal_ospi.o ABSOLUTE
    libraries\\Src\\stm32l4xx_hal_pwr.c      0x00000000   Number         0  stm32l4xx_hal_pwr.o ABSOLUTE
    libraries\\Src\\stm32l4xx_hal_pwr_ex.c   0x00000000   Number         0  stm32l4xx_hal_pwr_ex.o ABSOLUTE
    libraries\\Src\\stm32l4xx_hal_qspi.c     0x00000000   Number         0  stm32l4xx_hal_qspi.o ABSOLUTE
    libraries\\Src\\stm32l4xx_hal_rcc.c      0x00000000   Number         0  stm32l4xx_hal_rcc.o ABSOLUTE
    libraries\\Src\\stm32l4xx_hal_rcc_ex.c   0x00000000   Number         0  stm32l4xx_hal_rcc_ex.o ABSOLUTE
    libraries\\Src\\stm32l4xx_hal_rtc.c      0x00000000   Number         0  stm32l4xx_hal_rtc.o ABSOLUTE
    libraries\\Src\\stm32l4xx_hal_rtc_ex.c   0x00000000   Number         0  stm32l4xx_hal_rtc_ex.o ABSOLUTE
    libraries\\Src\\stm32l4xx_hal_sai.c      0x00000000   Number         0  stm32l4xx_hal_sai.o ABSOLUTE
    libraries\\Src\\stm32l4xx_hal_sai_ex.c   0x00000000   Number         0  stm32l4xx_hal_sai_ex.o ABSOLUTE
    libraries\\Src\\stm32l4xx_hal_smartcard.c 0x00000000   Number         0  stm32l4xx_hal_smartcard.o ABSOLUTE
    libraries\\Src\\stm32l4xx_hal_smartcard_ex.c 0x00000000   Number         0  stm32l4xx_hal_smartcard_ex.o ABSOLUTE
    libraries\\Src\\stm32l4xx_hal_smbus.c    0x00000000   Number         0  stm32l4xx_hal_smbus.o ABSOLUTE
    libraries\\Src\\stm32l4xx_hal_spi.c      0x00000000   Number         0  stm32l4xx_hal_spi.o ABSOLUTE
    libraries\\Src\\stm32l4xx_hal_spi_ex.c   0x00000000   Number         0  stm32l4xx_hal_spi_ex.o ABSOLUTE
    libraries\\Src\\stm32l4xx_hal_swpmi.c    0x00000000   Number         0  stm32l4xx_hal_swpmi.o ABSOLUTE
    libraries\\Src\\stm32l4xx_hal_tim.c      0x00000000   Number         0  stm32l4xx_hal_tim.o ABSOLUTE
    libraries\\Src\\stm32l4xx_hal_tim_ex.c   0x00000000   Number         0  stm32l4xx_hal_tim_ex.o ABSOLUTE
    libraries\\Src\\stm32l4xx_hal_timebase_tim_template.c 0x00000000   Number         0  stm32l4xx_hal_timebase_tim_template.o ABSOLUTE
    libraries\\Src\\stm32l4xx_hal_tsc.c      0x00000000   Number         0  stm32l4xx_hal_tsc.o ABSOLUTE
    libraries\\Src\\stm32l4xx_hal_uart.c     0x00000000   Number         0  stm32l4xx_hal_uart.o ABSOLUTE
    libraries\\Src\\stm32l4xx_hal_uart_ex.c  0x00000000   Number         0  stm32l4xx_hal_uart_ex.o ABSOLUTE
    libraries\\Src\\stm32l4xx_hal_usart.c    0x00000000   Number         0  stm32l4xx_hal_usart.o ABSOLUTE
    libraries\\Src\\stm32l4xx_hal_usart_ex.c 0x00000000   Number         0  stm32l4xx_hal_usart_ex.o ABSOLUTE
    libraries\\Src\\stm32l4xx_hal_wwdg.c     0x00000000   Number         0  stm32l4xx_hal_wwdg.o ABSOLUTE
    libraries\\system_stm32l4xx.c            0x00000000   Number         0  system_stm32l4xx.o ABSOLUTE
    libraries\startup_stm32l475xx.s          0x00000000   Number         0  startup_stm32l475xx.o ABSOLUTE
    libraries\system_stm32l4xx.c             0x00000000   Number         0  system_stm32l4xx.o ABSOLUTE
    RESET                                    0x08000000   Section      392  startup_stm32l475xx.o(RESET)
    .ARM.Collect$$$$00000000                 0x08000188   Section        0  entry.o(.ARM.Collect$$$$00000000)
    .ARM.Collect$$$$00000001                 0x08000188   Section        4  entry2.o(.ARM.Collect$$$$00000001)
    .ARM.Collect$$$$00000004                 0x0800018c   Section        4  entry5.o(.ARM.Collect$$$$00000004)
    .ARM.Collect$$$$00000008                 0x08000190   Section        0  entry7b.o(.ARM.Collect$$$$00000008)
    .ARM.Collect$$$$0000000A                 0x08000190   Section        0  entry8b.o(.ARM.Collect$$$$0000000A)
    .ARM.Collect$$$$0000000B                 0x08000190   Section        8  entry9a.o(.ARM.Collect$$$$0000000B)
    .ARM.Collect$$$$0000000D                 0x08000198   Section        0  entry10a.o(.ARM.Collect$$$$0000000D)
    .ARM.Collect$$$$0000000F                 0x08000198   Section        0  entry11a.o(.ARM.Collect$$$$0000000F)
    .ARM.Collect$$$$00002712                 0x08000198   Section        4  entry2.o(.ARM.Collect$$$$00002712)
    __lit__00000000                          0x08000198   Data           4  entry2.o(.ARM.Collect$$$$00002712)
    .emb_text                                0x0800019c   Section      182  port.o(.emb_text)
    $v0                                      0x0800019c   Number         0  port.o(.emb_text)
    .text                                    0x08000274   Section       36  startup_stm32l475xx.o(.text)
    $v0                                      0x08000274   Number         0  startup_stm32l475xx.o(.text)
    .text                                    0x08000298   Section        0  uldiv.o(.text)
    .text                                    0x08000300   Section        0  memcpya.o(.text)
    .text                                    0x08000324   Section        0  strstr.o(.text)
    .text                                    0x08000348   Section        0  strlen.o(.text)
    .text                                    0x08000356   Section        0  uidiv.o(.text)
    .text                                    0x08000382   Section        0  llshl.o(.text)
    .text                                    0x080003a0   Section        0  llushr.o(.text)
    .text                                    0x080003c0   Section        0  dadd.o(.text)
    .text                                    0x080003c0   Section        0  iusefp.o(.text)
    .text                                    0x0800051e   Section        0  dmul.o(.text)
    .text                                    0x08000608   Section        0  ddiv.o(.text)
    .text                                    0x080006e6   Section        0  dfixul.o(.text)
    .text                                    0x08000718   Section       48  cdrcmple.o(.text)
    .text                                    0x08000748   Section       36  init.o(.text)
    .text                                    0x0800076c   Section        0  llsshr.o(.text)
    .text                                    0x08000790   Section        0  depilogue.o(.text)
    i.BusFault_Handler                       0x0800084a   Section        0  stm32l4xx_it.o(i.BusFault_Handler)
    i.DebugMon_Handler                       0x0800084e   Section        0  stm32l4xx_it.o(i.DebugMon_Handler)
    i.HAL_DMA_Abort_IT                       0x08000850   Section        0  stm32l4xx_hal_dma.o(i.HAL_DMA_Abort_IT)
    i.HAL_GPIO_Init                          0x080008ac   Section        0  stm32l4xx_hal_gpio.o(i.HAL_GPIO_Init)
    i.HAL_GPIO_WritePin                      0x08000ab0   Section        0  stm32l4xx_hal_gpio.o(i.HAL_GPIO_WritePin)
    i.HAL_GetTick                            0x08000abc   Section        0  stm32l4xx_hal.o(i.HAL_GetTick)
    i.HAL_IncTick                            0x08000ac8   Section        0  stm32l4xx_hal.o(i.HAL_IncTick)
    i.HAL_InitTick                           0x08000ad8   Section        0  stm32l4xx_hal_timebase_tim_template.o(i.HAL_InitTick)
    i.HAL_NVIC_EnableIRQ                     0x08000b6c   Section        0  stm32l4xx_hal_cortex.o(i.HAL_NVIC_EnableIRQ)
    i.HAL_NVIC_SetPriority                   0x08000b86   Section        0  stm32l4xx_hal_cortex.o(i.HAL_NVIC_SetPriority)
    i.HAL_NVIC_SetPriorityGrouping           0x08000c08   Section        0  stm32l4xx_hal_cortex.o(i.HAL_NVIC_SetPriorityGrouping)
    i.HAL_PWREx_ControlVoltageScaling        0x08000c30   Section        0  stm32l4xx_hal_pwr_ex.o(i.HAL_PWREx_ControlVoltageScaling)
    i.HAL_PWREx_GetVoltageRange              0x08000cbc   Section        0  stm32l4xx_hal_pwr_ex.o(i.HAL_PWREx_GetVoltageRange)
    i.HAL_RCC_ClockConfig                    0x08000ccc   Section        0  stm32l4xx_hal_rcc.o(i.HAL_RCC_ClockConfig)
    i.HAL_RCC_GetClockConfig                 0x08000e44   Section        0  stm32l4xx_hal_rcc.o(i.HAL_RCC_GetClockConfig)
    i.HAL_RCC_GetHCLKFreq                    0x08000e88   Section        0  stm32l4xx_hal_rcc.o(i.HAL_RCC_GetHCLKFreq)
    i.HAL_RCC_GetPCLK1Freq                   0x08000e94   Section        0  stm32l4xx_hal_rcc.o(i.HAL_RCC_GetPCLK1Freq)
    i.HAL_RCC_GetPCLK2Freq                   0x08000eb8   Section        0  stm32l4xx_hal_rcc.o(i.HAL_RCC_GetPCLK2Freq)
    i.HAL_RCC_GetSysClockFreq                0x08000edc   Section        0  stm32l4xx_hal_rcc.o(i.HAL_RCC_GetSysClockFreq)
    i.HAL_RCC_OscConfig                      0x08000ff8   Section        0  stm32l4xx_hal_rcc.o(i.HAL_RCC_OscConfig)
    i.HAL_TIMEx_Break2Callback               0x08001604   Section        0  stm32l4xx_hal_tim_ex.o(i.HAL_TIMEx_Break2Callback)
    i.HAL_TIMEx_BreakCallback                0x08001606   Section        0  stm32l4xx_hal_tim_ex.o(i.HAL_TIMEx_BreakCallback)
    i.HAL_TIMEx_CommutationCallback          0x08001608   Section        0  stm32l4xx_hal_tim_ex.o(i.HAL_TIMEx_CommutationCallback)
    i.HAL_TIM_Base_Init                      0x0800160a   Section        0  stm32l4xx_hal_tim.o(i.HAL_TIM_Base_Init)
    i.HAL_TIM_Base_MspInit                   0x08001640   Section        0  timer.o(i.HAL_TIM_Base_MspInit)
    i.HAL_TIM_Base_Start_IT                  0x08001684   Section        0  stm32l4xx_hal_tim.o(i.HAL_TIM_Base_Start_IT)
    i.HAL_TIM_IC_CaptureCallback             0x080016c8   Section        0  stm32l4xx_hal_tim.o(i.HAL_TIM_IC_CaptureCallback)
    i.HAL_TIM_IRQHandler                     0x080016ca   Section        0  stm32l4xx_hal_tim.o(i.HAL_TIM_IRQHandler)
    i.HAL_TIM_OC_DelayElapsedCallback        0x08001882   Section        0  stm32l4xx_hal_tim.o(i.HAL_TIM_OC_DelayElapsedCallback)
    i.HAL_TIM_PWM_PulseFinishedCallback      0x08001884   Section        0  stm32l4xx_hal_tim.o(i.HAL_TIM_PWM_PulseFinishedCallback)
    i.HAL_TIM_PeriodElapsedCallback          0x08001886   Section        0  stm32l4xx_hal_timebase_tim_template.o(i.HAL_TIM_PeriodElapsedCallback)
    i.HAL_TIM_TriggerCallback                0x08001890   Section        0  stm32l4xx_hal_tim.o(i.HAL_TIM_TriggerCallback)
    i.HAL_UARTEx_WakeupCallback              0x08001892   Section        0  stm32l4xx_hal_uart_ex.o(i.HAL_UARTEx_WakeupCallback)
    i.HAL_UART_ErrorCallback                 0x08001894   Section        0  stm32l4xx_hal_uart.o(i.HAL_UART_ErrorCallback)
    i.HAL_UART_IRQHandler                    0x08001898   Section        0  stm32l4xx_hal_uart.o(i.HAL_UART_IRQHandler)
    i.HAL_UART_Init                          0x08001a24   Section        0  stm32l4xx_hal_uart.o(i.HAL_UART_Init)
    i.HAL_UART_MspInit                       0x08001a9c   Section        0  usart.o(i.HAL_UART_MspInit)
    i.HAL_UART_Receive                       0x08001b1c   Section        0  stm32l4xx_hal_uart.o(i.HAL_UART_Receive)
    i.HAL_UART_TxCpltCallback                0x08001c32   Section        0  stm32l4xx_hal_uart.o(i.HAL_UART_TxCpltCallback)
    i.HardFault_Handler                      0x08001c34   Section        0  stm32l4xx_it.o(i.HardFault_Handler)
    i.IOT_Contral                            0x08001c38   Section        0  main.o(i.IOT_Contral)
    IOT_Contral                              0x08001c39   Thumb Code    90  main.o(i.IOT_Contral)
    i.IOT_Esp8266                            0x08001cd4   Section        0  main.o(i.IOT_Esp8266)
    IOT_Esp8266                              0x08001cd5   Thumb Code   180  main.o(i.IOT_Esp8266)
    i.LED_Init                               0x08001e90   Section        0  main.o(i.LED_Init)
    i.MemManage_Handler                      0x08001ee0   Section        0  stm32l4xx_it.o(i.MemManage_Handler)
    i.NMI_Handler                            0x08001ee4   Section        0  stm32l4xx_it.o(i.NMI_Handler)
    i.NVIC_GetPriorityGrouping               0x08001ee8   Section        0  stm32l4xx_hal_cortex.o(i.NVIC_GetPriorityGrouping)
    NVIC_GetPriorityGrouping                 0x08001ee9   Thumb Code    10  stm32l4xx_hal_cortex.o(i.NVIC_GetPriorityGrouping)
    i.NVIC_SetPriority                       0x08001ef8   Section        0  stm32l4xx_hal_cortex.o(i.NVIC_SetPriority)
    NVIC_SetPriority                         0x08001ef9   Thumb Code    32  stm32l4xx_hal_cortex.o(i.NVIC_SetPriority)
    i.RCC_SetFlashLatencyFromMSIRange        0x08001f20   Section        0  stm32l4xx_hal_rcc.o(i.RCC_SetFlashLatencyFromMSIRange)
    RCC_SetFlashLatencyFromMSIRange          0x08001f21   Thumb Code   148  stm32l4xx_hal_rcc.o(i.RCC_SetFlashLatencyFromMSIRange)
    i.SysTick_Handler                        0x08001fbc   Section        0  stm32l4xx_it.o(i.SysTick_Handler)
    i.SystemClock_Config                     0x08001fc4   Section        0  sys.o(i.SystemClock_Config)
    i.SystemInit                             0x08002050   Section        0  system_stm32l4xx.o(i.SystemInit)
    i.TIM6_DAC_IRQHandler                    0x080020a0   Section        0  stm32l4xx_hal_timebase_tim_template.o(i.TIM6_DAC_IRQHandler)
    i.TIM7_IRQHandler                        0x080020b0   Section        0  timer.o(i.TIM7_IRQHandler)
    i.TIM_Base_SetConfig                     0x080020fc   Section        0  stm32l4xx_hal_tim.o(i.TIM_Base_SetConfig)
    i.UART_AdvFeatureConfig                  0x080021c8   Section        0  stm32l4xx_hal_uart.o(i.UART_AdvFeatureConfig)
    i.UART_CheckIdleState                    0x080022c0   Section        0  stm32l4xx_hal_uart.o(i.UART_CheckIdleState)
    i.UART_DMAAbortOnError                   0x08002334   Section        0  stm32l4xx_hal_uart.o(i.UART_DMAAbortOnError)
    UART_DMAAbortOnError                     0x08002335   Thumb Code    24  stm32l4xx_hal_uart.o(i.UART_DMAAbortOnError)
    i.UART_EndRxTransfer                     0x0800234c   Section        0  stm32l4xx_hal_uart.o(i.UART_EndRxTransfer)
    UART_EndRxTransfer                       0x0800234d   Thumb Code    36  stm32l4xx_hal_uart.o(i.UART_EndRxTransfer)
    i.UART_EndTransmit_IT                    0x08002370   Section        0  stm32l4xx_hal_uart.o(i.UART_EndTransmit_IT)
    UART_EndTransmit_IT                      0x08002371   Thumb Code    34  stm32l4xx_hal_uart.o(i.UART_EndTransmit_IT)
    i.UART_SetConfig                         0x08002394   Section        0  stm32l4xx_hal_uart.o(i.UART_SetConfig)
    i.UART_WaitOnFlagUntilTimeout            0x08002826   Section        0  stm32l4xx_hal_uart.o(i.UART_WaitOnFlagUntilTimeout)
    i.USART1_IRQHandler                      0x08002894   Section        0  usart.o(i.USART1_IRQHandler)
    i.USART2_IRQHandler                      0x08002934   Section        0  esp8266.o(i.USART2_IRQHandler)
    i.UsageFault_Handler                     0x080029b4   Section        0  stm32l4xx_it.o(i.UsageFault_Handler)
    i.__0printf                              0x080029b8   Section        0  printfa.o(i.__0printf)
    i.__0sprintf                             0x080029d8   Section        0  printfa.o(i.__0sprintf)
    i.__0vsprintf                            0x08002a00   Section        0  printfa.o(i.__0vsprintf)
    i.__scatterload_copy                     0x08002a24   Section       14  handlers.o(i.__scatterload_copy)
    i.__scatterload_null                     0x08002a32   Section        2  handlers.o(i.__scatterload_null)
    i.__scatterload_zeroinit                 0x08002a34   Section       14  handlers.o(i.__scatterload_zeroinit)
    i._fp_digits                             0x08002a44   Section        0  printfa.o(i._fp_digits)
    _fp_digits                               0x08002a45   Thumb Code   366  printfa.o(i._fp_digits)
    i._printf_core                           0x08002bd0   Section        0  printfa.o(i._printf_core)
    _printf_core                             0x08002bd1   Thumb Code  1744  printfa.o(i._printf_core)
    i._printf_post_padding                   0x080032b2   Section        0  printfa.o(i._printf_post_padding)
    _printf_post_padding                     0x080032b3   Thumb Code    36  printfa.o(i._printf_post_padding)
    i._printf_pre_padding                    0x080032d6   Section        0  printfa.o(i._printf_pre_padding)
    _printf_pre_padding                      0x080032d7   Thumb Code    46  printfa.o(i._printf_pre_padding)
    i._sputc                                 0x08003304   Section        0  printfa.o(i._sputc)
    _sputc                                   0x08003305   Thumb Code    10  printfa.o(i._sputc)
    i.appmain                                0x08003310   Section        0  main.o(i.appmain)
    appmain                                  0x08003311   Thumb Code   110  main.o(i.appmain)
    i.atk_8266_check_cmd                     0x080033bc   Section        0  esp8266.o(i.atk_8266_check_cmd)
    i.atk_8266_send_cmd                      0x080033f0   Section        0  esp8266.o(i.atk_8266_send_cmd)
    i.delay_ms                               0x08003484   Section        0  delay.o(i.delay_ms)
    i.delay_us                               0x08003496   Section        0  delay.o(i.delay_us)
    i.esp_8266_SendData                      0x080034d4   Section        0  esp8266.o(i.esp_8266_SendData)
    i.esp_8266_connect_server                0x08003500   Section        0  esp8266.o(i.esp_8266_connect_server)
    i.esp_8266_connect_wifi                  0x08003550   Section        0  esp8266.o(i.esp_8266_connect_wifi)
    i.esp_8266_mode                          0x080035c0   Section        0  esp8266.o(i.esp_8266_mode)
    i.esp_8266_passthrough                   0x080035f4   Section        0  esp8266.o(i.esp_8266_passthrough)
    i.fputc                                  0x08003638   Section        0  usart.o(i.fputc)
    i.init_TIM7                              0x08003654   Section        0  timer.o(i.init_TIM7)
    i.init_uart2                             0x0800368c   Section        0  esp8266.o(i.init_uart2)
    i.main                                   0x08003770   Section        0  main.o(i.main)
    i.prvAddCurrentTaskToDelayedList         0x080037c8   Section        0  tasks.o(i.prvAddCurrentTaskToDelayedList)
    prvAddCurrentTaskToDelayedList           0x080037c9   Thumb Code   124  tasks.o(i.prvAddCurrentTaskToDelayedList)
    i.prvAddNewTaskToReadyList               0x08003860   Section        0  tasks.o(i.prvAddNewTaskToReadyList)
    prvAddNewTaskToReadyList                 0x08003861   Thumb Code   150  tasks.o(i.prvAddNewTaskToReadyList)
    i.prvCheckTasksWaitingTermination        0x08003914   Section        0  tasks.o(i.prvCheckTasksWaitingTermination)
    prvCheckTasksWaitingTermination          0x08003915   Thumb Code    86  tasks.o(i.prvCheckTasksWaitingTermination)
    i.prvCopyDataFromQueue                   0x08003978   Section        0  queue.o(i.prvCopyDataFromQueue)
    prvCopyDataFromQueue                     0x08003979   Thumb Code    42  queue.o(i.prvCopyDataFromQueue)
    i.prvCopyDataToQueue                     0x080039a2   Section        0  queue.o(i.prvCopyDataToQueue)
    prvCopyDataToQueue                       0x080039a3   Thumb Code   106  queue.o(i.prvCopyDataToQueue)
    i.prvDeleteTCB                           0x08003a0c   Section        0  tasks.o(i.prvDeleteTCB)
    prvDeleteTCB                             0x08003a0d   Thumb Code    18  tasks.o(i.prvDeleteTCB)
    i.prvHeapInit                            0x08003a20   Section        0  heap_4.o(i.prvHeapInit)
    prvHeapInit                              0x08003a21   Thumb Code    98  heap_4.o(i.prvHeapInit)
    i.prvIdleTask                            0x08003a9c   Section        0  tasks.o(i.prvIdleTask)
    prvIdleTask                              0x08003a9d   Thumb Code    32  tasks.o(i.prvIdleTask)
    i.prvInitialiseNewQueue                  0x08003ac4   Section        0  queue.o(i.prvInitialiseNewQueue)
    prvInitialiseNewQueue                    0x08003ac5   Thumb Code    38  queue.o(i.prvInitialiseNewQueue)
    i.prvInitialiseNewTask                   0x08003aea   Section        0  tasks.o(i.prvInitialiseNewTask)
    prvInitialiseNewTask                     0x08003aeb   Thumb Code   128  tasks.o(i.prvInitialiseNewTask)
    i.prvInitialiseTaskLists                 0x08003b70   Section        0  tasks.o(i.prvInitialiseTaskLists)
    prvInitialiseTaskLists                   0x08003b71   Thumb Code    70  tasks.o(i.prvInitialiseTaskLists)
    i.prvInsertBlockIntoFreeList             0x08003bd8   Section        0  heap_4.o(i.prvInsertBlockIntoFreeList)
    prvInsertBlockIntoFreeList               0x08003bd9   Thumb Code    96  heap_4.o(i.prvInsertBlockIntoFreeList)
    i.prvIsQueueEmpty                        0x08003c40   Section        0  queue.o(i.prvIsQueueEmpty)
    prvIsQueueEmpty                          0x08003c41   Thumb Code    26  queue.o(i.prvIsQueueEmpty)
    i.prvIsQueueFull                         0x08003c5a   Section        0  queue.o(i.prvIsQueueFull)
    prvIsQueueFull                           0x08003c5b   Thumb Code    30  queue.o(i.prvIsQueueFull)
    i.prvResetNextTaskUnblockTime            0x08003c78   Section        0  tasks.o(i.prvResetNextTaskUnblockTime)
    prvResetNextTaskUnblockTime              0x08003c79   Thumb Code    42  tasks.o(i.prvResetNextTaskUnblockTime)
    i.prvTaskExitError                       0x08003cac   Section        0  port.o(i.prvTaskExitError)
    prvTaskExitError                         0x08003cad   Thumb Code    22  port.o(i.prvTaskExitError)
    i.prvUnlockQueue                         0x08003cc2   Section        0  queue.o(i.prvUnlockQueue)
    prvUnlockQueue                           0x08003cc3   Thumb Code   126  queue.o(i.prvUnlockQueue)
    i.pvPortMalloc                           0x08003d40   Section        0  heap_4.o(i.pvPortMalloc)
    i.pxPortInitialiseStack                  0x08003e10   Section        0  port.o(i.pxPortInitialiseStack)
    i.u2_printf                              0x08003e3c   Section        0  esp8266.o(i.u2_printf)
    i.uart_init                              0x08003e8c   Section        0  usart.o(i.uart_init)
    i.uxListRemove                           0x08003ed8   Section        0  list.o(i.uxListRemove)
    i.vListInitialise                        0x08003f00   Section        0  list.o(i.vListInitialise)
    i.vListInitialiseItem                    0x08003f1a   Section        0  list.o(i.vListInitialiseItem)
    i.vListInsert                            0x08003f20   Section        0  list.o(i.vListInsert)
    i.vListInsertEnd                         0x08003f54   Section        0  list.o(i.vListInsertEnd)
    i.vPortEnterCritical                     0x08003f6c   Section        0  port.o(i.vPortEnterCritical)
    i.vPortExitCritical                      0x08003f90   Section        0  port.o(i.vPortExitCritical)
    i.vPortFree                              0x08003fb0   Section        0  heap_4.o(i.vPortFree)
    i.vPortSetupTimerInterrupt               0x08003ff8   Section        0  port.o(i.vPortSetupTimerInterrupt)
    i.vTaskDelay                             0x0800400c   Section        0  tasks.o(i.vTaskDelay)
    i.vTaskDelete                            0x08004040   Section        0  tasks.o(i.vTaskDelete)
    i.vTaskMissedYield                       0x0800410c   Section        0  tasks.o(i.vTaskMissedYield)
    i.vTaskPlaceOnEventList                  0x08004118   Section        0  tasks.o(i.vTaskPlaceOnEventList)
    i.vTaskSetTimeOutState                   0x08004138   Section        0  tasks.o(i.vTaskSetTimeOutState)
    i.vTaskStartScheduler                    0x08004150   Section        0  tasks.o(i.vTaskStartScheduler)
    i.vTaskSuspendAll                        0x080041b4   Section        0  tasks.o(i.vTaskSuspendAll)
    i.vTaskSwitchContext                     0x080041c4   Section        0  tasks.o(i.vTaskSwitchContext)
    i.xPortStartScheduler                    0x08004224   Section        0  port.o(i.xPortStartScheduler)
    i.xPortSysTickHandler                    0x0800426c   Section        0  port.o(i.xPortSysTickHandler)
    i.xQueueGenericCreate                    0x080042a0   Section        0  queue.o(i.xQueueGenericCreate)
    i.xQueueGenericReceive                   0x080042d8   Section        0  queue.o(i.xQueueGenericReceive)
    i.xQueueGenericReset                     0x08004414   Section        0  queue.o(i.xQueueGenericReset)
    i.xQueueGenericSend                      0x08004494   Section        0  queue.o(i.xQueueGenericSend)
    i.xTaskCheckForTimeOut                   0x080045ac   Section        0  tasks.o(i.xTaskCheckForTimeOut)
    i.xTaskCreate                            0x08004608   Section        0  tasks.o(i.xTaskCreate)
    i.xTaskIncrementTick                     0x08004670   Section        0  tasks.o(i.xTaskIncrementTick)
    i.xTaskRemoveFromEventList               0x0800478c   Section        0  tasks.o(i.xTaskRemoveFromEventList)
    i.xTaskResumeAll                         0x0800480c   Section        0  tasks.o(i.xTaskResumeAll)
    .constdata                               0x080048f4   Section       72  system_stm32l4xx.o(.constdata)
    .data                                    0x20000000   Section        4  system_stm32l4xx.o(.data)
    .data                                    0x20000004   Section        4  stm32l4xx_hal.o(.data)
    .data                                    0x20000008   Section        6  usart.o(.data)
    .data                                    0x20000010   Section       18  main.o(.data)
    AppMain_Handle                           0x20000010   Data           4  main.o(.data)
    ESP8266_Handle                           0x20000014   Data           4  main.o(.data)
    IOTContral_Handle                        0x20000018   Data           4  main.o(.data)
    wifi_stu                                 0x20000020   Data           1  main.o(.data)
    cnt                                      0x20000021   Data           1  main.o(.data)
    .data                                    0x20000022   Section        2  esp8266.o(.data)
    .data                                    0x20000024   Section       60  tasks.o(.data)
    pxDelayedTaskList                        0x20000028   Data           4  tasks.o(.data)
    pxOverflowDelayedTaskList                0x2000002c   Data           4  tasks.o(.data)
    uxDeletedTasksWaitingCleanUp             0x20000030   Data           4  tasks.o(.data)
    uxCurrentNumberOfTasks                   0x20000034   Data           4  tasks.o(.data)
    xTickCount                               0x20000038   Data           4  tasks.o(.data)
    uxTopReadyPriority                       0x2000003c   Data           4  tasks.o(.data)
    xSchedulerRunning                        0x20000040   Data           4  tasks.o(.data)
    uxPendedTicks                            0x20000044   Data           4  tasks.o(.data)
    xYieldPending                            0x20000048   Data           4  tasks.o(.data)
    xNumOfOverflows                          0x2000004c   Data           4  tasks.o(.data)
    uxTaskNumber                             0x20000050   Data           4  tasks.o(.data)
    xNextTaskUnblockTime                     0x20000054   Data           4  tasks.o(.data)
    xIdleTaskHandle                          0x20000058   Data           4  tasks.o(.data)
    uxSchedulerSuspended                     0x2000005c   Data           4  tasks.o(.data)
    .data                                    0x20000060   Section       24  heap_4.o(.data)
    xStart                                   0x20000060   Data           8  heap_4.o(.data)
    pxEnd                                    0x20000068   Data           4  heap_4.o(.data)
    xFreeBytesRemaining                      0x2000006c   Data           4  heap_4.o(.data)
    xMinimumEverFreeBytesRemaining           0x20000070   Data           4  heap_4.o(.data)
    xBlockAllocatedBit                       0x20000074   Data           4  heap_4.o(.data)
    .data                                    0x20000078   Section        4  port.o(.data)
    uxCriticalNesting                        0x20000078   Data           4  port.o(.data)
    .bss                                     0x2000007c   Section       64  stm32l4xx_hal_timebase_tim_template.o(.bss)
    .bss                                     0x200000bc   Section      320  usart.o(.bss)
    .bss                                     0x200001fc   Section     2168  esp8266.o(.bss)
    USART2_TX_BUF                            0x200001fc   Data        1024  esp8266.o(.bss)
    .bss                                     0x20000a74   Section       64  timer.o(.bss)
    .bss                                     0x20000ab4   Section      200  tasks.o(.bss)
    pxReadyTasksLists                        0x20000ab4   Data         100  tasks.o(.bss)
    xDelayedTaskList1                        0x20000b18   Data          20  tasks.o(.bss)
    xDelayedTaskList2                        0x20000b2c   Data          20  tasks.o(.bss)
    xPendingReadyList                        0x20000b40   Data          20  tasks.o(.bss)
    xTasksWaitingTermination                 0x20000b54   Data          20  tasks.o(.bss)
    xSuspendedTaskList                       0x20000b68   Data          20  tasks.o(.bss)
    .bss                                     0x20000b7c   Section    17408  heap_4.o(.bss)
    ucHeap                                   0x20000b7c   Data       17408  heap_4.o(.bss)
    STACK                                    0x20004f80   Section     1024  startup_stm32l475xx.o(STACK)

    Global Symbols

    Symbol Name                              Value     Ov Type        Size  Object(Section)

    BuildAttributes$$THM_ISAv4$E$P$D$K$B$S$7EM$VFPi3$EXTD16$VFPS$VFMA$PE$A:L22UL41UL21$X:L11$S22US41US21$IEEE1$IW$USESV6$~STKCKD$USESV7$~SHL$OSPACE$ROPI$EBA8$MICROLIB$REQ8$PRES8$EABIv2 0x00000000   Number         0  anon$$obj.o ABSOLUTE
    __ARM_use_no_argv                        0x00000000   Number         0  main.o ABSOLUTE
    __use_no_errno                           0x00000000   Number         0  useno.o ABSOLUTE
    __use_no_exception_handling              0x00000000   Number         0  useno.o ABSOLUTE
    __use_no_fp                              0x00000000   Number         0  useno.o ABSOLUTE
    __use_no_heap                            0x00000000   Number         0  useno.o ABSOLUTE
    __use_no_heap_region                     0x00000000   Number         0  useno.o ABSOLUTE
    __use_no_semihosting                     0x00000000   Number         0  useno.o ABSOLUTE
    __use_no_semihosting_swi                 0x00000000   Number         0  useno.o ABSOLUTE
    __use_no_signal_handling                 0x00000000   Number         0  useno.o ABSOLUTE
    _printf_a                                0x00000000   Number         0  stubs.o ABSOLUTE
    _printf_c                                0x00000000   Number         0  stubs.o ABSOLUTE
    _printf_charcount                        0x00000000   Number         0  stubs.o ABSOLUTE
    _printf_d                                0x00000000   Number         0  stubs.o ABSOLUTE
    _printf_e                                0x00000000   Number         0  stubs.o ABSOLUTE
    _printf_f                                0x00000000   Number         0  stubs.o ABSOLUTE
    _printf_flags                            0x00000000   Number         0  stubs.o ABSOLUTE
    _printf_fp_dec                           0x00000000   Number         0  stubs.o ABSOLUTE
    _printf_fp_hex                           0x00000000   Number         0  stubs.o ABSOLUTE
    _printf_g                                0x00000000   Number         0  stubs.o ABSOLUTE
    _printf_i                                0x00000000   Number         0  stubs.o ABSOLUTE
    _printf_int_dec                          0x00000000   Number         0  stubs.o ABSOLUTE
    _printf_l                                0x00000000   Number         0  stubs.o ABSOLUTE
    _printf_lc                               0x00000000   Number         0  stubs.o ABSOLUTE
    _printf_ll                               0x00000000   Number         0  stubs.o ABSOLUTE
    _printf_lld                              0x00000000   Number         0  stubs.o ABSOLUTE
    _printf_lli                              0x00000000   Number         0  stubs.o ABSOLUTE
    _printf_llo                              0x00000000   Number         0  stubs.o ABSOLUTE
    _printf_llu                              0x00000000   Number         0  stubs.o ABSOLUTE
    _printf_llx                              0x00000000   Number         0  stubs.o ABSOLUTE
    _printf_longlong_dec                     0x00000000   Number         0  stubs.o ABSOLUTE
    _printf_longlong_hex                     0x00000000   Number         0  stubs.o ABSOLUTE
    _printf_longlong_oct                     0x00000000   Number         0  stubs.o ABSOLUTE
    _printf_ls                               0x00000000   Number         0  stubs.o ABSOLUTE
    _printf_mbtowc                           0x00000000   Number         0  stubs.o ABSOLUTE
    _printf_n                                0x00000000   Number         0  stubs.o ABSOLUTE
    _printf_o                                0x00000000   Number         0  stubs.o ABSOLUTE
    _printf_p                                0x00000000   Number         0  stubs.o ABSOLUTE
    _printf_percent                          0x00000000   Number         0  stubs.o ABSOLUTE
    _printf_pre_padding                      0x00000000   Number         0  stubs.o ABSOLUTE
    _printf_return_value                     0x00000000   Number         0  stubs.o ABSOLUTE
    _printf_s                                0x00000000   Number         0  stubs.o ABSOLUTE
    _printf_sizespec                         0x00000000   Number         0  stubs.o ABSOLUTE
    _printf_str                              0x00000000   Number         0  stubs.o ABSOLUTE
    _printf_truncate_signed                  0x00000000   Number         0  stubs.o ABSOLUTE
    _printf_truncate_unsigned                0x00000000   Number         0  stubs.o ABSOLUTE
    _printf_u                                0x00000000   Number         0  stubs.o ABSOLUTE
    _printf_wc                               0x00000000   Number         0  stubs.o ABSOLUTE
    _printf_wctomb                           0x00000000   Number         0  stubs.o ABSOLUTE
    _printf_widthprec                        0x00000000   Number         0  stubs.o ABSOLUTE
    _printf_x                                0x00000000   Number         0  stubs.o ABSOLUTE
    __cpp_initialize__aeabi_                  - Undefined Weak Reference
    __cxa_finalize                            - Undefined Weak Reference
    __decompress                              - Undefined Weak Reference
    _clock_init                               - Undefined Weak Reference
    _microlib_exit                            - Undefined Weak Reference
    __Vectors_Size                           0x00000188   Number         0  startup_stm32l475xx.o ABSOLUTE
    __Vectors                                0x08000000   Data           4  startup_stm32l475xx.o(RESET)
    __Vectors_End                            0x08000188   Data           0  startup_stm32l475xx.o(RESET)
    __main                                   0x08000189   Thumb Code     0  entry.o(.ARM.Collect$$$$00000000)
    _main_stk                                0x08000189   Thumb Code     0  entry2.o(.ARM.Collect$$$$00000001)
    _main_scatterload                        0x0800018d   Thumb Code     0  entry5.o(.ARM.Collect$$$$00000004)
    __main_after_scatterload                 0x08000191   Thumb Code     0  entry5.o(.ARM.Collect$$$$00000004)
    _main_clock                              0x08000191   Thumb Code     0  entry7b.o(.ARM.Collect$$$$00000008)
    _main_cpp_init                           0x08000191   Thumb Code     0  entry8b.o(.ARM.Collect$$$$0000000A)
    _main_init                               0x08000191   Thumb Code     0  entry9a.o(.ARM.Collect$$$$0000000B)
    __rt_final_cpp                           0x08000199   Thumb Code     0  entry10a.o(.ARM.Collect$$$$0000000D)
    __rt_final_exit                          0x08000199   Thumb Code     0  entry11a.o(.ARM.Collect$$$$0000000F)
    SVC_Handler                              0x0800019d   Thumb Code    28  port.o(.emb_text)
    __asm___6_port_c_39a90d8d__prvStartFirstTask 0x080001bd   Thumb Code    28  port.o(.emb_text)
    __asm___6_port_c_39a90d8d__prvEnableVFP  0x080001dd   Thumb Code    16  port.o(.emb_text)
    PendSV_Handler                           0x080001f1   Thumb Code    88  port.o(.emb_text)
    vPortGetIPSR                             0x0800024d   Thumb Code     6  port.o(.emb_text)
    Reset_Handler                            0x08000275   Thumb Code     8  startup_stm32l475xx.o(.text)
    ADC1_2_IRQHandler                        0x0800028f   Thumb Code     0  startup_stm32l475xx.o(.text)
    ADC3_IRQHandler                          0x0800028f   Thumb Code     0  startup_stm32l475xx.o(.text)
    CAN1_RX0_IRQHandler                      0x0800028f   Thumb Code     0  startup_stm32l475xx.o(.text)
    CAN1_RX1_IRQHandler                      0x0800028f   Thumb Code     0  startup_stm32l475xx.o(.text)
    CAN1_SCE_IRQHandler                      0x0800028f   Thumb Code     0  startup_stm32l475xx.o(.text)
    CAN1_TX_IRQHandler                       0x0800028f   Thumb Code     0  startup_stm32l475xx.o(.text)
    COMP_IRQHandler                          0x0800028f   Thumb Code     0  startup_stm32l475xx.o(.text)
    DFSDM1_FLT0_IRQHandler                   0x0800028f   Thumb Code     0  startup_stm32l475xx.o(.text)
    DFSDM1_FLT1_IRQHandler                   0x0800028f   Thumb Code     0  startup_stm32l475xx.o(.text)
    DFSDM1_FLT2_IRQHandler                   0x0800028f   Thumb Code     0  startup_stm32l475xx.o(.text)
    DFSDM1_FLT3_IRQHandler                   0x0800028f   Thumb Code     0  startup_stm32l475xx.o(.text)
    DMA1_Channel1_IRQHandler                 0x0800028f   Thumb Code     0  startup_stm32l475xx.o(.text)
    DMA1_Channel2_IRQHandler                 0x0800028f   Thumb Code     0  startup_stm32l475xx.o(.text)
    DMA1_Channel3_IRQHandler                 0x0800028f   Thumb Code     0  startup_stm32l475xx.o(.text)
    DMA1_Channel4_IRQHandler                 0x0800028f   Thumb Code     0  startup_stm32l475xx.o(.text)
    DMA1_Channel5_IRQHandler                 0x0800028f   Thumb Code     0  startup_stm32l475xx.o(.text)
    DMA1_Channel6_IRQHandler                 0x0800028f   Thumb Code     0  startup_stm32l475xx.o(.text)
    DMA1_Channel7_IRQHandler                 0x0800028f   Thumb Code     0  startup_stm32l475xx.o(.text)
    DMA2_Channel1_IRQHandler                 0x0800028f   Thumb Code     0  startup_stm32l475xx.o(.text)
    DMA2_Channel2_IRQHandler                 0x0800028f   Thumb Code     0  startup_stm32l475xx.o(.text)
    DMA2_Channel3_IRQHandler                 0x0800028f   Thumb Code     0  startup_stm32l475xx.o(.text)
    DMA2_Channel4_IRQHandler                 0x0800028f   Thumb Code     0  startup_stm32l475xx.o(.text)
    DMA2_Channel5_IRQHandler                 0x0800028f   Thumb Code     0  startup_stm32l475xx.o(.text)
    DMA2_Channel6_IRQHandler                 0x0800028f   Thumb Code     0  startup_stm32l475xx.o(.text)
    DMA2_Channel7_IRQHandler                 0x0800028f   Thumb Code     0  startup_stm32l475xx.o(.text)
    EXTI0_IRQHandler                         0x0800028f   Thumb Code     0  startup_stm32l475xx.o(.text)
    EXTI15_10_IRQHandler                     0x0800028f   Thumb Code     0  startup_stm32l475xx.o(.text)
    EXTI1_IRQHandler                         0x0800028f   Thumb Code     0  startup_stm32l475xx.o(.text)
    EXTI2_IRQHandler                         0x0800028f   Thumb Code     0  startup_stm32l475xx.o(.text)
    EXTI3_IRQHandler                         0x0800028f   Thumb Code     0  startup_stm32l475xx.o(.text)
    EXTI4_IRQHandler                         0x0800028f   Thumb Code     0  startup_stm32l475xx.o(.text)
    EXTI9_5_IRQHandler                       0x0800028f   Thumb Code     0  startup_stm32l475xx.o(.text)
    FLASH_IRQHandler                         0x0800028f   Thumb Code     0  startup_stm32l475xx.o(.text)
    FMC_IRQHandler                           0x0800028f   Thumb Code     0  startup_stm32l475xx.o(.text)
    FPU_IRQHandler                           0x0800028f   Thumb Code     0  startup_stm32l475xx.o(.text)
    I2C1_ER_IRQHandler                       0x0800028f   Thumb Code     0  startup_stm32l475xx.o(.text)
    I2C1_EV_IRQHandler                       0x0800028f   Thumb Code     0  startup_stm32l475xx.o(.text)
    I2C2_ER_IRQHandler                       0x0800028f   Thumb Code     0  startup_stm32l475xx.o(.text)
    I2C2_EV_IRQHandler                       0x0800028f   Thumb Code     0  startup_stm32l475xx.o(.text)
    I2C3_ER_IRQHandler                       0x0800028f   Thumb Code     0  startup_stm32l475xx.o(.text)
    I2C3_EV_IRQHandler                       0x0800028f   Thumb Code     0  startup_stm32l475xx.o(.text)
    LPTIM1_IRQHandler                        0x0800028f   Thumb Code     0  startup_stm32l475xx.o(.text)
    LPTIM2_IRQHandler                        0x0800028f   Thumb Code     0  startup_stm32l475xx.o(.text)
    LPUART1_IRQHandler                       0x0800028f   Thumb Code     0  startup_stm32l475xx.o(.text)
    OTG_FS_IRQHandler                        0x0800028f   Thumb Code     0  startup_stm32l475xx.o(.text)
    PVD_PVM_IRQHandler                       0x0800028f   Thumb Code     0  startup_stm32l475xx.o(.text)
    QUADSPI_IRQHandler                       0x0800028f   Thumb Code     0  startup_stm32l475xx.o(.text)
    RCC_IRQHandler                           0x0800028f   Thumb Code     0  startup_stm32l475xx.o(.text)
    RNG_IRQHandler                           0x0800028f   Thumb Code     0  startup_stm32l475xx.o(.text)
    RTC_Alarm_IRQHandler                     0x0800028f   Thumb Code     0  startup_stm32l475xx.o(.text)
    RTC_WKUP_IRQHandler                      0x0800028f   Thumb Code     0  startup_stm32l475xx.o(.text)
    SAI1_IRQHandler                          0x0800028f   Thumb Code     0  startup_stm32l475xx.o(.text)
    SAI2_IRQHandler                          0x0800028f   Thumb Code     0  startup_stm32l475xx.o(.text)
    SDMMC1_IRQHandler                        0x0800028f   Thumb Code     0  startup_stm32l475xx.o(.text)
    SPI1_IRQHandler                          0x0800028f   Thumb Code     0  startup_stm32l475xx.o(.text)
    SPI2_IRQHandler                          0x0800028f   Thumb Code     0  startup_stm32l475xx.o(.text)
    SPI3_IRQHandler                          0x0800028f   Thumb Code     0  startup_stm32l475xx.o(.text)
    SWPMI1_IRQHandler                        0x0800028f   Thumb Code     0  startup_stm32l475xx.o(.text)
    TAMP_STAMP_IRQHandler                    0x0800028f   Thumb Code     0  startup_stm32l475xx.o(.text)
    TIM1_BRK_TIM15_IRQHandler                0x0800028f   Thumb Code     0  startup_stm32l475xx.o(.text)
    TIM1_CC_IRQHandler                       0x0800028f   Thumb Code     0  startup_stm32l475xx.o(.text)
    TIM1_TRG_COM_TIM17_IRQHandler            0x0800028f   Thumb Code     0  startup_stm32l475xx.o(.text)
    TIM1_UP_TIM16_IRQHandler                 0x0800028f   Thumb Code     0  startup_stm32l475xx.o(.text)
    TIM2_IRQHandler                          0x0800028f   Thumb Code     0  startup_stm32l475xx.o(.text)
    TIM3_IRQHandler                          0x0800028f   Thumb Code     0  startup_stm32l475xx.o(.text)
    TIM4_IRQHandler                          0x0800028f   Thumb Code     0  startup_stm32l475xx.o(.text)
    TIM5_IRQHandler                          0x0800028f   Thumb Code     0  startup_stm32l475xx.o(.text)
    TIM8_BRK_IRQHandler                      0x0800028f   Thumb Code     0  startup_stm32l475xx.o(.text)
    TIM8_CC_IRQHandler                       0x0800028f   Thumb Code     0  startup_stm32l475xx.o(.text)
    TIM8_TRG_COM_IRQHandler                  0x0800028f   Thumb Code     0  startup_stm32l475xx.o(.text)
    TIM8_UP_IRQHandler                       0x0800028f   Thumb Code     0  startup_stm32l475xx.o(.text)
    TSC_IRQHandler                           0x0800028f   Thumb Code     0  startup_stm32l475xx.o(.text)
    UART4_IRQHandler                         0x0800028f   Thumb Code     0  startup_stm32l475xx.o(.text)
    UART5_IRQHandler                         0x0800028f   Thumb Code     0  startup_stm32l475xx.o(.text)
    USART3_IRQHandler                        0x0800028f   Thumb Code     0  startup_stm32l475xx.o(.text)
    WWDG_IRQHandler                          0x0800028f   Thumb Code     0  startup_stm32l475xx.o(.text)
    __aeabi_uldivmod                         0x08000299   Thumb Code    98  uldiv.o(.text)
    __aeabi_memcpy                           0x08000301   Thumb Code    36  memcpya.o(.text)
    __aeabi_memcpy4                          0x08000301   Thumb Code     0  memcpya.o(.text)
    __aeabi_memcpy8                          0x08000301   Thumb Code     0  memcpya.o(.text)
    strstr                                   0x08000325   Thumb Code    36  strstr.o(.text)
    strlen                                   0x08000349   Thumb Code    14  strlen.o(.text)
    __aeabi_uidiv                            0x08000357   Thumb Code     0  uidiv.o(.text)
    __aeabi_uidivmod                         0x08000357   Thumb Code    44  uidiv.o(.text)
    __aeabi_llsl                             0x08000383   Thumb Code    30  llshl.o(.text)
    _ll_shift_l                              0x08000383   Thumb Code     0  llshl.o(.text)
    __aeabi_llsr                             0x080003a1   Thumb Code    32  llushr.o(.text)
    _ll_ushift_r                             0x080003a1   Thumb Code     0  llushr.o(.text)
    __I$use$fp                               0x080003c1   Thumb Code     0  iusefp.o(.text)
    __aeabi_dadd                             0x080003c1   Thumb Code   322  dadd.o(.text)
    __aeabi_dsub                             0x08000503   Thumb Code     6  dadd.o(.text)
    __aeabi_drsub                            0x08000509   Thumb Code     6  dadd.o(.text)
    __aeabi_dmul                             0x0800051f   Thumb Code   228  dmul.o(.text)
    __aeabi_ddiv                             0x08000609   Thumb Code   222  ddiv.o(.text)
    __aeabi_d2ulz                            0x080006e7   Thumb Code    48  dfixul.o(.text)
    __aeabi_cdrcmple                         0x08000719   Thumb Code    48  cdrcmple.o(.text)
    __scatterload                            0x08000749   Thumb Code    28  init.o(.text)
    __scatterload_rt2                        0x08000749   Thumb Code     0  init.o(.text)
    __aeabi_lasr                             0x0800076d   Thumb Code    36  llsshr.o(.text)
    _ll_sshift_r                             0x0800076d   Thumb Code     0  llsshr.o(.text)
    _double_round                            0x08000791   Thumb Code    30  depilogue.o(.text)
    _double_epilogue                         0x080007af   Thumb Code   156  depilogue.o(.text)
    BusFault_Handler                         0x0800084b   Thumb Code     4  stm32l4xx_it.o(i.BusFault_Handler)
    DebugMon_Handler                         0x0800084f   Thumb Code     2  stm32l4xx_it.o(i.DebugMon_Handler)
    HAL_DMA_Abort_IT                         0x08000851   Thumb Code    92  stm32l4xx_hal_dma.o(i.HAL_DMA_Abort_IT)
    HAL_GPIO_Init                            0x080008ad   Thumb Code   480  stm32l4xx_hal_gpio.o(i.HAL_GPIO_Init)
    HAL_GPIO_WritePin                        0x08000ab1   Thumb Code    10  stm32l4xx_hal_gpio.o(i.HAL_GPIO_WritePin)
    HAL_GetTick                              0x08000abd   Thumb Code     6  stm32l4xx_hal.o(i.HAL_GetTick)
    HAL_IncTick                              0x08000ac9   Thumb Code    12  stm32l4xx_hal.o(i.HAL_IncTick)
    HAL_InitTick                             0x08000ad9   Thumb Code   132  stm32l4xx_hal_timebase_tim_template.o(i.HAL_InitTick)
    HAL_NVIC_EnableIRQ                       0x08000b6d   Thumb Code    26  stm32l4xx_hal_cortex.o(i.HAL_NVIC_EnableIRQ)
    HAL_NVIC_SetPriority                     0x08000b87   Thumb Code   124  stm32l4xx_hal_cortex.o(i.HAL_NVIC_SetPriority)
    HAL_NVIC_SetPriorityGrouping             0x08000c09   Thumb Code    32  stm32l4xx_hal_cortex.o(i.HAL_NVIC_SetPriorityGrouping)
    HAL_PWREx_ControlVoltageScaling          0x08000c31   Thumb Code   128  stm32l4xx_hal_pwr_ex.o(i.HAL_PWREx_ControlVoltageScaling)
    HAL_PWREx_GetVoltageRange                0x08000cbd   Thumb Code    10  stm32l4xx_hal_pwr_ex.o(i.HAL_PWREx_GetVoltageRange)
    HAL_RCC_ClockConfig                      0x08000ccd   Thumb Code   358  stm32l4xx_hal_rcc.o(i.HAL_RCC_ClockConfig)
    HAL_RCC_GetClockConfig                   0x08000e45   Thumb Code    58  stm32l4xx_hal_rcc.o(i.HAL_RCC_GetClockConfig)
    HAL_RCC_GetHCLKFreq                      0x08000e89   Thumb Code     6  stm32l4xx_hal_rcc.o(i.HAL_RCC_GetHCLKFreq)
    HAL_RCC_GetPCLK1Freq                     0x08000e95   Thumb Code    26  stm32l4xx_hal_rcc.o(i.HAL_RCC_GetPCLK1Freq)
    HAL_RCC_GetPCLK2Freq                     0x08000eb9   Thumb Code    26  stm32l4xx_hal_rcc.o(i.HAL_RCC_GetPCLK2Freq)
    HAL_RCC_GetSysClockFreq                  0x08000edd   Thumb Code   266  stm32l4xx_hal_rcc.o(i.HAL_RCC_GetSysClockFreq)
    HAL_RCC_OscConfig                        0x08000ff9   Thumb Code  1536  stm32l4xx_hal_rcc.o(i.HAL_RCC_OscConfig)
    HAL_TIMEx_Break2Callback                 0x08001605   Thumb Code     2  stm32l4xx_hal_tim_ex.o(i.HAL_TIMEx_Break2Callback)
    HAL_TIMEx_BreakCallback                  0x08001607   Thumb Code     2  stm32l4xx_hal_tim_ex.o(i.HAL_TIMEx_BreakCallback)
    HAL_TIMEx_CommutationCallback            0x08001609   Thumb Code     2  stm32l4xx_hal_tim_ex.o(i.HAL_TIMEx_CommutationCallback)
    HAL_TIM_Base_Init                        0x0800160b   Thumb Code    52  stm32l4xx_hal_tim.o(i.HAL_TIM_Base_Init)
    HAL_TIM_Base_MspInit                     0x08001641   Thumb Code    58  timer.o(i.HAL_TIM_Base_MspInit)
    HAL_TIM_Base_Start_IT                    0x08001685   Thumb Code    62  stm32l4xx_hal_tim.o(i.HAL_TIM_Base_Start_IT)
    HAL_TIM_IC_CaptureCallback               0x080016c9   Thumb Code     2  stm32l4xx_hal_tim.o(i.HAL_TIM_IC_CaptureCallback)
    HAL_TIM_IRQHandler                       0x080016cb   Thumb Code   440  stm32l4xx_hal_tim.o(i.HAL_TIM_IRQHandler)
    HAL_TIM_OC_DelayElapsedCallback          0x08001883   Thumb Code     2  stm32l4xx_hal_tim.o(i.HAL_TIM_OC_DelayElapsedCallback)
    HAL_TIM_PWM_PulseFinishedCallback        0x08001885   Thumb Code     2  stm32l4xx_hal_tim.o(i.HAL_TIM_PWM_PulseFinishedCallback)
    HAL_TIM_PeriodElapsedCallback            0x08001887   Thumb Code    10  stm32l4xx_hal_timebase_tim_template.o(i.HAL_TIM_PeriodElapsedCallback)
    HAL_TIM_TriggerCallback                  0x08001891   Thumb Code     2  stm32l4xx_hal_tim.o(i.HAL_TIM_TriggerCallback)
    HAL_UARTEx_WakeupCallback                0x08001893   Thumb Code     2  stm32l4xx_hal_uart_ex.o(i.HAL_UARTEx_WakeupCallback)
    HAL_UART_ErrorCallback                   0x08001895   Thumb Code     2  stm32l4xx_hal_uart.o(i.HAL_UART_ErrorCallback)
    HAL_UART_IRQHandler                      0x08001899   Thumb Code   392  stm32l4xx_hal_uart.o(i.HAL_UART_IRQHandler)
    HAL_UART_Init                            0x08001a25   Thumb Code   120  stm32l4xx_hal_uart.o(i.HAL_UART_Init)
    HAL_UART_MspInit                         0x08001a9d   Thumb Code   118  usart.o(i.HAL_UART_MspInit)
    HAL_UART_Receive                         0x08001b1d   Thumb Code   272  stm32l4xx_hal_uart.o(i.HAL_UART_Receive)
    HAL_UART_TxCpltCallback                  0x08001c33   Thumb Code     2  stm32l4xx_hal_uart.o(i.HAL_UART_TxCpltCallback)
    HardFault_Handler                        0x08001c35   Thumb Code     4  stm32l4xx_it.o(i.HardFault_Handler)
    LED_Init                                 0x08001e91   Thumb Code    70  main.o(i.LED_Init)
    MemManage_Handler                        0x08001ee1   Thumb Code     4  stm32l4xx_it.o(i.MemManage_Handler)
    NMI_Handler                              0x08001ee5   Thumb Code     2  stm32l4xx_it.o(i.NMI_Handler)
    SysTick_Handler                          0x08001fbd   Thumb Code     8  stm32l4xx_it.o(i.SysTick_Handler)
    SystemClock_Config                       0x08001fc5   Thumb Code   134  sys.o(i.SystemClock_Config)
    SystemInit                               0x08002051   Thumb Code    68  system_stm32l4xx.o(i.SystemInit)
    TIM6_DAC_IRQHandler                      0x080020a1   Thumb Code    10  stm32l4xx_hal_timebase_tim_template.o(i.TIM6_DAC_IRQHandler)
    TIM7_IRQHandler                          0x080020b1   Thumb Code    44  timer.o(i.TIM7_IRQHandler)
    TIM_Base_SetConfig                       0x080020fd   Thumb Code   170  stm32l4xx_hal_tim.o(i.TIM_Base_SetConfig)
    UART_AdvFeatureConfig                    0x080021c9   Thumb Code   248  stm32l4xx_hal_uart.o(i.UART_AdvFeatureConfig)
    UART_CheckIdleState                      0x080022c1   Thumb Code   116  stm32l4xx_hal_uart.o(i.UART_CheckIdleState)
    UART_SetConfig                           0x08002395   Thumb Code  1158  stm32l4xx_hal_uart.o(i.UART_SetConfig)
    UART_WaitOnFlagUntilTimeout              0x08002827   Thumb Code   108  stm32l4xx_hal_uart.o(i.UART_WaitOnFlagUntilTimeout)
    USART1_IRQHandler                        0x08002895   Thumb Code   146  usart.o(i.USART1_IRQHandler)
    USART2_IRQHandler                        0x08002935   Thumb Code   108  esp8266.o(i.USART2_IRQHandler)
    UsageFault_Handler                       0x080029b5   Thumb Code     4  stm32l4xx_it.o(i.UsageFault_Handler)
    __0printf                                0x080029b9   Thumb Code    22  printfa.o(i.__0printf)
    __1printf                                0x080029b9   Thumb Code     0  printfa.o(i.__0printf)
    __2printf                                0x080029b9   Thumb Code     0  printfa.o(i.__0printf)
    __c89printf                              0x080029b9   Thumb Code     0  printfa.o(i.__0printf)
    printf                                   0x080029b9   Thumb Code     0  printfa.o(i.__0printf)
    __0sprintf                               0x080029d9   Thumb Code    34  printfa.o(i.__0sprintf)
    __1sprintf                               0x080029d9   Thumb Code     0  printfa.o(i.__0sprintf)
    __2sprintf                               0x080029d9   Thumb Code     0  printfa.o(i.__0sprintf)
    __c89sprintf                             0x080029d9   Thumb Code     0  printfa.o(i.__0sprintf)
    sprintf                                  0x080029d9   Thumb Code     0  printfa.o(i.__0sprintf)
    __0vsprintf                              0x08002a01   Thumb Code    30  printfa.o(i.__0vsprintf)
    __1vsprintf                              0x08002a01   Thumb Code     0  printfa.o(i.__0vsprintf)
    __2vsprintf                              0x08002a01   Thumb Code     0  printfa.o(i.__0vsprintf)
    __c89vsprintf                            0x08002a01   Thumb Code     0  printfa.o(i.__0vsprintf)
    vsprintf                                 0x08002a01   Thumb Code     0  printfa.o(i.__0vsprintf)
    __scatterload_copy                       0x08002a25   Thumb Code    14  handlers.o(i.__scatterload_copy)
    __scatterload_null                       0x08002a33   Thumb Code     2  handlers.o(i.__scatterload_null)
    __scatterload_zeroinit                   0x08002a35   Thumb Code    14  handlers.o(i.__scatterload_zeroinit)
    atk_8266_check_cmd                       0x080033bd   Thumb Code    44  esp8266.o(i.atk_8266_check_cmd)
    atk_8266_send_cmd                        0x080033f1   Thumb Code    98  esp8266.o(i.atk_8266_send_cmd)
    delay_ms                                 0x08003485   Thumb Code    18  delay.o(i.delay_ms)
    delay_us                                 0x08003497   Thumb Code    60  delay.o(i.delay_us)
    esp_8266_SendData                        0x080034d5   Thumb Code    40  esp8266.o(i.esp_8266_SendData)
    esp_8266_connect_server                  0x08003501   Thumb Code    46  esp8266.o(i.esp_8266_connect_server)
    esp_8266_connect_wifi                    0x08003551   Thumb Code    66  esp8266.o(i.esp_8266_connect_wifi)
    esp_8266_mode                            0x080035c1   Thumb Code    40  esp8266.o(i.esp_8266_mode)
    esp_8266_passthrough                     0x080035f5   Thumb Code    36  esp8266.o(i.esp_8266_passthrough)
    fputc                                    0x08003639   Thumb Code    24  usart.o(i.fputc)
    init_TIM7                                0x08003655   Thumb Code    46  timer.o(i.init_TIM7)
    init_uart2                               0x0800368d   Thumb Code   208  esp8266.o(i.init_uart2)
    main                                     0x08003771   Thumb Code    72  main.o(i.main)
    pvPortMalloc                             0x08003d41   Thumb Code   188  heap_4.o(i.pvPortMalloc)
    pxPortInitialiseStack                    0x08003e11   Thumb Code    38  port.o(i.pxPortInitialiseStack)
    u2_printf                                0x08003e3d   Thumb Code    72  esp8266.o(i.u2_printf)
    uart_init                                0x08003e8d   Thumb Code    66  usart.o(i.uart_init)
    uxListRemove                             0x08003ed9   Thumb Code    40  list.o(i.uxListRemove)
    vListInitialise                          0x08003f01   Thumb Code    26  list.o(i.vListInitialise)
    vListInitialiseItem                      0x08003f1b   Thumb Code     6  list.o(i.vListInitialiseItem)
    vListInsert                              0x08003f21   Thumb Code    52  list.o(i.vListInsert)
    vListInsertEnd                           0x08003f55   Thumb Code    24  list.o(i.vListInsertEnd)
    vPortEnterCritical                       0x08003f6d   Thumb Code    30  port.o(i.vPortEnterCritical)
    vPortExitCritical                        0x08003f91   Thumb Code    28  port.o(i.vPortExitCritical)
    vPortFree                                0x08003fb1   Thumb Code    64  heap_4.o(i.vPortFree)
    vPortSetupTimerInterrupt                 0x08003ff9   Thumb Code    14  port.o(i.vPortSetupTimerInterrupt)
    vTaskDelay                               0x0800400d   Thumb Code    46  tasks.o(i.vTaskDelay)
    vTaskDelete                              0x08004041   Thumb Code   166  tasks.o(i.vTaskDelete)
    vTaskMissedYield                         0x0800410d   Thumb Code     8  tasks.o(i.vTaskMissedYield)
    vTaskPlaceOnEventList                    0x08004119   Thumb Code    28  tasks.o(i.vTaskPlaceOnEventList)
    vTaskSetTimeOutState                     0x08004139   Thumb Code    14  tasks.o(i.vTaskSetTimeOutState)
    vTaskStartScheduler                      0x08004151   Thumb Code    72  tasks.o(i.vTaskStartScheduler)
    vTaskSuspendAll                          0x080041b5   Thumb Code    12  tasks.o(i.vTaskSuspendAll)
    vTaskSwitchContext                       0x080041c5   Thumb Code    76  tasks.o(i.vTaskSwitchContext)
    xPortStartScheduler                      0x08004225   Thumb Code    58  port.o(i.xPortStartScheduler)
    xPortSysTickHandler                      0x0800426d   Thumb Code    46  port.o(i.xPortSysTickHandler)
    xQueueGenericCreate                      0x080042a1   Thumb Code    56  queue.o(i.xQueueGenericCreate)
    xQueueGenericReceive                     0x080042d9   Thumb Code   312  queue.o(i.xQueueGenericReceive)
    xQueueGenericReset                       0x08004415   Thumb Code   122  queue.o(i.xQueueGenericReset)
    xQueueGenericSend                        0x08004495   Thumb Code   276  queue.o(i.xQueueGenericSend)
    xTaskCheckForTimeOut                     0x080045ad   Thumb Code    84  tasks.o(i.xTaskCheckForTimeOut)
    xTaskCreate                              0x08004609   Thumb Code    96  tasks.o(i.xTaskCreate)
    xTaskIncrementTick                       0x08004671   Thumb Code   238  tasks.o(i.xTaskIncrementTick)
    xTaskRemoveFromEventList                 0x0800478d   Thumb Code   104  tasks.o(i.xTaskRemoveFromEventList)
    xTaskResumeAll                           0x0800480d   Thumb Code   196  tasks.o(i.xTaskResumeAll)
    AHBPrescTable                            0x080048f4   Data          16  system_stm32l4xx.o(.constdata)
    APBPrescTable                            0x08004904   Data           8  system_stm32l4xx.o(.constdata)
    MSIRangeTable                            0x0800490c   Data          48  system_stm32l4xx.o(.constdata)
    Region$$Table$$Base                      0x0800493c   Number         0  anon$$obj.o(Region$$Table)
    Region$$Table$$Limit                     0x0800495c   Number         0  anon$$obj.o(Region$$Table)
    SystemCoreClock                          0x20000000   Data           4  system_stm32l4xx.o(.data)
    uwTick                                   0x20000004   Data           4  stm32l4xx_hal.o(.data)
    __stdout                                 0x20000008   Data           4  usart.o(.data)
    USART_RX_STA                             0x2000000c   Data           2  usart.o(.data)
    esp8266_Semaphore                        0x2000001c   Data           4  main.o(.data)
    USART2_RX_STA                            0x20000022   Data           2  esp8266.o(.data)
    pxCurrentTCB                             0x20000024   Data           4  tasks.o(.data)
    TimHandle                                0x2000007c   Data          64  stm32l4xx_hal_timebase_tim_template.o(.bss)
    USART_RX_BUF                             0x200000bc   Data         200  usart.o(.bss)
    UART1_Handler                            0x20000184   Data         120  usart.o(.bss)
    USART2_RX_BUF                            0x200005fc   Data        1024  esp8266.o(.bss)
    UART2_Hander                             0x200009fc   Data         120  esp8266.o(.bss)
    TIM7_Handler                             0x20000a74   Data          64  timer.o(.bss)
    __initial_sp                             0x20005380   Data           0  startup_stm32l475xx.o(STACK)



==============================================================================

Memory Map of the image

  Image Entry point : 0x08000189

  Load Region LR_IROM1 (Base: 0x08000000, Size: 0x000049d8, Max: 0x00080000, ABSOLUTE)

    Execution Region ER_IROM1 (Exec base: 0x08000000, Load base: 0x08000000, Size: 0x0000495c, Max: 0x00080000, ABSOLUTE)

    Exec Addr    Load Addr    Size         Type   Attr      Idx    E Section Name        Object

    0x08000000   0x08000000   0x00000188   Data   RO            3    RESET               startup_stm32l475xx.o
    0x08000188   0x08000188   0x00000000   Code   RO        10142  * .ARM.Collect$$$$00000000  mc_w.l(entry.o)
    0x08000188   0x08000188   0x00000004   Code   RO        10416    .ARM.Collect$$$$00000001  mc_w.l(entry2.o)
    0x0800018c   0x0800018c   0x00000004   Code   RO        10419    .ARM.Collect$$$$00000004  mc_w.l(entry5.o)
    0x08000190   0x08000190   0x00000000   Code   RO        10421    .ARM.Collect$$$$00000008  mc_w.l(entry7b.o)
    0x08000190   0x08000190   0x00000000   Code   RO        10423    .ARM.Collect$$$$0000000A  mc_w.l(entry8b.o)
    0x08000190   0x08000190   0x00000008   Code   RO        10424    .ARM.Collect$$$$0000000B  mc_w.l(entry9a.o)
    0x08000198   0x08000198   0x00000000   Code   RO        10426    .ARM.Collect$$$$0000000D  mc_w.l(entry10a.o)
    0x08000198   0x08000198   0x00000000   Code   RO        10428    .ARM.Collect$$$$0000000F  mc_w.l(entry11a.o)
    0x08000198   0x08000198   0x00000004   Code   RO        10417    .ARM.Collect$$$$00002712  mc_w.l(entry2.o)
    0x0800019c   0x0800019c   0x000000d6   Code   RO        10071    .emb_text           port.o
    0x08000272   0x08000272   0x00000002   PAD
    0x08000274   0x08000274   0x00000024   Code   RO            4    .text               startup_stm32l475xx.o
    0x08000298   0x08000298   0x00000068   Code   RO        10145    .text               mc_w.l(uldiv.o)
    0x08000300   0x08000300   0x00000024   Code   RO        10147    .text               mc_w.l(memcpya.o)
    0x08000324   0x08000324   0x00000024   Code   RO        10149    .text               mc_w.l(strstr.o)
    0x08000348   0x08000348   0x0000000e   Code   RO        10151    .text               mc_w.l(strlen.o)
    0x08000356   0x08000356   0x0000002c   Code   RO        10430    .text               mc_w.l(uidiv.o)
    0x08000382   0x08000382   0x0000001e   Code   RO        10432    .text               mc_w.l(llshl.o)
    0x080003a0   0x080003a0   0x00000020   Code   RO        10434    .text               mc_w.l(llushr.o)
    0x080003c0   0x080003c0   0x00000000   Code   RO        10436    .text               mc_w.l(iusefp.o)
    0x080003c0   0x080003c0   0x0000015e   Code   RO        10437    .text               mf_w.l(dadd.o)
    0x0800051e   0x0800051e   0x000000ea   Code   RO        10439    .text               mf_w.l(dmul.o)
    0x08000608   0x08000608   0x000000de   Code   RO        10441    .text               mf_w.l(ddiv.o)
    0x080006e6   0x080006e6   0x00000030   Code   RO        10443    .text               mf_w.l(dfixul.o)
    0x08000716   0x08000716   0x00000002   PAD
    0x08000718   0x08000718   0x00000030   Code   RO        10445    .text               mf_w.l(cdrcmple.o)
    0x08000748   0x08000748   0x00000024   Code   RO        10447    .text               mc_w.l(init.o)
    0x0800076c   0x0800076c   0x00000024   Code   RO        10449    .text               mc_w.l(llsshr.o)
    0x08000790   0x08000790   0x000000ba   Code   RO        10451    .text               mf_w.l(depilogue.o)
    0x0800084a   0x0800084a   0x00000004   Code   RO         9126    i.BusFault_Handler  stm32l4xx_it.o
    0x0800084e   0x0800084e   0x00000002   Code   RO         9127    i.DebugMon_Handler  stm32l4xx_it.o
    0x08000850   0x08000850   0x0000005c   Code   RO         2174    i.HAL_DMA_Abort_IT  stm32l4xx_hal_dma.o
    0x080008ac   0x080008ac   0x00000204   Code   RO         3583    i.HAL_GPIO_Init     stm32l4xx_hal_gpio.o
    0x08000ab0   0x08000ab0   0x0000000a   Code   RO         3587    i.HAL_GPIO_WritePin  stm32l4xx_hal_gpio.o
    0x08000aba   0x08000aba   0x00000002   PAD
    0x08000abc   0x08000abc   0x0000000c   Code   RO         1510    i.HAL_GetTick       stm32l4xx_hal.o
    0x08000ac8   0x08000ac8   0x00000010   Code   RO         1514    i.HAL_IncTick       stm32l4xx_hal.o
    0x08000ad8   0x08000ad8   0x00000094   Code   RO         6697    i.HAL_InitTick      stm32l4xx_hal_timebase_tim_template.o
    0x08000b6c   0x08000b6c   0x0000001a   Code   RO          310    i.HAL_NVIC_EnableIRQ  stm32l4xx_hal_cortex.o
    0x08000b86   0x08000b86   0x00000082   Code   RO          316    i.HAL_NVIC_SetPriority  stm32l4xx_hal_cortex.o
    0x08000c08   0x08000c08   0x00000028   Code   RO          317    i.HAL_NVIC_SetPriorityGrouping  stm32l4xx_hal_cortex.o
    0x08000c30   0x08000c30   0x0000008c   Code   RO         4694    i.HAL_PWREx_ControlVoltageScaling  stm32l4xx_hal_pwr_ex.o
    0x08000cbc   0x08000cbc   0x00000010   Code   RO         4725    i.HAL_PWREx_GetVoltageRange  stm32l4xx_hal_pwr_ex.o
    0x08000ccc   0x08000ccc   0x00000178   Code   RO         4337    i.HAL_RCC_ClockConfig  stm32l4xx_hal_rcc.o
    0x08000e44   0x08000e44   0x00000044   Code   RO         4340    i.HAL_RCC_GetClockConfig  stm32l4xx_hal_rcc.o
    0x08000e88   0x08000e88   0x0000000c   Code   RO         4341    i.HAL_RCC_GetHCLKFreq  stm32l4xx_hal_rcc.o
    0x08000e94   0x08000e94   0x00000024   Code   RO         4343    i.HAL_RCC_GetPCLK1Freq  stm32l4xx_hal_rcc.o
    0x08000eb8   0x08000eb8   0x00000024   Code   RO         4344    i.HAL_RCC_GetPCLK2Freq  stm32l4xx_hal_rcc.o
    0x08000edc   0x08000edc   0x0000011c   Code   RO         4345    i.HAL_RCC_GetSysClockFreq  stm32l4xx_hal_rcc.o
    0x08000ff8   0x08000ff8   0x0000060c   Code   RO         4348    i.HAL_RCC_OscConfig  stm32l4xx_hal_rcc.o
    0x08001604   0x08001604   0x00000002   Code   RO         6748    i.HAL_TIMEx_Break2Callback  stm32l4xx_hal_tim_ex.o
    0x08001606   0x08001606   0x00000002   Code   RO         6749    i.HAL_TIMEx_BreakCallback  stm32l4xx_hal_tim_ex.o
    0x08001608   0x08001608   0x00000002   Code   RO         6750    i.HAL_TIMEx_CommutationCallback  stm32l4xx_hal_tim_ex.o
    0x0800160a   0x0800160a   0x00000034   Code   RO         7007    i.HAL_TIM_Base_Init  stm32l4xx_hal_tim.o
    0x0800163e   0x0800163e   0x00000002   PAD
    0x08001640   0x08001640   0x00000044   Code   RO         9408    i.HAL_TIM_Base_MspInit  timer.o
    0x08001684   0x08001684   0x00000044   Code   RO         7012    i.HAL_TIM_Base_Start_IT  stm32l4xx_hal_tim.o
    0x080016c8   0x080016c8   0x00000002   Code   RO         7036    i.HAL_TIM_IC_CaptureCallback  stm32l4xx_hal_tim.o
    0x080016ca   0x080016ca   0x000001b8   Code   RO         7049    i.HAL_TIM_IRQHandler  stm32l4xx_hal_tim.o
    0x08001882   0x08001882   0x00000002   Code   RO         7052    i.HAL_TIM_OC_DelayElapsedCallback  stm32l4xx_hal_tim.o
    0x08001884   0x08001884   0x00000002   Code   RO         7079    i.HAL_TIM_PWM_PulseFinishedCallback  stm32l4xx_hal_tim.o
    0x08001886   0x08001886   0x0000000a   Code   RO         6700    i.HAL_TIM_PeriodElapsedCallback  stm32l4xx_hal_timebase_tim_template.o
    0x08001890   0x08001890   0x00000002   Code   RO         7090    i.HAL_TIM_TriggerCallback  stm32l4xx_hal_tim.o
    0x08001892   0x08001892   0x00000002   Code   RO         8229    i.HAL_UARTEx_WakeupCallback  stm32l4xx_hal_uart_ex.o
    0x08001894   0x08001894   0x00000002   Code   RO         8315    i.HAL_UART_ErrorCallback  stm32l4xx_hal_uart.o
    0x08001896   0x08001896   0x00000002   PAD
    0x08001898   0x08001898   0x0000018c   Code   RO         8318    i.HAL_UART_IRQHandler  stm32l4xx_hal_uart.o
    0x08001a24   0x08001a24   0x00000078   Code   RO         8319    i.HAL_UART_Init     stm32l4xx_hal_uart.o
    0x08001a9c   0x08001a9c   0x00000080   Code   RO         8846    i.HAL_UART_MspInit  usart.o
    0x08001b1c   0x08001b1c   0x00000116   Code   RO         8322    i.HAL_UART_Receive  stm32l4xx_hal_uart.o
    0x08001c32   0x08001c32   0x00000002   Code   RO         8330    i.HAL_UART_TxCpltCallback  stm32l4xx_hal_uart.o
    0x08001c34   0x08001c34   0x00000004   Code   RO         9128    i.HardFault_Handler  stm32l4xx_it.o
    0x08001c38   0x08001c38   0x0000009c   Code   RO         8909    i.IOT_Contral       main.o
    0x08001cd4   0x08001cd4   0x000001bc   Code   RO         8910    i.IOT_Esp8266       main.o
    0x08001e90   0x08001e90   0x00000050   Code   RO         8911    i.LED_Init          main.o
    0x08001ee0   0x08001ee0   0x00000004   Code   RO         9129    i.MemManage_Handler  stm32l4xx_it.o
    0x08001ee4   0x08001ee4   0x00000002   Code   RO         9130    i.NMI_Handler       stm32l4xx_it.o
    0x08001ee6   0x08001ee6   0x00000002   PAD
    0x08001ee8   0x08001ee8   0x00000010   Code   RO          323    i.NVIC_GetPriorityGrouping  stm32l4xx_hal_cortex.o
    0x08001ef8   0x08001ef8   0x00000028   Code   RO          324    i.NVIC_SetPriority  stm32l4xx_hal_cortex.o
    0x08001f20   0x08001f20   0x0000009c   Code   RO         4349    i.RCC_SetFlashLatencyFromMSIRange  stm32l4xx_hal_rcc.o
    0x08001fbc   0x08001fbc   0x00000008   Code   RO         9131    i.SysTick_Handler   stm32l4xx_it.o
    0x08001fc4   0x08001fc4   0x0000008c   Code   RO         8816    i.SystemClock_Config  sys.o
    0x08002050   0x08002050   0x00000050   Code   RO           14    i.SystemInit        system_stm32l4xx.o
    0x080020a0   0x080020a0   0x00000010   Code   RO         6701    i.TIM6_DAC_IRQHandler  stm32l4xx_hal_timebase_tim_template.o
    0x080020b0   0x080020b0   0x0000004c   Code   RO         9409    i.TIM7_IRQHandler   timer.o
    0x080020fc   0x080020fc   0x000000cc   Code   RO         7091    i.TIM_Base_SetConfig  stm32l4xx_hal_tim.o
    0x080021c8   0x080021c8   0x000000f8   Code   RO         8332    i.UART_AdvFeatureConfig  stm32l4xx_hal_uart.o
    0x080022c0   0x080022c0   0x00000074   Code   RO         8333    i.UART_CheckIdleState  stm32l4xx_hal_uart.o
    0x08002334   0x08002334   0x00000018   Code   RO         8334    i.UART_DMAAbortOnError  stm32l4xx_hal_uart.o
    0x0800234c   0x0800234c   0x00000024   Code   RO         8344    i.UART_EndRxTransfer  stm32l4xx_hal_uart.o
    0x08002370   0x08002370   0x00000022   Code   RO         8345    i.UART_EndTransmit_IT  stm32l4xx_hal_uart.o
    0x08002392   0x08002392   0x00000002   PAD
    0x08002394   0x08002394   0x00000492   Code   RO         8349    i.UART_SetConfig    stm32l4xx_hal_uart.o
    0x08002826   0x08002826   0x0000006c   Code   RO         8352    i.UART_WaitOnFlagUntilTimeout  stm32l4xx_hal_uart.o
    0x08002892   0x08002892   0x00000002   PAD
    0x08002894   0x08002894   0x000000a0   Code   RO         8847    i.USART1_IRQHandler  usart.o
    0x08002934   0x08002934   0x00000080   Code   RO         9192    i.USART2_IRQHandler  esp8266.o
    0x080029b4   0x080029b4   0x00000004   Code   RO         9132    i.UsageFault_Handler  stm32l4xx_it.o
    0x080029b8   0x080029b8   0x00000020   Code   RO        10388    i.__0printf         mc_w.l(printfa.o)
    0x080029d8   0x080029d8   0x00000028   Code   RO        10390    i.__0sprintf        mc_w.l(printfa.o)
    0x08002a00   0x08002a00   0x00000024   Code   RO        10394    i.__0vsprintf       mc_w.l(printfa.o)
    0x08002a24   0x08002a24   0x0000000e   Code   RO        10455    i.__scatterload_copy  mc_w.l(handlers.o)
    0x08002a32   0x08002a32   0x00000002   Code   RO        10456    i.__scatterload_null  mc_w.l(handlers.o)
    0x08002a34   0x08002a34   0x0000000e   Code   RO        10457    i.__scatterload_zeroinit  mc_w.l(handlers.o)
    0x08002a42   0x08002a42   0x00000002   PAD
    0x08002a44   0x08002a44   0x0000018a   Code   RO        10395    i._fp_digits        mc_w.l(printfa.o)
    0x08002bce   0x08002bce   0x00000002   PAD
    0x08002bd0   0x08002bd0   0x000006e2   Code   RO        10396    i._printf_core      mc_w.l(printfa.o)
    0x080032b2   0x080032b2   0x00000024   Code   RO        10397    i._printf_post_padding  mc_w.l(printfa.o)
    0x080032d6   0x080032d6   0x0000002e   Code   RO        10398    i._printf_pre_padding  mc_w.l(printfa.o)
    0x08003304   0x08003304   0x0000000a   Code   RO        10400    i._sputc            mc_w.l(printfa.o)
    0x0800330e   0x0800330e   0x00000002   PAD
    0x08003310   0x08003310   0x000000ac   Code   RO         8912    i.appmain           main.o
    0x080033bc   0x080033bc   0x00000034   Code   RO         9193    i.atk_8266_check_cmd  esp8266.o
    0x080033f0   0x080033f0   0x00000094   Code   RO         9194    i.atk_8266_send_cmd  esp8266.o
    0x08003484   0x08003484   0x00000012   Code   RO         8779    i.delay_ms          delay.o
    0x08003496   0x08003496   0x0000003c   Code   RO         8780    i.delay_us          delay.o
    0x080034d2   0x080034d2   0x00000002   PAD
    0x080034d4   0x080034d4   0x0000002c   Code   RO         9195    i.esp_8266_SendData  esp8266.o
    0x08003500   0x08003500   0x00000050   Code   RO         9196    i.esp_8266_connect_server  esp8266.o
    0x08003550   0x08003550   0x00000070   Code   RO         9197    i.esp_8266_connect_wifi  esp8266.o
    0x080035c0   0x080035c0   0x00000034   Code   RO         9198    i.esp_8266_mode     esp8266.o
    0x080035f4   0x080035f4   0x00000044   Code   RO         9199    i.esp_8266_passthrough  esp8266.o
    0x08003638   0x08003638   0x0000001c   Code   RO         8849    i.fputc             usart.o
    0x08003654   0x08003654   0x00000038   Code   RO         9410    i.init_TIM7         timer.o
    0x0800368c   0x0800368c   0x000000e4   Code   RO         9200    i.init_uart2        esp8266.o
    0x08003770   0x08003770   0x00000058   Code   RO         8913    i.main              main.o
    0x080037c8   0x080037c8   0x00000098   Code   RO         9743    i.prvAddCurrentTaskToDelayedList  tasks.o
    0x08003860   0x08003860   0x000000b4   Code   RO         9744    i.prvAddNewTaskToReadyList  tasks.o
    0x08003914   0x08003914   0x00000064   Code   RO         9745    i.prvCheckTasksWaitingTermination  tasks.o
    0x08003978   0x08003978   0x0000002a   Code   RO         9619    i.prvCopyDataFromQueue  queue.o
    0x080039a2   0x080039a2   0x0000006a   Code   RO         9620    i.prvCopyDataToQueue  queue.o
    0x08003a0c   0x08003a0c   0x00000012   Code   RO         9746    i.prvDeleteTCB      tasks.o
    0x08003a1e   0x08003a1e   0x00000002   PAD
    0x08003a20   0x08003a20   0x0000007c   Code   RO        10022    i.prvHeapInit       heap_4.o
    0x08003a9c   0x08003a9c   0x00000028   Code   RO         9747    i.prvIdleTask       tasks.o
    0x08003ac4   0x08003ac4   0x00000026   Code   RO         9621    i.prvInitialiseNewQueue  queue.o
    0x08003aea   0x08003aea   0x00000086   Code   RO         9748    i.prvInitialiseNewTask  tasks.o
    0x08003b70   0x08003b70   0x00000068   Code   RO         9749    i.prvInitialiseTaskLists  tasks.o
    0x08003bd8   0x08003bd8   0x00000068   Code   RO        10023    i.prvInsertBlockIntoFreeList  heap_4.o
    0x08003c40   0x08003c40   0x0000001a   Code   RO         9622    i.prvIsQueueEmpty   queue.o
    0x08003c5a   0x08003c5a   0x0000001e   Code   RO         9623    i.prvIsQueueFull    queue.o
    0x08003c78   0x08003c78   0x00000034   Code   RO         9750    i.prvResetNextTaskUnblockTime  tasks.o
    0x08003cac   0x08003cac   0x00000016   Code   RO        10072    i.prvTaskExitError  port.o
    0x08003cc2   0x08003cc2   0x0000007e   Code   RO         9624    i.prvUnlockQueue    queue.o
    0x08003d40   0x08003d40   0x000000d0   Code   RO        10024    i.pvPortMalloc      heap_4.o
    0x08003e10   0x08003e10   0x0000002c   Code   RO        10073    i.pxPortInitialiseStack  port.o
    0x08003e3c   0x08003e3c   0x00000050   Code   RO         9201    i.u2_printf         esp8266.o
    0x08003e8c   0x08003e8c   0x0000004c   Code   RO         8850    i.uart_init         usart.o
    0x08003ed8   0x08003ed8   0x00000028   Code   RO         9583    i.uxListRemove      list.o
    0x08003f00   0x08003f00   0x0000001a   Code   RO         9584    i.vListInitialise   list.o
    0x08003f1a   0x08003f1a   0x00000006   Code   RO         9585    i.vListInitialiseItem  list.o
    0x08003f20   0x08003f20   0x00000034   Code   RO         9586    i.vListInsert       list.o
    0x08003f54   0x08003f54   0x00000018   Code   RO         9587    i.vListInsertEnd    list.o
    0x08003f6c   0x08003f6c   0x00000024   Code   RO        10075    i.vPortEnterCritical  port.o
    0x08003f90   0x08003f90   0x00000020   Code   RO        10076    i.vPortExitCritical  port.o
    0x08003fb0   0x08003fb0   0x00000048   Code   RO        10025    i.vPortFree         heap_4.o
    0x08003ff8   0x08003ff8   0x00000014   Code   RO        10077    i.vPortSetupTimerInterrupt  port.o
    0x0800400c   0x0800400c   0x00000034   Code   RO         9757    i.vTaskDelay        tasks.o
    0x08004040   0x08004040   0x000000cc   Code   RO         9759    i.vTaskDelete       tasks.o
    0x0800410c   0x0800410c   0x0000000c   Code   RO         9761    i.vTaskMissedYield  tasks.o
    0x08004118   0x08004118   0x00000020   Code   RO         9763    i.vTaskPlaceOnEventList  tasks.o
    0x08004138   0x08004138   0x00000018   Code   RO         9767    i.vTaskSetTimeOutState  tasks.o
    0x08004150   0x08004150   0x00000064   Code   RO         9768    i.vTaskStartScheduler  tasks.o
    0x080041b4   0x080041b4   0x00000010   Code   RO         9770    i.vTaskSuspendAll   tasks.o
    0x080041c4   0x080041c4   0x00000060   Code   RO         9771    i.vTaskSwitchContext  tasks.o
    0x08004224   0x08004224   0x00000048   Code   RO        10078    i.xPortStartScheduler  port.o
    0x0800426c   0x0800426c   0x00000034   Code   RO        10079    i.xPortSysTickHandler  port.o
    0x080042a0   0x080042a0   0x00000038   Code   RO         9629    i.xQueueGenericCreate  queue.o
    0x080042d8   0x080042d8   0x0000013c   Code   RO         9630    i.xQueueGenericReceive  queue.o
    0x08004414   0x08004414   0x00000080   Code   RO         9631    i.xQueueGenericReset  queue.o
    0x08004494   0x08004494   0x00000118   Code   RO         9632    i.xQueueGenericSend  queue.o
    0x080045ac   0x080045ac   0x0000005c   Code   RO         9772    i.xTaskCheckForTimeOut  tasks.o
    0x08004608   0x08004608   0x00000066   Code   RO         9773    i.xTaskCreate       tasks.o
    0x0800466e   0x0800466e   0x00000002   PAD
    0x08004670   0x08004670   0x0000011c   Code   RO         9778    i.xTaskIncrementTick  tasks.o
    0x0800478c   0x0800478c   0x00000080   Code   RO         9781    i.xTaskRemoveFromEventList  tasks.o
    0x0800480c   0x0800480c   0x000000e8   Code   RO         9783    i.xTaskResumeAll    tasks.o
    0x080048f4   0x080048f4   0x00000048   Data   RO           15    .constdata          system_stm32l4xx.o
    0x0800493c   0x0800493c   0x00000020   Data   RO        10453    Region$$Table       anon$$obj.o


    Execution Region RW_IRAM1 (Exec base: 0x20000000, Load base: 0x0800495c, Size: 0x00005380, Max: 0x00018000, ABSOLUTE)

    Exec Addr    Load Addr    Size         Type   Attr      Idx    E Section Name        Object

    0x20000000   0x0800495c   0x00000004   Data   RW           16    .data               system_stm32l4xx.o
    0x20000004   0x08004960   0x00000004   Data   RW         1531    .data               stm32l4xx_hal.o
    0x20000008   0x08004964   0x00000006   Data   RW         8852    .data               usart.o
    0x2000000e   0x0800496a   0x00000002   PAD
    0x20000010   0x0800496c   0x00000012   Data   RW         8914    .data               main.o
    0x20000022   0x0800497e   0x00000002   Data   RW         9204    .data               esp8266.o
    0x20000024   0x08004980   0x0000003c   Data   RW         9786    .data               tasks.o
    0x20000060   0x080049bc   0x00000018   Data   RW        10030    .data               heap_4.o
    0x20000078   0x080049d4   0x00000004   Data   RW        10080    .data               port.o
    0x2000007c        -       0x00000040   Zero   RW         6702    .bss                stm32l4xx_hal_timebase_tim_template.o
    0x200000bc        -       0x00000140   Zero   RW         8851    .bss                usart.o
    0x200001fc        -       0x00000878   Zero   RW         9202    .bss                esp8266.o
    0x20000a74        -       0x00000040   Zero   RW         9411    .bss                timer.o
    0x20000ab4        -       0x000000c8   Zero   RW         9785    .bss                tasks.o
    0x20000b7c        -       0x00004400   Zero   RW        10029    .bss                heap_4.o
    0x20004f7c   0x080049d8   0x00000004   PAD
    0x20004f80        -       0x00000400   Zero   RW            1    STACK               startup_stm32l475xx.o


==============================================================================

Image component sizes


      Code (inc. data)   RO Data    RW Data    ZI Data      Debug   Object Name

        78          0          0          0          0       1854   delay.o
       992        234          0          2       2168       7372   esp8266.o
         0          0          0          0          0       9280   event_groups.o
       508         62          0         24      17408       3947   heap_4.o
       148          0          0          0          0       3330   list.o
       940        418          0         18          0      18986   main.o
       492         58          0          4          0       9752   port.o
      1148         14          0          0          0       9430   queue.o
        36          8        392          0       1024        864   startup_stm32l475xx.o
        28         10          0          4          0       2253   stm32l4xx_hal.o
       252         22          0          0          0     167706   stm32l4xx_hal_cortex.o
        92          0          0          0          0       1083   stm32l4xx_hal_dma.o
       526         36          0          0          0       2308   stm32l4xx_hal_gpio.o
       156         18          0          0          0       1282   stm32l4xx_hal_pwr_ex.o
      2516        108          0          0          0       7641   stm32l4xx_hal_rcc.o
       772         40          0          0          0       5535   stm32l4xx_hal_tim.o
         6          0          0          0          0       2101   stm32l4xx_hal_tim_ex.o
       174         22          0          0         64       2857   stm32l4xx_hal_timebase_tim_template.o
      2534         54          0          0          0       9653   stm32l4xx_hal_uart.o
         2          0          0          0          0        984   stm32l4xx_hal_uart_ex.o
        28          0          0          0          0       3227   stm32l4xx_it.o
       140          6          0          0          0       1105   sys.o
        80         12         72          4          0     796545   system_stm32l4xx.o
      2154        352          0         60        200      25507   tasks.o
       200         52          0          0         64       2232   timer.o
       392         38          0          6        320       4385   usart.o

    ----------------------------------------------------------------------
     14414       1564        496        124      21252    1101219   Object Totals
         0          0         32          0          0          0   (incl. Generated)
        20          0          0          2          4          0   (incl. Padding)

    ----------------------------------------------------------------------

      Code (inc. data)   RO Data    RW Data    ZI Data      Debug   Library Member Name

         0          0          0          0          0          0   entry.o
         0          0          0          0          0          0   entry10a.o
         0          0          0          0          0          0   entry11a.o
         8          4          0          0          0          0   entry2.o
         4          0          0          0          0          0   entry5.o
         0          0          0          0          0          0   entry7b.o
         0          0          0          0          0          0   entry8b.o
         8          4          0          0          0          0   entry9a.o
        30          0          0          0          0          0   handlers.o
        36          8          0          0          0         68   init.o
         0          0          0          0          0          0   iusefp.o
        30          0          0          0          0         68   llshl.o
        36          0          0          0          0         68   llsshr.o
        32          0          0          0          0         68   llushr.o
        36          0          0          0          0         68   memcpya.o
      2356        102          0          0          0        684   printfa.o
        14          0          0          0          0         68   strlen.o
        36          0          0          0          0         80   strstr.o
        44          0          0          0          0         80   uidiv.o
       104          0          0          0          0         92   uldiv.o
        48          0          0          0          0         68   cdrcmple.o
       350          0          0          0          0        148   dadd.o
       222          0          0          0          0        100   ddiv.o
       186          0          0          0          0        176   depilogue.o
        48          0          0          0          0         68   dfixul.o
       234          0          0          0          0         96   dmul.o

    ----------------------------------------------------------------------
      3870        118          0          0          0       2000   Library Totals
         8          0          0          0          0          0   (incl. Padding)

    ----------------------------------------------------------------------

      Code (inc. data)   RO Data    RW Data    ZI Data      Debug   Library Name

      2774        118          0          0          0       1344   mc_w.l
      1088          0          0          0          0        656   mf_w.l

    ----------------------------------------------------------------------
      3870        118          0          0          0       2000   Library Totals

    ----------------------------------------------------------------------

==============================================================================


      Code (inc. data)   RO Data    RW Data    ZI Data      Debug   

     18284       1682        496        124      21252    1090183   Grand Totals
     18284       1682        496        124      21252    1090183   ELF Image Totals
     18284       1682        496        124          0          0   ROM Totals

==============================================================================

    Total RO  Size (Code + RO Data)                18780 (  18.34kB)
    Total RW  Size (RW Data + ZI Data)             21376 (  20.88kB)
    Total ROM Size (Code + RO Data + RW Data)      18904 (  18.46kB)

==============================================================================

