Component: ARM Compiler 5.06 update 6 (build 750) Tool: armlink [4d35ed]

==============================================================================

Section Cross References

    startup_stm32l475xx.o(RESET) refers to startup_stm32l475xx.o(STACK) for __initial_sp
    startup_stm32l475xx.o(RESET) refers to startup_stm32l475xx.o(.text) for Reset_Handler
    startup_stm32l475xx.o(RESET) refers to stm32l4xx_it.o(i.NMI_Handler) for NMI_Handler
    startup_stm32l475xx.o(RESET) refers to stm32l4xx_it.o(i.HardFault_Handler) for HardFault_Handler
    startup_stm32l475xx.o(RESET) refers to stm32l4xx_it.o(i.MemManage_Handler) for MemManage_Handler
    startup_stm32l475xx.o(RESET) refers to stm32l4xx_it.o(i.BusFault_Handler) for BusFault_Handler
    startup_stm32l475xx.o(RESET) refers to stm32l4xx_it.o(i.UsageFault_Handler) for UsageFault_Handler
    startup_stm32l475xx.o(RESET) refers to port.o(.emb_text) for SVC_Handler
    startup_stm32l475xx.o(RESET) refers to stm32l4xx_it.o(i.DebugMon_Handler) for DebugMon_Handler
    startup_stm32l475xx.o(RESET) refers to stm32l4xx_it.o(i.SysTick_Handler) for SysTick_Handler
    startup_stm32l475xx.o(RESET) refers to usart.o(i.USART1_IRQHandler) for USART1_IRQHandler
    startup_stm32l475xx.o(RESET) refers to esp8266.o(i.USART2_IRQHandler) for USART2_IRQHandler
    startup_stm32l475xx.o(RESET) refers to stm32l4xx_hal_timebase_tim_template.o(i.TIM6_DAC_IRQHandler) for TIM6_DAC_IRQHandler
    startup_stm32l475xx.o(RESET) refers to timer.o(i.TIM7_IRQHandler) for TIM7_IRQHandler
    startup_stm32l475xx.o(.text) refers to system_stm32l4xx.o(i.SystemInit) for SystemInit
    startup_stm32l475xx.o(.text) refers to entry.o(.ARM.Collect$$$$00000000) for __main
    system_stm32l4xx.o(i.SystemCoreClockUpdate) refers to system_stm32l4xx.o(.constdata) for MSIRangeTable
    system_stm32l4xx.o(i.SystemCoreClockUpdate) refers to system_stm32l4xx.o(.data) for SystemCoreClock
    stm32l4xx_hal_cortex.o(i.HAL_NVIC_GetPriorityGrouping) refers to stm32l4xx_hal_cortex.o(i.NVIC_GetPriorityGrouping) for NVIC_GetPriorityGrouping
    stm32l4xx_hal_cortex.o(i.HAL_NVIC_SetPriority) refers to stm32l4xx_hal_cortex.o(i.NVIC_GetPriorityGrouping) for NVIC_GetPriorityGrouping
    stm32l4xx_hal_cortex.o(i.HAL_NVIC_SetPriority) refers to stm32l4xx_hal_cortex.o(i.NVIC_SetPriority) for NVIC_SetPriority
    stm32l4xx_hal_cortex.o(i.HAL_SYSTICK_Config) refers to stm32l4xx_hal_cortex.o(i.NVIC_SetPriority) for NVIC_SetPriority
    stm32l4xx_hal_cortex.o(i.HAL_SYSTICK_IRQHandler) refers to stm32l4xx_hal_cortex.o(i.HAL_SYSTICK_Callback) for HAL_SYSTICK_Callback
    stm32l4xx_hal_comp.o(i.HAL_COMP_DeInit) refers to stm32l4xx_hal_comp.o(i.HAL_COMP_MspDeInit) for HAL_COMP_MspDeInit
    stm32l4xx_hal_comp.o(i.HAL_COMP_IRQHandler) refers to stm32l4xx_hal_comp.o(i.LL_EXTI_ClearFlag_0_31) for LL_EXTI_ClearFlag_0_31
    stm32l4xx_hal_comp.o(i.HAL_COMP_IRQHandler) refers to stm32l4xx_hal_comp.o(i.HAL_COMP_TriggerCallback) for HAL_COMP_TriggerCallback
    stm32l4xx_hal_comp.o(i.HAL_COMP_Init) refers to stm32l4xx_hal_comp.o(i.HAL_COMP_MspInit) for HAL_COMP_MspInit
    stm32l4xx_hal_comp.o(i.HAL_COMP_Init) refers to stm32l4xx_hal_comp.o(i.LL_EXTI_ClearFlag_0_31) for LL_EXTI_ClearFlag_0_31
    stm32l4xx_hal_comp.o(i.HAL_COMP_Init) refers to stm32l4xx_hal_comp.o(i.LL_EXTI_DisableEvent_0_31) for LL_EXTI_DisableEvent_0_31
    stm32l4xx_hal_comp.o(i.HAL_COMP_Init) refers to stm32l4xx_hal_comp.o(i.LL_EXTI_DisableIT_0_31) for LL_EXTI_DisableIT_0_31
    stm32l4xx_hal_comp.o(i.HAL_COMP_Init) refers to system_stm32l4xx.o(.data) for SystemCoreClock
    stm32l4xx_hal_comp.o(i.HAL_COMP_Start) refers to system_stm32l4xx.o(.data) for SystemCoreClock
    stm32l4xx_hal_can.o(i.HAL_CAN_DeInit) refers to stm32l4xx_hal_can.o(i.HAL_CAN_Stop) for HAL_CAN_Stop
    stm32l4xx_hal_can.o(i.HAL_CAN_DeInit) refers to stm32l4xx_hal_can.o(i.HAL_CAN_MspDeInit) for HAL_CAN_MspDeInit
    stm32l4xx_hal_can.o(i.HAL_CAN_IRQHandler) refers to stm32l4xx_hal_can.o(i.HAL_CAN_TxMailbox0CompleteCallback) for HAL_CAN_TxMailbox0CompleteCallback
    stm32l4xx_hal_can.o(i.HAL_CAN_IRQHandler) refers to stm32l4xx_hal_can.o(i.HAL_CAN_TxMailbox0AbortCallback) for HAL_CAN_TxMailbox0AbortCallback
    stm32l4xx_hal_can.o(i.HAL_CAN_IRQHandler) refers to stm32l4xx_hal_can.o(i.HAL_CAN_TxMailbox1CompleteCallback) for HAL_CAN_TxMailbox1CompleteCallback
    stm32l4xx_hal_can.o(i.HAL_CAN_IRQHandler) refers to stm32l4xx_hal_can.o(i.HAL_CAN_TxMailbox1AbortCallback) for HAL_CAN_TxMailbox1AbortCallback
    stm32l4xx_hal_can.o(i.HAL_CAN_IRQHandler) refers to stm32l4xx_hal_can.o(i.HAL_CAN_TxMailbox2CompleteCallback) for HAL_CAN_TxMailbox2CompleteCallback
    stm32l4xx_hal_can.o(i.HAL_CAN_IRQHandler) refers to stm32l4xx_hal_can.o(i.HAL_CAN_TxMailbox2AbortCallback) for HAL_CAN_TxMailbox2AbortCallback
    stm32l4xx_hal_can.o(i.HAL_CAN_IRQHandler) refers to stm32l4xx_hal_can.o(i.HAL_CAN_RxFifo0FullCallback) for HAL_CAN_RxFifo0FullCallback
[...]
    i.IIC_Start                              0x08002914   Section        0  aht10.o(i.IIC_Start)
    i.IIC_Stop                               0x08002968   Section        0  aht10.o(i.IIC_Stop)
    i.IIC_Wait_Ack                           0x080029bc   Section        0  aht10.o(i.IIC_Wait_Ack)
    i.IOT_Contral                            0x08002a24   Section        0  main.o(i.IOT_Contral)
    IOT_Contral                              0x08002a25   Thumb Code    90  main.o(i.IOT_Contral)
    i.IOT_Esp8266                            0x08002ac0   Section        0  main.o(i.IOT_Esp8266)
    IOT_Esp8266                              0x08002ac1   Thumb Code   158  main.o(i.IOT_Esp8266)
    i.LED_Init                               0x08002b94   Section        0  main.o(i.LED_Init)
    i.MQTT_Connect_Pack                      0x08002be4   Section        0  mqtt.o(i.MQTT_Connect_Pack)
    i.MQTT_CreateHeartTimer                  0x08002ed8   Section        0  main.o(i.MQTT_CreateHeartTimer)
    MQTT_CreateHeartTimer                    0x08002ed9   Thumb Code    62  main.o(i.MQTT_CreateHeartTimer)
    i.MQTT_HeartTimer_Handler                0x08002f2c   Section        0  main.o(i.MQTT_HeartTimer_Handler)
    i.MQTT_SendBuf                           0x08002f58   Section        0  mqtt.o(i.MQTT_SendBuf)
    i.MQTT_SendHeart                         0x08002f68   Section        0  mqtt.o(i.MQTT_SendHeart)
    i.MQTT_SubsrcibeTopic                    0x08002f78   Section        0  mqtt.o(i.MQTT_SubsrcibeTopic)
    i.MemManage_Handler                      0x0800312a   Section        0  stm32l4xx_it.o(i.MemManage_Handler)
    i.NMI_Handler                            0x0800312e   Section        0  stm32l4xx_it.o(i.NMI_Handler)
    i.NVIC_GetPriorityGrouping               0x08003130   Section        0  stm32l4xx_hal_cortex.o(i.NVIC_GetPriorityGrouping)
    NVIC_GetPriorityGrouping                 0x08003131   Thumb Code    10  stm32l4xx_hal_cortex.o(i.NVIC_GetPriorityGrouping)
    i.NVIC_SetPriority                       0x08003140   Section        0  stm32l4xx_hal_cortex.o(i.NVIC_SetPriority)
    NVIC_SetPriority                         0x08003141   Thumb Code    32  stm32l4xx_hal_cortex.o(i.NVIC_SetPriority)
    i.RCC_SetFlashLatencyFromMSIRange        0x08003168   Section        0  stm32l4xx_hal_rcc.o(i.RCC_SetFlashLatencyFromMSIRange)
    RCC_SetFlashLatencyFromMSIRange          0x08003169   Thumb Code   148  stm32l4xx_hal_rcc.o(i.RCC_SetFlashLatencyFromMSIRange)
    i.SysTick_Handler                        0x08003204   Section        0  stm32l4xx_it.o(i.SysTick_Handler)
    i.SystemClock_Config                     0x0800320c   Section        0  sys.o(i.SystemClock_Config)
    i.SystemInit                             0x08003298   Section        0  system_stm32l4xx.o(i.SystemInit)
    i.TIM6_DAC_IRQHandler                    0x080032e8   Section        0  stm32l4xx_hal_timebase_tim_template.o(i.TIM6_DAC_IRQHandler)
    i.TIM7_IRQHandler                        0x080032f8   Section        0  timer.o(i.TIM7_IRQHandler)
    i.TIM_Base_SetConfig                     0x08003344   Section        0  stm32l4xx_hal_tim.o(i.TIM_Base_SetConfig)
    i.UART_AdvFeatureConfig                  0x08003410   Section        0  stm32l4xx_hal_uart.o(i.UART_AdvFeatureConfig)
    i.UART_CheckIdleState                    0x08003508   Section        0  stm32l4xx_hal_uart.o(i.UART_CheckIdleState)
    i.UART_DMAAbortOnError                   0x0800357c   Section        0  stm32l4xx_hal_uart.o(i.UART_DMAAbortOnError)
    UART_DMAAbortOnError                     0x0800357d   Thumb Code    24  stm32l4xx_hal_uart.o(i.UART_DMAAbortOnError)
    i.UART_EndRxTransfer                     0x08003594   Section        0  stm32l4xx_hal_uart.o(i.UART_EndRxTransfer)
    UART_EndRxTransfer                       0x08003595   Thumb Code    36  stm32l4xx_hal_uart.o(i.UART_EndRxTransfer)
    i.UART_EndTransmit_IT                    0x080035b8   Section        0  stm32l4xx_hal_uart.o(i.UART_EndTransmit_IT)
    UART_EndTransmit_IT                      0x080035b9   Thumb Code    34  stm32l4xx_hal_uart.o(i.UART_EndTransmit_IT)
    i.UART_SetConfig                         0x080035dc   Section        0  stm32l4xx_hal_uart.o(i.UART_SetConfig)
    i.UART_WaitOnFlagUntilTimeout            0x08003a6e   Section        0  stm32l4xx_hal_uart.o(i.UART_WaitOnFlagUntilTimeout)
    i.USART1_IRQHandler                      0x08003adc   Section        0  usart.o(i.USART1_IRQHandler)
    i.USART2_IRQHandler                      0x08003b7c   Section        0  esp8266.o(i.USART2_IRQHandler)
    i.USART2_SendOneByte                     0x08003c04   Section        0  esp8266.o(i.USART2_SendOneByte)
    USART2_SendOneByte                       0x08003c05   Thumb Code    28  esp8266.o(i.USART2_SendOneByte)
    i.UsageFault_Handler                     0x08003c24   Section        0  stm32l4xx_it.o(i.UsageFault_Handler)
    i.__0printf                              0x08003c28   Section        0  printfa.o(i.__0printf)
    i.__0sprintf                             0x08003c48   Section        0  printfa.o(i.__0sprintf)
    i.__scatterload_copy                     0x08003c70   Section       14  handlers.o(i.__scatterload_copy)
    i.__scatterload_null                     0x08003c7e   Section        2  handlers.o(i.__scatterload_null)
    i.__scatterload_zeroinit                 0x08003c80   Section       14  handlers.o(i.__scatterload_zeroinit)
    i._fp_digits                             0x08003c90   Section        0  printfa.o(i._fp_digits)
    _fp_digits                               0x08003c91   Thumb Code   366  printfa.o(i._fp_digits)
    i._printf_core                           0x08003e1c   Section        0  printfa.o(i._printf_core)
    _printf_core                             0x08003e1d   Thumb Code  1744  printfa.o(i._printf_core)
    i._printf_post_padding                   0x080044fe   Section        0  printfa.o(i._printf_post_padding)
    _printf_post_padding                     0x080044ff   Thumb Code    36  printfa.o(i._printf_post_padding)
    i._printf_pre_padding                    0x08004522   Section        0  printfa.o(i._printf_pre_padding)
    _printf_pre_padding                      0x08004523   Thumb Code    46  printfa.o(i._printf_pre_padding)
    i._sputc                                 0x08004550   Section        0  printfa.o(i._sputc)
    _sputc                                   0x08004551   Thumb Code    10  printfa.o(i._sputc)
    i.appmain                                0x0800455c   Section        0  main.o(i.appmain)
    appmain                                  0x0800455d   Thumb Code   112  main.o(i.appmain)
    i.delay_ms                               0x08004608   Section        0  delay.o(i.delay_ms)
    i.delay_us                               0x0800461a   Section        0  delay.o(i.delay_us)
    i.fputc                                  0x08004658   Section        0  usart.o(i.fputc)
    i.init_TIM7                              0x08004674   Section        0  timer.o(i.init_TIM7)
    i.init_uart2                             0x080046ac   Section        0  esp8266.o(i.init_uart2)
    i.main                                   0x08004790   Section        0  main.o(i.main)
    i.prvAddCurrentTaskToDelayedList         0x080047e8   Section        0  tasks.o(i.prvAddCurrentTaskToDelayedList)
    prvAddCurrentTaskToDelayedList           0x080047e9   Thumb Code   124  tasks.o(i.prvAddCurrentTaskToDelayedList)
    i.prvAddNewTaskToReadyList               0x08004880   Section        0  tasks.o(i.prvAddNewTaskToReadyList)
    prvAddNewTaskToReadyList                 0x08004881   Thumb Code   150  tasks.o(i.prvAddNewTaskToReadyList)
    i.prvCheckForValidListAndQueue           0x08004934   Section        0  timers.o(i.prvCheckForValidListAndQueue)
    prvCheckForValidListAndQueue             0x08004935   Thumb Code    56  timers.o(i.prvCheckForValidListAndQueue)
    i.prvCheckTasksWaitingTermination        0x08004980   Section        0  tasks.o(i.prvCheckTasksWaitingTermination)
    prvCheckTasksWaitingTermination          0x08004981   Thumb Code    86  tasks.o(i.prvCheckTasksWaitingTermination)
    i.prvCopyDataFromQueue                   0x080049e4   Section        0  queue.o(i.prvCopyDataFromQueue)
    prvCopyDataFromQueue                     0x080049e5   Thumb Code    42  queue.o(i.prvCopyDataFromQueue)
    i.prvCopyDataToQueue                     0x08004a0e   Section        0  queue.o(i.prvCopyDataToQueue)
    prvCopyDataToQueue                       0x08004a0f   Thumb Code   106  queue.o(i.prvCopyDataToQueue)
    i.prvDeleteTCB                           0x08004a78   Section        0  tasks.o(i.prvDeleteTCB)
    prvDeleteTCB                             0x08004a79   Thumb Code    18  tasks.o(i.prvDeleteTCB)
    i.prvGetNextExpireTime                   0x08004a8c   Section        0  timers.o(i.prvGetNextExpireTime)
    prvGetNextExpireTime                     0x08004a8d   Thumb Code    36  timers.o(i.prvGetNextExpireTime)
    i.prvHeapInit                            0x08004ab4   Section        0  heap_4.o(i.prvHeapInit)
    prvHeapInit                              0x08004ab5   Thumb Code    98  heap_4.o(i.prvHeapInit)
    i.prvIdleTask                            0x08004b30   Section        0  tasks.o(i.prvIdleTask)
    prvIdleTask                              0x08004b31   Thumb Code    32  tasks.o(i.prvIdleTask)
    i.prvInitialiseNewQueue                  0x08004b58   Section        0  queue.o(i.prvInitialiseNewQueue)
    prvInitialiseNewQueue                    0x08004b59   Thumb Code    38  queue.o(i.prvInitialiseNewQueue)
    i.prvInitialiseNewTask                   0x08004b7e   Section        0  tasks.o(i.prvInitialiseNewTask)
    prvInitialiseNewTask                     0x08004b7f   Thumb Code   128  tasks.o(i.prvInitialiseNewTask)
    i.prvInitialiseNewTimer                  0x08004c04   Section        0  timers.o(i.prvInitialiseNewTimer)
    prvInitialiseNewTimer                    0x08004c05   Thumb Code    46  timers.o(i.prvInitialiseNewTimer)
    i.prvInitialiseTaskLists                 0x08004c34   Section        0  tasks.o(i.prvInitialiseTaskLists)
    prvInitialiseTaskLists                   0x08004c35   Thumb Code    70  tasks.o(i.prvInitialiseTaskLists)
    i.prvInsertBlockIntoFreeList             0x08004c9c   Section        0  heap_4.o(i.prvInsertBlockIntoFreeList)
    prvInsertBlockIntoFreeList               0x08004c9d   Thumb Code    96  heap_4.o(i.prvInsertBlockIntoFreeList)
    i.prvInsertTimerInActiveList             0x08004d04   Section        0  timers.o(i.prvInsertTimerInActiveList)
    prvInsertTimerInActiveList               0x08004d05   Thumb Code    80  timers.o(i.prvInsertTimerInActiveList)
    i.prvIsQueueEmpty                        0x08004d5c   Section        0  queue.o(i.prvIsQueueEmpty)
    prvIsQueueEmpty                          0x08004d5d   Thumb Code    26  queue.o(i.prvIsQueueEmpty)
    i.prvIsQueueFull                         0x08004d76   Section        0  queue.o(i.prvIsQueueFull)
    prvIsQueueFull                           0x08004d77   Thumb Code    30  queue.o(i.prvIsQueueFull)
    i.prvProcessExpiredTimer                 0x08004d94   Section        0  timers.o(i.prvProcessExpiredTimer)
    prvProcessExpiredTimer                   0x08004d95   Thumb Code    70  timers.o(i.prvProcessExpiredTimer)
    i.prvProcessReceivedCommands             0x08004de0   Section        0  timers.o(i.prvProcessReceivedCommands)
    prvProcessReceivedCommands               0x08004de1   Thumb Code   184  timers.o(i.prvProcessReceivedCommands)
    i.prvProcessTimerOrBlockTask             0x08004e9c   Section        0  timers.o(i.prvProcessTimerOrBlockTask)
    prvProcessTimerOrBlockTask               0x08004e9d   Thumb Code   102  timers.o(i.prvProcessTimerOrBlockTask)
    i.prvResetNextTaskUnblockTime            0x08004f10   Section        0  tasks.o(i.prvResetNextTaskUnblockTime)
    prvResetNextTaskUnblockTime              0x08004f11   Thumb Code    42  tasks.o(i.prvResetNextTaskUnblockTime)
    i.prvSampleTimeNow                       0x08004f44   Section        0  timers.o(i.prvSampleTimeNow)
    prvSampleTimeNow                         0x08004f45   Thumb Code    40  timers.o(i.prvSampleTimeNow)
    i.prvSwitchTimerLists                    0x08004f70   Section        0  timers.o(i.prvSwitchTimerLists)
    prvSwitchTimerLists                      0x08004f71   Thumb Code   122  timers.o(i.prvSwitchTimerLists)
    i.prvTaskExitError                       0x08004ff4   Section        0  port.o(i.prvTaskExitError)
    prvTaskExitError                         0x08004ff5   Thumb Code    22  port.o(i.prvTaskExitError)
    i.prvTimerTask                           0x0800500a   Section        0  timers.o(i.prvTimerTask)
    prvTimerTask                             0x0800500b   Thumb Code    26  timers.o(i.prvTimerTask)
    i.prvUnlockQueue                         0x08005024   Section        0  queue.o(i.prvUnlockQueue)
    prvUnlockQueue                           0x08005025   Thumb Code   126  queue.o(i.prvUnlockQueue)
    i.pvPortMalloc                           0x080050a4   Section        0  heap_4.o(i.pvPortMalloc)
    i.pxPortInitialiseStack                  0x08005174   Section        0  port.o(i.pxPortInitialiseStack)
    i.uart_init                              0x080051a0   Section        0  usart.o(i.uart_init)
    i.uxListRemove                           0x080051ec   Section        0  list.o(i.uxListRemove)
    i.vListInitialise                        0x08005214   Section        0  list.o(i.vListInitialise)
    i.vListInitialiseItem                    0x0800522e   Section        0  list.o(i.vListInitialiseItem)
    i.vListInsert                            0x08005234   Section        0  list.o(i.vListInsert)
    i.vListInsertEnd                         0x08005268   Section        0  list.o(i.vListInsertEnd)
    i.vPortEnterCritical                     0x08005280   Section        0  port.o(i.vPortEnterCritical)
    i.vPortExitCritical                      0x080052a4   Section        0  port.o(i.vPortExitCritical)
    i.vPortFree                              0x080052c4   Section        0  heap_4.o(i.vPortFree)
    i.vPortSetupTimerInterrupt               0x0800530c   Section        0  port.o(i.vPortSetupTimerInterrupt)
    i.vQueueWaitForMessageRestricted         0x08005320   Section        0  queue.o(i.vQueueWaitForMessageRestricted)
    i.vTaskDelay                             0x0800536c   Section        0  tasks.o(i.vTaskDelay)
    i.vTaskDelete                            0x080053a0   Section        0  tasks.o(i.vTaskDelete)
    i.vTaskMissedYield                       0x0800546c   Section        0  tasks.o(i.vTaskMissedYield)
    i.vTaskPlaceOnEventList                  0x08005478   Section        0  tasks.o(i.vTaskPlaceOnEventList)
    i.vTaskPlaceOnEventListRestricted        0x08005498   Section        0  tasks.o(i.vTaskPlaceOnEventListRestricted)
    i.vTaskSetTimeOutState                   0x080054c0   Section        0  tasks.o(i.vTaskSetTimeOutState)
    i.vTaskStartScheduler                    0x080054d8   Section        0  tasks.o(i.vTaskStartScheduler)
    i.vTaskSuspendAll                        0x08005548   Section        0  tasks.o(i.vTaskSuspendAll)
    i.vTaskSwitchContext                     0x08005558   Section        0  tasks.o(i.vTaskSwitchContext)
    i.xPortStartScheduler                    0x080055b8   Section        0  port.o(i.xPortStartScheduler)
    i.xPortSysTickHandler                    0x08005600   Section        0  port.o(i.xPortSysTickHandler)
    i.xQueueGenericCreate                    0x08005634   Section        0  queue.o(i.xQueueGenericCreate)
    i.xQueueGenericReceive                   0x0800566c   Section        0  queue.o(i.xQueueGenericReceive)
    i.xQueueGenericReset                     0x080057a8   Section        0  queue.o(i.xQueueGenericReset)
    i.xQueueGenericSend                      0x08005828   Section        0  queue.o(i.xQueueGenericSend)
    i.xQueueGenericSendFromISR               0x08005940   Section        0  queue.o(i.xQueueGenericSendFromISR)
    i.xTaskCheckForTimeOut                   0x080059cc   Section        0  tasks.o(i.xTaskCheckForTimeOut)
    i.xTaskCreate                            0x08005a28   Section        0  tasks.o(i.xTaskCreate)
    i.xTaskGetSchedulerState                 0x08005a90   Section        0  tasks.o(i.xTaskGetSchedulerState)
    i.xTaskGetTickCount                      0x08005ab0   Section        0  tasks.o(i.xTaskGetTickCount)
    i.xTaskIncrementTick                     0x08005abc   Section        0  tasks.o(i.xTaskIncrementTick)
    i.xTaskRemoveFromEventList               0x08005bd8   Section        0  tasks.o(i.xTaskRemoveFromEventList)
    i.xTaskResumeAll                         0x08005c58   Section        0  tasks.o(i.xTaskResumeAll)
    i.xTimerCreate                           0x08005d40   Section        0  timers.o(i.xTimerCreate)
    i.xTimerCreateTimerTask                  0x08005d78   Section        0  timers.o(i.xTimerCreateTimerTask)
    i.xTimerGenericCommand                   0x08005db8   Section        0  timers.o(i.xTimerGenericCommand)
    .constdata                               0x08005e2c   Section       72  system_stm32l4xx.o(.constdata)
    .constdata                               0x08005e74   Section       12  mqtt.o(.constdata)
    .conststring                             0x08005e80   Section      121  main.o(.conststring)
    .data                                    0x20000000   Section        4  system_stm32l4xx.o(.data)
    .data                                    0x20000004   Section        4  stm32l4xx_hal.o(.data)
    .data                                    0x20000008   Section        6  usart.o(.data)
    .data                                    0x20000010   Section       21  main.o(.data)
    AppMain_Handle                           0x20000010   Data           4  main.o(.data)
    ESP8266_Handle                           0x20000014   Data           4  main.o(.data)
    IOTContral_Handle                        0x20000018   Data           4  main.o(.data)
    cnt                                      0x20000024   Data           1  main.o(.data)
    .data                                    0x20000026   Section        2  esp8266.o(.data)
    .data                                    0x20000028   Section       10  mqtt.o(.data)
    id                                       0x20000030   Data           2  mqtt.o(.data)
    .data                                    0x20000034   Section       60  tasks.o(.data)
    pxDelayedTaskList                        0x20000038   Data           4  tasks.o(.data)
    pxOverflowDelayedTaskList                0x2000003c   Data           4  tasks.o(.data)
    uxDeletedTasksWaitingCleanUp             0x20000040   Data           4  tasks.o(.data)
    uxCurrentNumberOfTasks                   0x20000044   Data           4  tasks.o(.data)
    xTickCount                               0x20000048   Data           4  tasks.o(.data)
    uxTopReadyPriority                       0x2000004c   Data           4  tasks.o(.data)
    xSchedulerRunning                        0x20000050   Data           4  tasks.o(.data)
    uxPendedTicks                            0x20000054   Data           4  tasks.o(.data)
    xYieldPending                            0x20000058   Data           4  tasks.o(.data)
    xNumOfOverflows                          0x2000005c   Data           4  tasks.o(.data)
    uxTaskNumber                             0x20000060   Data           4  tasks.o(.data)
    xNextTaskUnblockTime                     0x20000064   Data           4  tasks.o(.data)
    xIdleTaskHandle                          0x20000068   Data           4  tasks.o(.data)
    uxSchedulerSuspended                     0x2000006c   Data           4  tasks.o(.data)
    .data                                    0x20000070   Section       20  timers.o(.data)
    pxCurrentTimerList                       0x20000070   Data           4  timers.o(.data)
    pxOverflowTimerList                      0x20000074   Data           4  timers.o(.data)
    xTimerQueue                              0x20000078   Data           4  timers.o(.data)
    xTimerTaskHandle                         0x2000007c   Data           4  timers.o(.data)
    xLastTime                                0x20000080   Data           4  timers.o(.data)
    .data                                    0x20000084   Section       24  heap_4.o(.data)
    xStart                                   0x20000084   Data           8  heap_4.o(.data)
    pxEnd                                    0x2000008c   Data           4  heap_4.o(.data)
    xFreeBytesRemaining                      0x20000090   Data           4  heap_4.o(.data)
    xMinimumEverFreeBytesRemaining           0x20000094   Data           4  heap_4.o(.data)
    xBlockAllocatedBit                       0x20000098   Data           4  heap_4.o(.data)
    .data                                    0x2000009c   Section        4  port.o(.data)
    uxCriticalNesting                        0x2000009c   Data           4  port.o(.data)
    .bss                                     0x200000a0   Section       64  stm32l4xx_hal_timebase_tim_template.o(.bss)
    .bss                                     0x200000e0   Section      320  usart.o(.bss)
    .bss                                     0x20000220   Section      300  main.o(.bss)
    .bss                                     0x2000034c   Section     2168  esp8266.o(.bss)
    USART2_TX_BUF                            0x2000034c   Data        1024  esp8266.o(.bss)
    .bss                                     0x20000bc4   Section       64  timer.o(.bss)
    .bss                                     0x20000c04   Section     1580  mqtt.o(.bss)
    .bss                                     0x20001230   Section      420  tasks.o(.bss)
    pxReadyTasksLists                        0x20001230   Data         320  tasks.o(.bss)
    xDelayedTaskList1                        0x20001370   Data          20  tasks.o(.bss)
    xDelayedTaskList2                        0x20001384   Data          20  tasks.o(.bss)
    xPendingReadyList                        0x20001398   Data          20  tasks.o(.bss)
    xTasksWaitingTermination                 0x200013ac   Data          20  tasks.o(.bss)
    xSuspendedTaskList                       0x200013c0   Data          20  tasks.o(.bss)
    .bss                                     0x200013d4   Section       40  timers.o(.bss)
    xActiveTimerList1                        0x200013d4   Data          20  timers.o(.bss)
    xActiveTimerList2                        0x200013e8   Data          20  timers.o(.bss)
    .bss                                     0x200013fc   Section    17408  heap_4.o(.bss)
    ucHeap                                   0x200013fc   Data       17408  heap_4.o(.bss)
    STACK                                    0x20005800   Section     1024  startup_stm32l475xx.o(STACK)

    Global Symbols

    Symbol Name                              Value     Ov Type        Size  Object(Section)

    BuildAttributes$$THM_ISAv4$E$P$D$K$B$S$7EM$VFPi3$EXTD16$VFPS$VFMA$PE$A:L22UL41UL21$X:L11$S22US41US21$IEEE1$IW$USESV6$~STKCKD$USESV7$~SHL$OTIME$ROPI$EBA8$MICROLIB$REQ8$PRES8$EABIv2 0x00000000   Number         0  anon$$obj.o ABSOLUTE
    __ARM_use_no_argv                        0x00000000   Number         0  main.o ABSOLUTE
    __use_no_errno                           0x00000000   Number         0  useno.o ABSOLUTE
    __use_no_exception_handling              0x00000000   Number         0  useno.o ABSOLUTE
    __use_no_fp                              0x00000000   Number         0  useno.o ABSOLUTE
    __use_no_heap                            0x00000000   Number         0  useno.o ABSOLUTE
    __use_no_heap_region                     0x00000000   Number         0  useno.o ABSOLUTE
    __use_no_semihosting                     0x00000000   Number         0  useno.o ABSOLUTE
    __use_no_semihosting_swi                 0x00000000   Number         0  useno.o ABSOLUTE
    __use_no_signal_handling                 0x00000000   Number         0  useno.o ABSOLUTE
    _printf_a                                0x00000000   Number         0  stubs.o ABSOLUTE
    _printf_c                                0x00000000   Number         0  stubs.o ABSOLUTE
    _printf_charcount                        0x00000000   Number         0  stubs.o ABSOLUTE
    _printf_d                                0x00000000   Number         0  stubs.o ABSOLUTE
    _printf_e                                0x00000000   Number         0  stubs.o ABSOLUTE
    _printf_f                                0x00000000   Number         0  stubs.o ABSOLUTE
    _printf_flags                            0x00000000   Number         0  stubs.o ABSOLUTE
    _printf_fp_dec                           0x00000000   Number         0  stubs.o ABSOLUTE
    _printf_fp_hex                           0x00000000   Number         0  stubs.o ABSOLUTE
    _printf_g                                0x00000000   Number         0  stubs.o ABSOLUTE
    _printf_i                                0x00000000   Number         0  stubs.o ABSOLUTE
    _printf_int_dec                          0x00000000   Number         0  stubs.o ABSOLUTE
    _printf_l                                0x00000000   Number         0  stubs.o ABSOLUTE
    _printf_lc                               0x00000000   Number         0  stubs.o ABSOLUTE
    _printf_ll                               0x00000000   Number         0  stubs.o ABSOLUTE
    _printf_lld                              0x00000000   Number         0  stubs.o ABSOLUTE
    _printf_lli                              0x00000000   Number         0  stubs.o ABSOLUTE
    _printf_llo                              0x00000000   Number         0  stubs.o ABSOLUTE
    _printf_llu                              0x00000000   Number         0  stubs.o ABSOLUTE
    _printf_llx                              0x00000000   Number         0  stubs.o ABSOLUTE
    _printf_longlong_dec                     0x00000000   Number         0  stubs.o ABSOLUTE
    _printf_longlong_hex                     0x00000000   Number         0  stubs.o ABSOLUTE
    _printf_longlong_oct                     0x00000000   Number         0  stubs.o ABSOLUTE
    _printf_ls                               0x00000000   Number         0  stubs.o ABSOLUTE
    _printf_mbtowc                           0x00000000   Number         0  stubs.o ABSOLUTE
    _printf_n                                0x00000000   Number         0  stubs.o ABSOLUTE
    _printf_o                                0x00000000   Number         0  stubs.o ABSOLUTE
    _printf_p                                0x00000000   Number         0  stubs.o ABSOLUTE
    _printf_percent                          0x00000000   Number         0  stubs.o ABSOLUTE
    _printf_pre_padding                      0x00000000   Number         0  stubs.o ABSOLUTE
    _printf_return_value                     0x00000000   Number         0  stubs.o ABSOLUTE
    _printf_s                                0x00000000   Number         0  stubs.o ABSOLUTE
    _printf_sizespec                         0x00000000   Number         0  stubs.o ABSOLUTE
    _printf_str                              0x00000000   Number         0  stubs.o ABSOLUTE
    _printf_truncate_signed                  0x00000000   Number         0  stubs.o ABSOLUTE
    _printf_truncate_unsigned                0x00000000   Number         0  stubs.o ABSOLUTE
    _printf_u                                0x00000000   Number         0  stubs.o ABSOLUTE
    _printf_wc                               0x00000000   Number         0  stubs.o ABSOLUTE
    _printf_wctomb                           0x00000000   Number         0  stubs.o ABSOLUTE
    _printf_widthprec                        0x00000000   Number         0  stubs.o ABSOLUTE
    _printf_x                                0x00000000   Number         0  stubs.o ABSOLUTE
    __cpp_initialize__aeabi_                  - Undefined Weak Reference
    __cxa_finalize                            - Undefined Weak Reference
    __decompress                              - Undefined Weak Reference
    _clock_init                               - Undefined Weak Reference
    _microlib_exit                            - Undefined Weak Reference
    __Vectors_Size                           0x00000188   Number         0  startup_stm32l475xx.o ABSOLUTE
    __Vectors                                0x08000000   Data           4  startup_stm32l475xx.o(RESET)
    __Vectors_End                            0x08000188   Data           0  startup_stm32l475xx.o(RESET)
    __main                                   0x08000189   Thumb Code     0  entry.o(.ARM.Collect$$$$00000000)
    _main_stk                                0x08000189   Thumb Code     0  entry2.o(.ARM.Collect$$$$00000001)
    _main_scatterload                        0x0800018d   Thumb Code     0  entry5.o(.ARM.Collect$$$$00000004)
    __main_after_scatterload                 0x08000191   Thumb Code     0  entry5.o(.ARM.Collect$$$$00000004)
    _main_clock                              0x08000191   Thumb Code     0  entry7b.o(.ARM.Collect$$$$00000008)
    _main_cpp_init                           0x08000191   Thumb Code     0  entry8b.o(.ARM.Collect$$$$0000000A)
    _main_init                               0x08000191   Thumb Code     0  entry9a.o(.ARM.Collect$$$$0000000B)
    __rt_final_cpp                           0x08000199   Thumb Code     0  entry10a.o(.ARM.Collect$$$$0000000D)
    __rt_final_exit                          0x08000199   Thumb Code     0  entry11a.o(.ARM.Collect$$$$0000000F)
    SVC_Handler                              0x0800019d   Thumb Code    28  port.o(.emb_text)
    __asm___6_port_c_39a90d8d__prvStartFirstTask 0x080001bd   Thumb Code    28  port.o(.emb_text)
    __asm___6_port_c_39a90d8d__prvEnableVFP  0x080001dd   Thumb Code    16  port.o(.emb_text)
    PendSV_Handler                           0x080001f1   Thumb Code    88  port.o(.emb_text)
    vPortGetIPSR                             0x0800024d   Thumb Code     6  port.o(.emb_text)
    Reset_Handler                            0x08000275   Thumb Code     8  startup_stm32l475xx.o(.text)
    ADC1_2_IRQHandler                        0x0800028f   Thumb Code     0  startup_stm32l475xx.o(.text)
    ADC3_IRQHandler                          0x0800028f   Thumb Code     0  startup_stm32l475xx.o(.text)
    CAN1_RX0_IRQHandler                      0x0800028f   Thumb Code     0  startup_stm32l475xx.o(.text)
    CAN1_RX1_IRQHandler                      0x0800028f   Thumb Code     0  startup_stm32l475xx.o(.text)
    CAN1_SCE_IRQHandler                      0x0800028f   Thumb Code     0  startup_stm32l475xx.o(.text)
    CAN1_TX_IRQHandler                       0x0800028f   Thumb Code     0  startup_stm32l475xx.o(.text)
    COMP_IRQHandler                          0x0800028f   Thumb Code     0  startup_stm32l475xx.o(.text)
    DFSDM1_FLT0_IRQHandler                   0x0800028f   Thumb Code     0  startup_stm32l475xx.o(.text)
    DFSDM1_FLT1_IRQHandler                   0x0800028f   Thumb Code     0  startup_stm32l475xx.o(.text)
    DFSDM1_FLT2_IRQHandler                   0x0800028f   Thumb Code     0  startup_stm32l475xx.o(.text)
    DFSDM1_FLT3_IRQHandler                   0x0800028f   Thumb Code     0  startup_stm32l475xx.o(.text)
    DMA1_Channel1_IRQHandler                 0x0800028f   Thumb Code     0  startup_stm32l475xx.o(.text)
    DMA1_Channel2_IRQHandler                 0x0800028f   Thumb Code     0  startup_stm32l475xx.o(.text)
    DMA1_Channel3_IRQHandler                 0x0800028f   Thumb Code     0  startup_stm32l475xx.o(.text)
    DMA1_Channel4_IRQHandler                 0x0800028f   Thumb Code     0  startup_stm32l475xx.o(.text)
    DMA1_Channel5_IRQHandler                 0x0800028f   Thumb Code     0  startup_stm32l475xx.o(.text)
    DMA1_Channel6_IRQHandler                 0x0800028f   Thumb Code     0  startup_stm32l475xx.o(.text)
    DMA1_Channel7_IRQHandler                 0x0800028f   Thumb Code     0  startup_stm32l475xx.o(.text)
    DMA2_Channel1_IRQHandler                 0x0800028f   Thumb Code     0  startup_stm32l475xx.o(.text)
    DMA2_Channel2_IRQHandler                 0x0800028f   Thumb Code     0  startup_stm32l475xx.o(.text)
    DMA2_Channel3_IRQHandler                 0x0800028f   Thumb Code     0  startup_stm32l475xx.o(.text)
    DMA2_Channel4_IRQHandler                 0x0800028f   Thumb Code     0  startup_stm32l475xx.o(.text)
    DMA2_Channel5_IRQHandler                 0x0800028f   Thumb Code     0  startup_stm32l475xx.o(.text)
    DMA2_Channel6_IRQHandler                 0x0800028f   Thumb Code     0  startup_stm32l475xx.o(.text)
    DMA2_Channel7_IRQHandler                 0x0800028f   Thumb Code     0  startup_stm32l475xx.o(.text)
    EXTI0_IRQHandler                         0x0800028f   Thumb Code     0  startup_stm32l475xx.o(.text)
    EXTI15_10_IRQHandler                     0x0800028f   Thumb Code     0  startup_stm32l475xx.o(.text)
    EXTI1_IRQHandler                         0x0800028f   Thumb Code     0  startup_stm32l475xx.o(.text)
    EXTI2_IRQHandler                         0x0800028f   Thumb Code     0  startup_stm32l475xx.o(.text)
    EXTI3_IRQHandler                         0x0800028f   Thumb Code     0  startup_stm32l475xx.o(.text)
    EXTI4_IRQHandler                         0x0800028f   Thumb Code     0  startup_stm32l475xx.o(.text)
    EXTI9_5_IRQHandler                       0x0800028f   Thumb Code     0  startup_stm32l475xx.o(.text)
    FLASH_IRQHandler                         0x0800028f   Thumb Code     0  startup_stm32l475xx.o(.text)
    FMC_IRQHandler                           0x0800028f   Thumb Code     0  startup_stm32l475xx.o(.text)
    FPU_IRQHandler                           0x0800028f   Thumb Code     0  startup_stm32l475xx.o(.text)
    I2C1_ER_IRQHandler                       0x0800028f   Thumb Code     0  startup_stm32l475xx.o(.text)
    I2C1_EV_IRQHandler                       0x0800028f   Thumb Code     0  startup_stm32l475xx.o(.text)
    I2C2_ER_IRQHandler                       0x0800028f   Thumb Code     0  startup_stm32l475xx.o(.text)
    I2C2_EV_IRQHandler                       0x0800028f   Thumb Code     0  startup_stm32l475xx.o(.text)
    I2C3_ER_IRQHandler                       0x0800028f   Thumb Code     0  startup_stm32l475xx.o(.text)
    I2C3_EV_IRQHandler                       0x0800028f   Thumb Code     0  startup_stm32l475xx.o(.text)
    LPTIM1_IRQHandler                        0x0800028f   Thumb Code     0  startup_stm32l475xx.o(.text)
    LPTIM2_IRQHandler                        0x0800028f   Thumb Code     0  startup_stm32l475xx.o(.text)
    LPUART1_IRQHandler                       0x0800028f   Thumb Code     0  startup_stm32l475xx.o(.text)
    OTG_FS_IRQHandler                        0x0800028f   Thumb Code     0  startup_stm32l475xx.o(.text)
    PVD_PVM_IRQHandler                       0x0800028f   Thumb Code     0  startup_stm32l475xx.o(.text)
    QUADSPI_IRQHandler                       0x0800028f   Thumb Code     0  startup_stm32l475xx.o(.text)
    RCC_IRQHandler                           0x0800028f   Thumb Code     0  startup_stm32l475xx.o(.text)
    RNG_IRQHandler                           0x0800028f   Thumb Code     0  startup_stm32l475xx.o(.text)
    RTC_Alarm_IRQHandler                     0x0800028f   Thumb Code     0  startup_stm32l475xx.o(.text)
    RTC_WKUP_IRQHandler                      0x0800028f   Thumb Code     0  startup_stm32l475xx.o(.text)
    SAI1_IRQHandler                          0x0800028f   Thumb Code     0  startup_stm32l475xx.o(.text)
    SAI2_IRQHandler                          0x0800028f   Thumb Code     0  startup_stm32l475xx.o(.text)
    SDMMC1_IRQHandler                        0x0800028f   Thumb Code     0  startup_stm32l475xx.o(.text)
    SPI1_IRQHandler                          0x0800028f   Thumb Code     0  startup_stm32l475xx.o(.text)
    SPI2_IRQHandler                          0x0800028f   Thumb Code     0  startup_stm32l475xx.o(.text)
    SPI3_IRQHandler                          0x0800028f   Thumb Code     0  startup_stm32l475xx.o(.text)
    SWPMI1_IRQHandler                        0x0800028f   Thumb Code     0  startup_stm32l475xx.o(.text)
    TAMP_STAMP_IRQHandler                    0x0800028f   Thumb Code     0  startup_stm32l475xx.o(.text)
    TIM1_BRK_TIM15_IRQHandler                0x0800028f   Thumb Code     0  startup_stm32l475xx.o(.text)
    TIM1_CC_IRQHandler                       0x0800028f   Thumb Code     0  startup_stm32l475xx.o(.text)
    TIM1_TRG_COM_TIM17_IRQHandler            0x0800028f   Thumb Code     0  startup_stm32l475xx.o(.text)
    TIM1_UP_TIM16_IRQHandler                 0x0800028f   Thumb Code     0  startup_stm32l475xx.o(.text)
    TIM2_IRQHandler                          0x0800028f   Thumb Code     0  startup_stm32l475xx.o(.text)
    TIM3_IRQHandler                          0x0800028f   Thumb Code     0  startup_stm32l475xx.o(.text)
    TIM4_IRQHandler                          0x0800028f   Thumb Code     0  startup_stm32l475xx.o(.text)
    TIM5_IRQHandler                          0x0800028f   Thumb Code     0  startup_stm32l475xx.o(.text)
    TIM8_BRK_IRQHandler                      0x0800028f   Thumb Code     0  startup_stm32l475xx.o(.text)
    TIM8_CC_IRQHandler                       0x0800028f   Thumb Code     0  startup_stm32l475xx.o(.text)
    TIM8_TRG_COM_IRQHandler                  0x0800028f   Thumb Code     0  startup_stm32l475xx.o(.text)
    TIM8_UP_IRQHandler                       0x0800028f   Thumb Code     0  startup_stm32l475xx.o(.text)
    TSC_IRQHandler                           0x0800028f   Thumb Code     0  startup_stm32l475xx.o(.text)
    UART4_IRQHandler                         0x0800028f   Thumb Code     0  startup_stm32l475xx.o(.text)
    UART5_IRQHandler                         0x0800028f   Thumb Code     0  startup_stm32l475xx.o(.text)
    USART3_IRQHandler                        0x0800028f   Thumb Code     0  startup_stm32l475xx.o(.text)
    WWDG_IRQHandler                          0x0800028f   Thumb Code     0  startup_stm32l475xx.o(.text)
    __aeabi_uldivmod                         0x08000299   Thumb Code    98  uldiv.o(.text)
    __aeabi_memcpy                           0x08000301   Thumb Code    36  memcpya.o(.text)
    __aeabi_memcpy4                          0x08000301   Thumb Code     0  memcpya.o(.text)
    __aeabi_memcpy8                          0x08000301   Thumb Code     0  memcpya.o(.text)
    __aeabi_memset                           0x08000325   Thumb Code    14  memseta.o(.text)
    __aeabi_memset4                          0x08000325   Thumb Code     0  memseta.o(.text)
    __aeabi_memset8                          0x08000325   Thumb Code     0  memseta.o(.text)
    __aeabi_memclr                           0x08000333   Thumb Code     4  memseta.o(.text)
    __aeabi_memclr4                          0x08000333   Thumb Code     0  memseta.o(.text)
    __aeabi_memclr8                          0x08000333   Thumb Code     0  memseta.o(.text)
    _memset$wrapper                          0x08000337   Thumb Code    18  memseta.o(.text)
    strstr                                   0x08000349   Thumb Code    36  strstr.o(.text)
    strlen                                   0x0800036d   Thumb Code    14  strlen.o(.text)
    __aeabi_dadd                             0x0800037b   Thumb Code   322  dadd.o(.text)
    __aeabi_dsub                             0x080004bd   Thumb Code     6  dadd.o(.text)
    __aeabi_drsub                            0x080004c3   Thumb Code     6  dadd.o(.text)
    __aeabi_dmul                             0x080004d9   Thumb Code   228  dmul.o(.text)
    __aeabi_ddiv                             0x080005c3   Thumb Code   222  ddiv.o(.text)
    __aeabi_i2d                              0x080006a1   Thumb Code    34  dflti.o(.text)
    __aeabi_f2d                              0x080006c3   Thumb Code    38  f2d.o(.text)
    __aeabi_d2f                              0x080006e9   Thumb Code    56  d2f.o(.text)
    __aeabi_uidiv                            0x08000721   Thumb Code     0  uidiv.o(.text)
    __aeabi_uidivmod                         0x08000721   Thumb Code    44  uidiv.o(.text)
    __aeabi_llsl                             0x0800074d   Thumb Code    30  llshl.o(.text)
    _ll_shift_l                              0x0800074d   Thumb Code     0  llshl.o(.text)
    __aeabi_llsr                             0x0800076b   Thumb Code    32  llushr.o(.text)
    _ll_ushift_r                             0x0800076b   Thumb Code     0  llushr.o(.text)
    __aeabi_lasr                             0x0800078b   Thumb Code    36  llsshr.o(.text)
    _ll_sshift_r                             0x0800078b   Thumb Code     0  llsshr.o(.text)
    __I$use$fp                               0x080007af   Thumb Code     0  iusefp.o(.text)
    _float_round                             0x080007af   Thumb Code    18  fepilogue.o(.text)
    _float_epilogue                          0x080007c1   Thumb Code    92  fepilogue.o(.text)
    _double_round                            0x0800081d   Thumb Code    30  depilogue.o(.text)
    _double_epilogue                         0x0800083b   Thumb Code   156  depilogue.o(.text)
    __aeabi_d2ulz                            0x080008d7   Thumb Code    48  dfixul.o(.text)
    __aeabi_cdrcmple                         0x08000909   Thumb Code    48  cdrcmple.o(.text)
    __scatterload                            0x08000939   Thumb Code    28  init.o(.text)
    __scatterload_rt2                        0x08000939   Thumb Code     0  init.o(.text)
    AHT10_Init                               0x0800095d   Thumb Code    80  aht10.o(i.AHT10_Init)
    AHT10_Read_Data                          0x080009ad   Thumb Code    74  aht10.o(i.AHT10_Read_Data)
    AHT10_Read_Humidity                      0x080009f9   Thumb Code   138  aht10.o(i.AHT10_Read_Humidity)
    AHT10_Read_Temperature                   0x08000a95   Thumb Code   150  aht10.o(i.AHT10_Read_Temperature)
    AHT10_Write_Data                         0x08000b51   Thumb Code    74  aht10.o(i.AHT10_Write_Data)
    BusFault_Handler                         0x08000b9b   Thumb Code     4  stm32l4xx_it.o(i.BusFault_Handler)
    DebugMon_Handler                         0x08000b9f   Thumb Code     2  stm32l4xx_it.o(i.DebugMon_Handler)
    ESP8266_ATSendBuf                        0x08000ba1   Thumb Code    38  esp8266.o(i.ESP8266_ATSendBuf)
    ESP8266_ATSendString                     0x08000bd5   Thumb Code    38  esp8266.o(i.ESP8266_ATSendString)
    ESP8266_Check                            0x08000c05   Thumb Code    52  esp8266.o(i.ESP8266_Check)
    ESP8266_ConnectAP                        0x08000c49   Thumb Code   132  esp8266.o(i.ESP8266_ConnectAP)
    ESP8266_ConnectServer                    0x08000d09   Thumb Code   158  esp8266.o(i.ESP8266_ConnectServer)
    ESP8266_ExitUnvarnishedTrans             0x08000de9   Thumb Code    28  esp8266.o(i.ESP8266_ExitUnvarnishedTrans)
    ESP8266_Init                             0x08000e09   Thumb Code    96  esp8266.o(i.ESP8266_Init)
    ESP8266_MQTT_Init                        0x08000e89   Thumb Code   166  main.o(i.ESP8266_MQTT_Init)
    Enter_ErrorMode                          0x080010ed   Thumb Code    94  main.o(i.Enter_ErrorMode)
    FindStr                                  0x080011fd   Thumb Code    54  esp8266.o(i.FindStr)
    HAL_DMA_Abort_IT                         0x08001233   Thumb Code    92  stm32l4xx_hal_dma.o(i.HAL_DMA_Abort_IT)
    HAL_GPIO_Init                            0x08001291   Thumb Code   480  stm32l4xx_hal_gpio.o(i.HAL_GPIO_Init)
    HAL_GPIO_ReadPin                         0x08001495   Thumb Code    16  stm32l4xx_hal_gpio.o(i.HAL_GPIO_ReadPin)
    HAL_GPIO_WritePin                        0x080014a5   Thumb Code    10  stm32l4xx_hal_gpio.o(i.HAL_GPIO_WritePin)
    HAL_GetTick                              0x080014b1   Thumb Code     6  stm32l4xx_hal.o(i.HAL_GetTick)
    HAL_IncTick                              0x080014bd   Thumb Code    12  stm32l4xx_hal.o(i.HAL_IncTick)
    HAL_InitTick                             0x080014cd   Thumb Code   132  stm32l4xx_hal_timebase_tim_template.o(i.HAL_InitTick)
    HAL_NVIC_EnableIRQ                       0x08001561   Thumb Code    26  stm32l4xx_hal_cortex.o(i.HAL_NVIC_EnableIRQ)
    HAL_NVIC_SetPriority                     0x0800157b   Thumb Code   124  stm32l4xx_hal_cortex.o(i.HAL_NVIC_SetPriority)
    HAL_NVIC_SetPriorityGrouping             0x080015fd   Thumb Code    32  stm32l4xx_hal_cortex.o(i.HAL_NVIC_SetPriorityGrouping)
    HAL_PWREx_ControlVoltageScaling          0x08001625   Thumb Code   128  stm32l4xx_hal_pwr_ex.o(i.HAL_PWREx_ControlVoltageScaling)
    HAL_PWREx_GetVoltageRange                0x080016b1   Thumb Code    10  stm32l4xx_hal_pwr_ex.o(i.HAL_PWREx_GetVoltageRange)
    HAL_RCC_ClockConfig                      0x080016c1   Thumb Code   358  stm32l4xx_hal_rcc.o(i.HAL_RCC_ClockConfig)
    HAL_RCC_GetClockConfig                   0x08001839   Thumb Code    58  stm32l4xx_hal_rcc.o(i.HAL_RCC_GetClockConfig)
    HAL_RCC_GetHCLKFreq                      0x0800187d   Thumb Code     6  stm32l4xx_hal_rcc.o(i.HAL_RCC_GetHCLKFreq)
    HAL_RCC_GetPCLK1Freq                     0x08001889   Thumb Code    26  stm32l4xx_hal_rcc.o(i.HAL_RCC_GetPCLK1Freq)
    HAL_RCC_GetPCLK2Freq                     0x080018ad   Thumb Code    26  stm32l4xx_hal_rcc.o(i.HAL_RCC_GetPCLK2Freq)
    HAL_RCC_GetSysClockFreq                  0x080018d1   Thumb Code   266  stm32l4xx_hal_rcc.o(i.HAL_RCC_GetSysClockFreq)
    HAL_RCC_OscConfig                        0x080019ed   Thumb Code  1536  stm32l4xx_hal_rcc.o(i.HAL_RCC_OscConfig)
    HAL_TIMEx_Break2Callback                 0x08001ff9   Thumb Code     2  stm32l4xx_hal_tim_ex.o(i.HAL_TIMEx_Break2Callback)
    HAL_TIMEx_BreakCallback                  0x08001ffb   Thumb Code     2  stm32l4xx_hal_tim_ex.o(i.HAL_TIMEx_BreakCallback)
    HAL_TIMEx_CommutationCallback            0x08001ffd   Thumb Code     2  stm32l4xx_hal_tim_ex.o(i.HAL_TIMEx_CommutationCallback)
    HAL_TIM_Base_Init                        0x08001fff   Thumb Code    52  stm32l4xx_hal_tim.o(i.HAL_TIM_Base_Init)
    HAL_TIM_Base_MspInit                     0x08002035   Thumb Code    58  timer.o(i.HAL_TIM_Base_MspInit)
    HAL_TIM_Base_Start_IT                    0x08002079   Thumb Code    62  stm32l4xx_hal_tim.o(i.HAL_TIM_Base_Start_IT)
    HAL_TIM_IC_CaptureCallback               0x080020bd   Thumb Code     2  stm32l4xx_hal_tim.o(i.HAL_TIM_IC_CaptureCallback)
    HAL_TIM_IRQHandler                       0x080020bf   Thumb Code   440  stm32l4xx_hal_tim.o(i.HAL_TIM_IRQHandler)
    HAL_TIM_OC_DelayElapsedCallback          0x08002277   Thumb Code     2  stm32l4xx_hal_tim.o(i.HAL_TIM_OC_DelayElapsedCallback)
    HAL_TIM_PWM_PulseFinishedCallback        0x08002279   Thumb Code     2  stm32l4xx_hal_tim.o(i.HAL_TIM_PWM_PulseFinishedCallback)
    HAL_TIM_PeriodElapsedCallback            0x0800227b   Thumb Code    10  stm32l4xx_hal_timebase_tim_template.o(i.HAL_TIM_PeriodElapsedCallback)
    HAL_TIM_TriggerCallback                  0x08002285   Thumb Code     2  stm32l4xx_hal_tim.o(i.HAL_TIM_TriggerCallback)
    HAL_UARTEx_WakeupCallback                0x08002287   Thumb Code     2  stm32l4xx_hal_uart_ex.o(i.HAL_UARTEx_WakeupCallback)
    HAL_UART_ErrorCallback                   0x08002289   Thumb Code     2  stm32l4xx_hal_uart.o(i.HAL_UART_ErrorCallback)
    HAL_UART_IRQHandler                      0x0800228d   Thumb Code   392  stm32l4xx_hal_uart.o(i.HAL_UART_IRQHandler)
    HAL_UART_Init                            0x08002419   Thumb Code   120  stm32l4xx_hal_uart.o(i.HAL_UART_Init)
    HAL_UART_MspInit                         0x08002491   Thumb Code   118  usart.o(i.HAL_UART_MspInit)
    HAL_UART_Receive                         0x08002511   Thumb Code   272  stm32l4xx_hal_uart.o(i.HAL_UART_Receive)
    HAL_UART_Transmit                        0x08002627   Thumb Code   200  stm32l4xx_hal_uart.o(i.HAL_UART_Transmit)
    HAL_UART_TxCpltCallback                  0x080026ef   Thumb Code     2  stm32l4xx_hal_uart.o(i.HAL_UART_TxCpltCallback)
    HardFault_Handler                        0x080026f1   Thumb Code     4  stm32l4xx_it.o(i.HardFault_Handler)
    IIC_Ack                                  0x080026f5   Thumb Code    74  aht10.o(i.IIC_Ack)
    IIC_Delay                                0x08002749   Thumb Code    10  aht10.o(i.IIC_Delay)
    IIC_Init                                 0x08002755   Thumb Code   126  aht10.o(i.IIC_Init)
    IIC_NAck                                 0x080027e1   Thumb Code    74  aht10.o(i.IIC_NAck)
    IIC_Read_Byte                            0x08002835   Thumb Code    98  aht10.o(i.IIC_Read_Byte)
    IIC_Send_Byte                            0x080028a1   Thumb Code   108  aht10.o(i.IIC_Send_Byte)
    IIC_Start                                0x08002915   Thumb Code    74  aht10.o(i.IIC_Start)
    IIC_Stop                                 0x08002969   Thumb Code    74  aht10.o(i.IIC_Stop)
    IIC_Wait_Ack                             0x080029bd   Thumb Code    94  aht10.o(i.IIC_Wait_Ack)
    LED_Init                                 0x08002b95   Thumb Code    70  main.o(i.LED_Init)
    MQTT_Connect_Pack                        0x08002be5   Thumb Code   650  mqtt.o(i.MQTT_Connect_Pack)
    MQTT_HeartTimer_Handler                  0x08002f2d   Thumb Code    16  main.o(i.MQTT_HeartTimer_Handler)
    MQTT_SendBuf                             0x08002f59   Thumb Code    16  mqtt.o(i.MQTT_SendBuf)
    MQTT_SendHeart                           0x08002f69   Thumb Code    12  mqtt.o(i.MQTT_SendHeart)
    MQTT_SubsrcibeTopic                      0x08002f79   Thumb Code   392  mqtt.o(i.MQTT_SubsrcibeTopic)
    MemManage_Handler                        0x0800312b   Thumb Code     4  stm32l4xx_it.o(i.MemManage_Handler)
    NMI_Handler                              0x0800312f   Thumb Code     2  stm32l4xx_it.o(i.NMI_Handler)
    SysTick_Handler                          0x08003205   Thumb Code     8  stm32l4xx_it.o(i.SysTick_Handler)
    SystemClock_Config                       0x0800320d   Thumb Code   134  sys.o(i.SystemClock_Config)
    SystemInit                               0x08003299   Thumb Code    68  system_stm32l4xx.o(i.SystemInit)
    TIM6_DAC_IRQHandler                      0x080032e9   Thumb Code    10  stm32l4xx_hal_timebase_tim_template.o(i.TIM6_DAC_IRQHandler)
    TIM7_IRQHandler                          0x080032f9   Thumb Code    44  timer.o(i.TIM7_IRQHandler)
    TIM_Base_SetConfig                       0x08003345   Thumb Code   170  stm32l4xx_hal_tim.o(i.TIM_Base_SetConfig)
    UART_AdvFeatureConfig                    0x08003411   Thumb Code   248  stm32l4xx_hal_uart.o(i.UART_AdvFeatureConfig)
    UART_CheckIdleState                      0x08003509   Thumb Code   116  stm32l4xx_hal_uart.o(i.UART_CheckIdleState)
    UART_SetConfig                           0x080035dd   Thumb Code  1158  stm32l4xx_hal_uart.o(i.UART_SetConfig)
    UART_WaitOnFlagUntilTimeout              0x08003a6f   Thumb Code   108  stm32l4xx_hal_uart.o(i.UART_WaitOnFlagUntilTimeout)
    USART1_IRQHandler                        0x08003add   Thumb Code   146  usart.o(i.USART1_IRQHandler)
    USART2_IRQHandler                        0x08003b7d   Thumb Code   116  esp8266.o(i.USART2_IRQHandler)
    UsageFault_Handler                       0x08003c25   Thumb Code     4  stm32l4xx_it.o(i.UsageFault_Handler)
    __0printf                                0x08003c29   Thumb Code    22  printfa.o(i.__0printf)
    __1printf                                0x08003c29   Thumb Code     0  printfa.o(i.__0printf)
    __2printf                                0x08003c29   Thumb Code     0  printfa.o(i.__0printf)
    __c89printf                              0x08003c29   Thumb Code     0  printfa.o(i.__0printf)
    printf                                   0x08003c29   Thumb Code     0  printfa.o(i.__0printf)
    __0sprintf                               0x08003c49   Thumb Code    34  printfa.o(i.__0sprintf)
    __1sprintf                               0x08003c49   Thumb Code     0  printfa.o(i.__0sprintf)
    __2sprintf                               0x08003c49   Thumb Code     0  printfa.o(i.__0sprintf)
    __c89sprintf                             0x08003c49   Thumb Code     0  printfa.o(i.__0sprintf)
    sprintf                                  0x08003c49   Thumb Code     0  printfa.o(i.__0sprintf)
    __scatterload_copy                       0x08003c71   Thumb Code    14  handlers.o(i.__scatterload_copy)
    __scatterload_null                       0x08003c7f   Thumb Code     2  handlers.o(i.__scatterload_null)
    __scatterload_zeroinit                   0x08003c81   Thumb Code    14  handlers.o(i.__scatterload_zeroinit)
    delay_ms                                 0x08004609   Thumb Code    18  delay.o(i.delay_ms)
    delay_us                                 0x0800461b   Thumb Code    60  delay.o(i.delay_us)
    fputc                                    0x08004659   Thumb Code    24  usart.o(i.fputc)
    init_TIM7                                0x08004675   Thumb Code    46  timer.o(i.init_TIM7)
    init_uart2                               0x080046ad   Thumb Code   208  esp8266.o(i.init_uart2)
    main                                     0x08004791   Thumb Code    72  main.o(i.main)
    pvPortMalloc                             0x080050a5   Thumb Code   188  heap_4.o(i.pvPortMalloc)
    pxPortInitialiseStack                    0x08005175   Thumb Code    38  port.o(i.pxPortInitialiseStack)
    uart_init                                0x080051a1   Thumb Code    66  usart.o(i.uart_init)
    uxListRemove                             0x080051ed   Thumb Code    40  list.o(i.uxListRemove)
    vListInitialise                          0x08005215   Thumb Code    26  list.o(i.vListInitialise)
    vListInitialiseItem                      0x0800522f   Thumb Code     6  list.o(i.vListInitialiseItem)
    vListInsert                              0x08005235   Thumb Code    52  list.o(i.vListInsert)
    vListInsertEnd                           0x08005269   Thumb Code    24  list.o(i.vListInsertEnd)
    vPortEnterCritical                       0x08005281   Thumb Code    30  port.o(i.vPortEnterCritical)
    vPortExitCritical                        0x080052a5   Thumb Code    28  port.o(i.vPortExitCritical)
    vPortFree                                0x080052c5   Thumb Code    64  heap_4.o(i.vPortFree)
    vPortSetupTimerInterrupt                 0x0800530d   Thumb Code    14  port.o(i.vPortSetupTimerInterrupt)
    vQueueWaitForMessageRestricted           0x08005321   Thumb Code    74  queue.o(i.vQueueWaitForMessageRestricted)
    vTaskDelay                               0x0800536d   Thumb Code    46  tasks.o(i.vTaskDelay)
    vTaskDelete                              0x080053a1   Thumb Code   166  tasks.o(i.vTaskDelete)
    vTaskMissedYield                         0x0800546d   Thumb Code     8  tasks.o(i.vTaskMissedYield)
    vTaskPlaceOnEventList                    0x08005479   Thumb Code    28  tasks.o(i.vTaskPlaceOnEventList)
    vTaskPlaceOnEventListRestricted          0x08005499   Thumb Code    36  tasks.o(i.vTaskPlaceOnEventListRestricted)
    vTaskSetTimeOutState                     0x080054c1   Thumb Code    14  tasks.o(i.vTaskSetTimeOutState)
    vTaskStartScheduler                      0x080054d9   Thumb Code    82  tasks.o(i.vTaskStartScheduler)
    vTaskSuspendAll                          0x08005549   Thumb Code    12  tasks.o(i.vTaskSuspendAll)
    vTaskSwitchContext                       0x08005559   Thumb Code    76  tasks.o(i.vTaskSwitchContext)
    xPortStartScheduler                      0x080055b9   Thumb Code    58  port.o(i.xPortStartScheduler)
    xPortSysTickHandler                      0x08005601   Thumb Code    46  port.o(i.xPortSysTickHandler)
    xQueueGenericCreate                      0x08005635   Thumb Code    56  queue.o(i.xQueueGenericCreate)
    xQueueGenericReceive                     0x0800566d   Thumb Code   312  queue.o(i.xQueueGenericReceive)
    xQueueGenericReset                       0x080057a9   Thumb Code   122  queue.o(i.xQueueGenericReset)
    xQueueGenericSend                        0x08005829   Thumb Code   276  queue.o(i.xQueueGenericSend)
    xQueueGenericSendFromISR                 0x08005941   Thumb Code   134  queue.o(i.xQueueGenericSendFromISR)
    xTaskCheckForTimeOut                     0x080059cd   Thumb Code    84  tasks.o(i.xTaskCheckForTimeOut)
    xTaskCreate                              0x08005a29   Thumb Code    96  tasks.o(i.xTaskCreate)
    xTaskGetSchedulerState                   0x08005a91   Thumb Code    24  tasks.o(i.xTaskGetSchedulerState)
    xTaskGetTickCount                        0x08005ab1   Thumb Code     6  tasks.o(i.xTaskGetTickCount)
    xTaskIncrementTick                       0x08005abd   Thumb Code   238  tasks.o(i.xTaskIncrementTick)
    xTaskRemoveFromEventList                 0x08005bd9   Thumb Code   104  tasks.o(i.xTaskRemoveFromEventList)
    xTaskResumeAll                           0x08005c59   Thumb Code   196  tasks.o(i.xTaskResumeAll)
    xTimerCreate                             0x08005d41   Thumb Code    48  timers.o(i.xTimerCreate)
    xTimerCreateTimerTask                    0x08005d79   Thumb Code    42  timers.o(i.xTimerCreateTimerTask)
    xTimerGenericCommand                     0x08005db9   Thumb Code   102  timers.o(i.xTimerGenericCommand)
    AHBPrescTable                            0x08005e2c   Data          16  system_stm32l4xx.o(.constdata)
    APBPrescTable                            0x08005e3c   Data           8  system_stm32l4xx.o(.constdata)
    MSIRangeTable                            0x08005e44   Data          48  system_stm32l4xx.o(.constdata)
    parket_connetAck                         0x08005e74   Data           4  mqtt.o(.constdata)
    parket_disconnect                        0x08005e78   Data           2  mqtt.o(.constdata)
    parket_heart                             0x08005e7a   Data           2  mqtt.o(.constdata)
    parket_heart_reply                       0x08005e7c   Data           2  mqtt.o(.constdata)
    parket_subAck                            0x08005e7e   Data           2  mqtt.o(.constdata)
    Region$$Table$$Base                      0x08005efc   Number         0  anon$$obj.o(Region$$Table)
    Region$$Table$$Limit                     0x08005f1c   Number         0  anon$$obj.o(Region$$Table)
    SystemCoreClock                          0x20000000   Data           4  system_stm32l4xx.o(.data)
    uwTick                                   0x20000004   Data           4  stm32l4xx_hal.o(.data)
    __stdout                                 0x20000008   Data           4  usart.o(.data)
    USART_RX_STA                             0x2000000c   Data           2  usart.o(.data)
    esp8266_Semaphore                        0x2000001c   Data           4  main.o(.data)
    MQTT_HeartTimer                          0x20000020   Data           4  main.o(.data)
    USART2_RX_STA                            0x20000026   Data           2  esp8266.o(.data)
    mqtt_rxbuf                               0x20000028   Data           4  mqtt.o(.data)
    mqtt_rxlen                               0x2000002c   Data           2  mqtt.o(.data)
    mqtt_txlen                               0x2000002e   Data           2  mqtt.o(.data)
    pxCurrentTCB                             0x20000034   Data           4  tasks.o(.data)
    TimHandle                                0x200000a0   Data          64  stm32l4xx_hal_timebase_tim_template.o(.bss)
    USART_RX_BUF                             0x200000e0   Data         200  usart.o(.bss)
    UART1_Handler                            0x200001a8   Data         120  usart.o(.bss)
    mqtt_message                             0x20000220   Data         300  main.o(.bss)
    USART2_RX_BUF                            0x2000074c   Data        1024  esp8266.o(.bss)
    UART2_Hander                             0x20000b4c   Data         120  esp8266.o(.bss)
    TIM7_Handler                             0x20000bc4   Data          64  timer.o(.bss)
    MQTT_ClientID                            0x20000c04   Data         100  mqtt.o(.bss)
    MQTT_UserName                            0x20000c68   Data         100  mqtt.o(.bss)
    MQTT_PassWord                            0x20000ccc   Data         100  mqtt.o(.bss)
    mqtt_txbuf                               0x20000d30   Data         256  mqtt.o(.bss)
    _mqtt_rxbuf                              0x20000e30   Data         512  mqtt.o(.bss)
    _mqtt_txbuf                              0x20001030   Data         512  mqtt.o(.bss)
    __initial_sp                             0x20005c00   Data           0  startup_stm32l475xx.o(STACK)



==============================================================================

Memory Map of the image

  Image Entry point : 0x08000189

  Load Region LR_IROM1 (Base: 0x08000000, Size: 0x00005fbc, Max: 0x00080000, ABSOLUTE)

    Execution Region ER_IROM1 (Exec base: 0x08000000, Load base: 0x08000000, Size: 0x00005f1c, Max: 0x00080000, ABSOLUTE)

    Exec Addr    Load Addr    Size         Type   Attr      Idx    E Section Name        Object

    0x08000000   0x08000000   0x00000188   Data   RO            3    RESET               startup_stm32l475xx.o
    0x08000188   0x08000188   0x00000000   Code   RO        10774  * .ARM.Collect$$$$00000000  mc_w.l(entry.o)
    0x08000188   0x08000188   0x00000004   Code   RO        11062    .ARM.Collect$$$$00000001  mc_w.l(entry2.o)
    0x0800018c   0x0800018c   0x00000004   Code   RO        11065    .ARM.Collect$$$$00000004  mc_w.l(entry5.o)
    0x08000190   0x08000190   0x00000000   Code   RO        11067    .ARM.Collect$$$$00000008  mc_w.l(entry7b.o)
    0x08000190   0x08000190   0x00000000   Code   RO        11069    .ARM.Collect$$$$0000000A  mc_w.l(entry8b.o)
    0x08000190   0x08000190   0x00000008   Code   RO        11070    .ARM.Collect$$$$0000000B  mc_w.l(entry9a.o)
    0x08000198   0x08000198   0x00000000   Code   RO        11072    .ARM.Collect$$$$0000000D  mc_w.l(entry10a.o)
    0x08000198   0x08000198   0x00000000   Code   RO        11074    .ARM.Collect$$$$0000000F  mc_w.l(entry11a.o)
    0x08000198   0x08000198   0x00000004   Code   RO        11063    .ARM.Collect$$$$00002712  mc_w.l(entry2.o)
    0x0800019c   0x0800019c   0x000000d6   Code   RO        10703    .emb_text           port.o
    0x08000272   0x08000272   0x00000002   PAD
    0x08000274   0x08000274   0x00000024   Code   RO            4    .text               startup_stm32l475xx.o
    0x08000298   0x08000298   0x00000068   Code   RO        10777    .text               mc_w.l(uldiv.o)
    0x08000300   0x08000300   0x00000024   Code   RO        10779    .text               mc_w.l(memcpya.o)
    0x08000324   0x08000324   0x00000024   Code   RO        10781    .text               mc_w.l(memseta.o)
    0x08000348   0x08000348   0x00000024   Code   RO        10783    .text               mc_w.l(strstr.o)
    0x0800036c   0x0800036c   0x0000000e   Code   RO        10785    .text               mc_w.l(strlen.o)
    0x0800037a   0x0800037a   0x0000015e   Code   RO        11050    .text               mf_w.l(dadd.o)
    0x080004d8   0x080004d8   0x000000ea   Code   RO        11052    .text               mf_w.l(dmul.o)
    0x080005c2   0x080005c2   0x000000de   Code   RO        11054    .text               mf_w.l(ddiv.o)
    0x080006a0   0x080006a0   0x00000022   Code   RO        11056    .text               mf_w.l(dflti.o)
    0x080006c2   0x080006c2   0x00000026   Code   RO        11058    .text               mf_w.l(f2d.o)
    0x080006e8   0x080006e8   0x00000038   Code   RO        11060    .text               mf_w.l(d2f.o)
    0x08000720   0x08000720   0x0000002c   Code   RO        11076    .text               mc_w.l(uidiv.o)
    0x0800074c   0x0800074c   0x0000001e   Code   RO        11078    .text               mc_w.l(llshl.o)
    0x0800076a   0x0800076a   0x00000020   Code   RO        11080    .text               mc_w.l(llushr.o)
    0x0800078a   0x0800078a   0x00000024   Code   RO        11082    .text               mc_w.l(llsshr.o)
    0x080007ae   0x080007ae   0x00000000   Code   RO        11084    .text               mc_w.l(iusefp.o)
    0x080007ae   0x080007ae   0x0000006e   Code   RO        11085    .text               mf_w.l(fepilogue.o)
    0x0800081c   0x0800081c   0x000000ba   Code   RO        11087    .text               mf_w.l(depilogue.o)
    0x080008d6   0x080008d6   0x00000030   Code   RO        11089    .text               mf_w.l(dfixul.o)
    0x08000906   0x08000906   0x00000002   PAD
    0x08000908   0x08000908   0x00000030   Code   RO        11091    .text               mf_w.l(cdrcmple.o)
    0x08000938   0x08000938   0x00000024   Code   RO        11093    .text               mc_w.l(init.o)
    0x0800095c   0x0800095c   0x00000050   Code   RO         9866    i.AHT10_Init        aht10.o
    0x080009ac   0x080009ac   0x0000004a   Code   RO         9868    i.AHT10_Read_Data   aht10.o
    0x080009f6   0x080009f6   0x00000002   PAD
    0x080009f8   0x080009f8   0x0000009c   Code   RO         9869    i.AHT10_Read_Humidity  aht10.o
    0x08000a94   0x08000a94   0x000000bc   Code   RO         9870    i.AHT10_Read_Temperature  aht10.o
    0x08000b50   0x08000b50   0x0000004a   Code   RO         9871    i.AHT10_Write_Data  aht10.o
    0x08000b9a   0x08000b9a   0x00000004   Code   RO         9160    i.BusFault_Handler  stm32l4xx_it.o
    0x08000b9e   0x08000b9e   0x00000002   Code   RO         9161    i.DebugMon_Handler  stm32l4xx_it.o
    0x08000ba0   0x08000ba0   0x00000034   Code   RO         9227    i.ESP8266_ATSendBuf  esp8266.o
    0x08000bd4   0x08000bd4   0x00000030   Code   RO         9228    i.ESP8266_ATSendString  esp8266.o
    0x08000c04   0x08000c04   0x00000044   Code   RO         9229    i.ESP8266_Check     esp8266.o
    0x08000c48   0x08000c48   0x000000c0   Code   RO         9230    i.ESP8266_ConnectAP  esp8266.o
    0x08000d08   0x08000d08   0x000000e0   Code   RO         9231    i.ESP8266_ConnectServer  esp8266.o
    0x08000de8   0x08000de8   0x00000020   Code   RO         9232    i.ESP8266_ExitUnvarnishedTrans  esp8266.o
    0x08000e08   0x08000e08   0x00000080   Code   RO         9233    i.ESP8266_Init      esp8266.o
    0x08000e88   0x08000e88   0x00000218   Code   RO         8909    i.ESP8266_MQTT_Init  main.o
    0x080010a0   0x080010a0   0x0000004c   Code   RO         9234    i.ESP8266_OpenTransmission  esp8266.o
    0x080010ec   0x080010ec   0x00000110   Code   RO         8910    i.Enter_ErrorMode   main.o
    0x080011fc   0x080011fc   0x00000036   Code   RO         9236    i.FindStr           esp8266.o
    0x08001232   0x08001232   0x0000005c   Code   RO         2174    i.HAL_DMA_Abort_IT  stm32l4xx_hal_dma.o
    0x0800128e   0x0800128e   0x00000002   PAD
    0x08001290   0x08001290   0x00000204   Code   RO         3583    i.HAL_GPIO_Init     stm32l4xx_hal_gpio.o
    0x08001494   0x08001494   0x00000010   Code   RO         3585    i.HAL_GPIO_ReadPin  stm32l4xx_hal_gpio.o
    0x080014a4   0x080014a4   0x0000000a   Code   RO         3587    i.HAL_GPIO_WritePin  stm32l4xx_hal_gpio.o
    0x080014ae   0x080014ae   0x00000002   PAD
    0x080014b0   0x080014b0   0x0000000c   Code   RO         1510    i.HAL_GetTick       stm32l4xx_hal.o
    0x080014bc   0x080014bc   0x00000010   Code   RO         1514    i.HAL_IncTick       stm32l4xx_hal.o
    0x080014cc   0x080014cc   0x00000094   Code   RO         6697    i.HAL_InitTick      stm32l4xx_hal_timebase_tim_template.o
    0x08001560   0x08001560   0x0000001a   Code   RO          310    i.HAL_NVIC_EnableIRQ  stm32l4xx_hal_cortex.o
    0x0800157a   0x0800157a   0x00000082   Code   RO          316    i.HAL_NVIC_SetPriority  stm32l4xx_hal_cortex.o
    0x080015fc   0x080015fc   0x00000028   Code   RO          317    i.HAL_NVIC_SetPriorityGrouping  stm32l4xx_hal_cortex.o
    0x08001624   0x08001624   0x0000008c   Code   RO         4694    i.HAL_PWREx_ControlVoltageScaling  stm32l4xx_hal_pwr_ex.o
    0x080016b0   0x080016b0   0x00000010   Code   RO         4725    i.HAL_PWREx_GetVoltageRange  stm32l4xx_hal_pwr_ex.o
    0x080016c0   0x080016c0   0x00000178   Code   RO         4337    i.HAL_RCC_ClockConfig  stm32l4xx_hal_rcc.o
    0x08001838   0x08001838   0x00000044   Code   RO         4340    i.HAL_RCC_GetClockConfig  stm32l4xx_hal_rcc.o
    0x0800187c   0x0800187c   0x0000000c   Code   RO         4341    i.HAL_RCC_GetHCLKFreq  stm32l4xx_hal_rcc.o
    0x08001888   0x08001888   0x00000024   Code   RO         4343    i.HAL_RCC_GetPCLK1Freq  stm32l4xx_hal_rcc.o
    0x080018ac   0x080018ac   0x00000024   Code   RO         4344    i.HAL_RCC_GetPCLK2Freq  stm32l4xx_hal_rcc.o
    0x080018d0   0x080018d0   0x0000011c   Code   RO         4345    i.HAL_RCC_GetSysClockFreq  stm32l4xx_hal_rcc.o
    0x080019ec   0x080019ec   0x0000060c   Code   RO         4348    i.HAL_RCC_OscConfig  stm32l4xx_hal_rcc.o
    0x08001ff8   0x08001ff8   0x00000002   Code   RO         6748    i.HAL_TIMEx_Break2Callback  stm32l4xx_hal_tim_ex.o
    0x08001ffa   0x08001ffa   0x00000002   Code   RO         6749    i.HAL_TIMEx_BreakCallback  stm32l4xx_hal_tim_ex.o
    0x08001ffc   0x08001ffc   0x00000002   Code   RO         6750    i.HAL_TIMEx_CommutationCallback  stm32l4xx_hal_tim_ex.o
    0x08001ffe   0x08001ffe   0x00000034   Code   RO         7007    i.HAL_TIM_Base_Init  stm32l4xx_hal_tim.o
    0x08002032   0x08002032   0x00000002   PAD
    0x08002034   0x08002034   0x00000044   Code   RO         9767    i.HAL_TIM_Base_MspInit  timer.o
    0x08002078   0x08002078   0x00000044   Code   RO         7012    i.HAL_TIM_Base_Start_IT  stm32l4xx_hal_tim.o
    0x080020bc   0x080020bc   0x00000002   Code   RO         7036    i.HAL_TIM_IC_CaptureCallback  stm32l4xx_hal_tim.o
    0x080020be   0x080020be   0x000001b8   Code   RO         7049    i.HAL_TIM_IRQHandler  stm32l4xx_hal_tim.o
    0x08002276   0x08002276   0x00000002   Code   RO         7052    i.HAL_TIM_OC_DelayElapsedCallback  stm32l4xx_hal_tim.o
    0x08002278   0x08002278   0x00000002   Code   RO         7079    i.HAL_TIM_PWM_PulseFinishedCallback  stm32l4xx_hal_tim.o
    0x0800227a   0x0800227a   0x0000000a   Code   RO         6700    i.HAL_TIM_PeriodElapsedCallback  stm32l4xx_hal_timebase_tim_template.o
    0x08002284   0x08002284   0x00000002   Code   RO         7090    i.HAL_TIM_TriggerCallback  stm32l4xx_hal_tim.o
    0x08002286   0x08002286   0x00000002   Code   RO         8229    i.HAL_UARTEx_WakeupCallback  stm32l4xx_hal_uart_ex.o
    0x08002288   0x08002288   0x00000002   Code   RO         8315    i.HAL_UART_ErrorCallback  stm32l4xx_hal_uart.o
    0x0800228a   0x0800228a   0x00000002   PAD
    0x0800228c   0x0800228c   0x0000018c   Code   RO         8318    i.HAL_UART_IRQHandler  stm32l4xx_hal_uart.o
    0x08002418   0x08002418   0x00000078   Code   RO         8319    i.HAL_UART_Init     stm32l4xx_hal_uart.o
    0x08002490   0x08002490   0x00000080   Code   RO         8846    i.HAL_UART_MspInit  usart.o
    0x08002510   0x08002510   0x00000116   Code   RO         8322    i.HAL_UART_Receive  stm32l4xx_hal_uart.o
    0x08002626   0x08002626   0x000000c8   Code   RO         8327    i.HAL_UART_Transmit  stm32l4xx_hal_uart.o
    0x080026ee   0x080026ee   0x00000002   Code   RO         8330    i.HAL_UART_TxCpltCallback  stm32l4xx_hal_uart.o
    0x080026f0   0x080026f0   0x00000004   Code   RO         9162    i.HardFault_Handler  stm32l4xx_it.o
    0x080026f4   0x080026f4   0x00000054   Code   RO         9872    i.IIC_Ack           aht10.o
    0x08002748   0x08002748   0x0000000a   Code   RO         9873    i.IIC_Delay         aht10.o
    0x08002752   0x08002752   0x00000002   PAD
    0x08002754   0x08002754   0x0000008c   Code   RO         9874    i.IIC_Init          aht10.o
    0x080027e0   0x080027e0   0x00000054   Code   RO         9875    i.IIC_NAck          aht10.o
    0x08002834   0x08002834   0x0000006c   Code   RO         9876    i.IIC_Read_Byte     aht10.o
    0x080028a0   0x080028a0   0x00000074   Code   RO         9877    i.IIC_Send_Byte     aht10.o
    0x08002914   0x08002914   0x00000054   Code   RO         9878    i.IIC_Start         aht10.o
    0x08002968   0x08002968   0x00000054   Code   RO         9879    i.IIC_Stop          aht10.o
    0x080029bc   0x080029bc   0x00000068   Code   RO         9880    i.IIC_Wait_Ack      aht10.o
    0x08002a24   0x08002a24   0x0000009c   Code   RO         8911    i.IOT_Contral       main.o
    0x08002ac0   0x08002ac0   0x000000d4   Code   RO         8912    i.IOT_Esp8266       main.o
    0x08002b94   0x08002b94   0x00000050   Code   RO         8913    i.LED_Init          main.o
    0x08002be4   0x08002be4   0x000002f2   Code   RO         9806    i.MQTT_Connect_Pack  mqtt.o
    0x08002ed6   0x08002ed6   0x00000002   PAD
    0x08002ed8   0x08002ed8   0x00000054   Code   RO         8914    i.MQTT_CreateHeartTimer  main.o
    0x08002f2c   0x08002f2c   0x0000002c   Code   RO         8915    i.MQTT_HeartTimer_Handler  main.o
    0x08002f58   0x08002f58   0x00000010   Code   RO         9808    i.MQTT_SendBuf      mqtt.o
    0x08002f68   0x08002f68   0x00000010   Code   RO         9809    i.MQTT_SendHeart    mqtt.o
    0x08002f78   0x08002f78   0x000001b2   Code   RO         9810    i.MQTT_SubsrcibeTopic  mqtt.o
    0x0800312a   0x0800312a   0x00000004   Code   RO         9163    i.MemManage_Handler  stm32l4xx_it.o
    0x0800312e   0x0800312e   0x00000002   Code   RO         9164    i.NMI_Handler       stm32l4xx_it.o
    0x08003130   0x08003130   0x00000010   Code   RO          323    i.NVIC_GetPriorityGrouping  stm32l4xx_hal_cortex.o
    0x08003140   0x08003140   0x00000028   Code   RO          324    i.NVIC_SetPriority  stm32l4xx_hal_cortex.o
    0x08003168   0x08003168   0x0000009c   Code   RO         4349    i.RCC_SetFlashLatencyFromMSIRange  stm32l4xx_hal_rcc.o
    0x08003204   0x08003204   0x00000008   Code   RO         9165    i.SysTick_Handler   stm32l4xx_it.o
    0x0800320c   0x0800320c   0x0000008c   Code   RO         8816    i.SystemClock_Config  sys.o
    0x08003298   0x08003298   0x00000050   Code   RO           14    i.SystemInit        system_stm32l4xx.o
    0x080032e8   0x080032e8   0x00000010   Code   RO         6701    i.TIM6_DAC_IRQHandler  stm32l4xx_hal_timebase_tim_template.o
    0x080032f8   0x080032f8   0x0000004c   Code   RO         9768    i.TIM7_IRQHandler   timer.o
    0x08003344   0x08003344   0x000000cc   Code   RO         7091    i.TIM_Base_SetConfig  stm32l4xx_hal_tim.o
    0x08003410   0x08003410   0x000000f8   Code   RO         8332    i.UART_AdvFeatureConfig  stm32l4xx_hal_uart.o
    0x08003508   0x08003508   0x00000074   Code   RO         8333    i.UART_CheckIdleState  stm32l4xx_hal_uart.o
    0x0800357c   0x0800357c   0x00000018   Code   RO         8334    i.UART_DMAAbortOnError  stm32l4xx_hal_uart.o
    0x08003594   0x08003594   0x00000024   Code   RO         8344    i.UART_EndRxTransfer  stm32l4xx_hal_uart.o
    0x080035b8   0x080035b8   0x00000022   Code   RO         8345    i.UART_EndTransmit_IT  stm32l4xx_hal_uart.o
    0x080035da   0x080035da   0x00000002   PAD
    0x080035dc   0x080035dc   0x00000492   Code   RO         8349    i.UART_SetConfig    stm32l4xx_hal_uart.o
    0x08003a6e   0x08003a6e   0x0000006c   Code   RO         8352    i.UART_WaitOnFlagUntilTimeout  stm32l4xx_hal_uart.o
    0x08003ada   0x08003ada   0x00000002   PAD
    0x08003adc   0x08003adc   0x000000a0   Code   RO         8847    i.USART1_IRQHandler  usart.o
    0x08003b7c   0x08003b7c   0x00000088   Code   RO         9237    i.USART2_IRQHandler  esp8266.o
    0x08003c04   0x08003c04   0x00000020   Code   RO         9238    i.USART2_SendOneByte  esp8266.o
    0x08003c24   0x08003c24   0x00000004   Code   RO         9166    i.UsageFault_Handler  stm32l4xx_it.o
    0x08003c28   0x08003c28   0x00000020   Code   RO        11022    i.__0printf         mc_w.l(printfa.o)
    0x08003c48   0x08003c48   0x00000028   Code   RO        11024    i.__0sprintf        mc_w.l(printfa.o)
    0x08003c70   0x08003c70   0x0000000e   Code   RO        11097    i.__scatterload_copy  mc_w.l(handlers.o)
    0x08003c7e   0x08003c7e   0x00000002   Code   RO        11098    i.__scatterload_null  mc_w.l(handlers.o)
    0x08003c80   0x08003c80   0x0000000e   Code   RO        11099    i.__scatterload_zeroinit  mc_w.l(handlers.o)
    0x08003c8e   0x08003c8e   0x00000002   PAD
    0x08003c90   0x08003c90   0x0000018a   Code   RO        11029    i._fp_digits        mc_w.l(printfa.o)
    0x08003e1a   0x08003e1a   0x00000002   PAD
    0x08003e1c   0x08003e1c   0x000006e2   Code   RO        11030    i._printf_core      mc_w.l(printfa.o)
    0x080044fe   0x080044fe   0x00000024   Code   RO        11031    i._printf_post_padding  mc_w.l(printfa.o)
    0x08004522   0x08004522   0x0000002e   Code   RO        11032    i._printf_pre_padding  mc_w.l(printfa.o)
    0x08004550   0x08004550   0x0000000a   Code   RO        11034    i._sputc            mc_w.l(printfa.o)
    0x0800455a   0x0800455a   0x00000002   PAD
    0x0800455c   0x0800455c   0x000000ac   Code   RO         8916    i.appmain           main.o
    0x08004608   0x08004608   0x00000012   Code   RO         8779    i.delay_ms          delay.o
    0x0800461a   0x0800461a   0x0000003c   Code   RO         8780    i.delay_us          delay.o
    0x08004656   0x08004656   0x00000002   PAD
    0x08004658   0x08004658   0x0000001c   Code   RO         8849    i.fputc             usart.o
    0x08004674   0x08004674   0x00000038   Code   RO         9769    i.init_TIM7         timer.o
    0x080046ac   0x080046ac   0x000000e4   Code   RO         9245    i.init_uart2        esp8266.o
    0x08004790   0x08004790   0x00000058   Code   RO         8917    i.main              main.o
    0x080047e8   0x080047e8   0x00000098   Code   RO        10250    i.prvAddCurrentTaskToDelayedList  tasks.o
    0x08004880   0x08004880   0x000000b4   Code   RO        10251    i.prvAddNewTaskToReadyList  tasks.o
    0x08004934   0x08004934   0x0000004c   Code   RO        10536    i.prvCheckForValidListAndQueue  timers.o
    0x08004980   0x08004980   0x00000064   Code   RO        10252    i.prvCheckTasksWaitingTermination  tasks.o
    0x080049e4   0x080049e4   0x0000002a   Code   RO        10120    i.prvCopyDataFromQueue  queue.o
    0x08004a0e   0x08004a0e   0x0000006a   Code   RO        10121    i.prvCopyDataToQueue  queue.o
    0x08004a78   0x08004a78   0x00000012   Code   RO        10253    i.prvDeleteTCB      tasks.o
    0x08004a8a   0x08004a8a   0x00000002   PAD
    0x08004a8c   0x08004a8c   0x00000028   Code   RO        10537    i.prvGetNextExpireTime  timers.o
    0x08004ab4   0x08004ab4   0x0000007c   Code   RO        10654    i.prvHeapInit       heap_4.o
    0x08004b30   0x08004b30   0x00000028   Code   RO        10254    i.prvIdleTask       tasks.o
    0x08004b58   0x08004b58   0x00000026   Code   RO        10122    i.prvInitialiseNewQueue  queue.o
    0x08004b7e   0x08004b7e   0x00000086   Code   RO        10255    i.prvInitialiseNewTask  tasks.o
    0x08004c04   0x08004c04   0x0000002e   Code   RO        10538    i.prvInitialiseNewTimer  timers.o
    0x08004c32   0x08004c32   0x00000002   PAD
    0x08004c34   0x08004c34   0x00000068   Code   RO        10256    i.prvInitialiseTaskLists  tasks.o
    0x08004c9c   0x08004c9c   0x00000068   Code   RO        10655    i.prvInsertBlockIntoFreeList  heap_4.o
    0x08004d04   0x08004d04   0x00000058   Code   RO        10539    i.prvInsertTimerInActiveList  timers.o
    0x08004d5c   0x08004d5c   0x0000001a   Code   RO        10123    i.prvIsQueueEmpty   queue.o
    0x08004d76   0x08004d76   0x0000001e   Code   RO        10124    i.prvIsQueueFull    queue.o
    0x08004d94   0x08004d94   0x0000004c   Code   RO        10540    i.prvProcessExpiredTimer  timers.o
    0x08004de0   0x08004de0   0x000000bc   Code   RO        10541    i.prvProcessReceivedCommands  timers.o
    0x08004e9c   0x08004e9c   0x00000074   Code   RO        10542    i.prvProcessTimerOrBlockTask  timers.o
    0x08004f10   0x08004f10   0x00000034   Code   RO        10257    i.prvResetNextTaskUnblockTime  tasks.o
    0x08004f44   0x08004f44   0x0000002c   Code   RO        10543    i.prvSampleTimeNow  timers.o
    0x08004f70   0x08004f70   0x00000084   Code   RO        10544    i.prvSwitchTimerLists  timers.o
    0x08004ff4   0x08004ff4   0x00000016   Code   RO        10704    i.prvTaskExitError  port.o
    0x0800500a   0x0800500a   0x0000001a   Code   RO        10545    i.prvTimerTask      timers.o
    0x08005024   0x08005024   0x0000007e   Code   RO        10125    i.prvUnlockQueue    queue.o
    0x080050a2   0x080050a2   0x00000002   PAD
    0x080050a4   0x080050a4   0x000000d0   Code   RO        10656    i.pvPortMalloc      heap_4.o
    0x08005174   0x08005174   0x0000002c   Code   RO        10705    i.pxPortInitialiseStack  port.o
    0x080051a0   0x080051a0   0x0000004c   Code   RO         8850    i.uart_init         usart.o
    0x080051ec   0x080051ec   0x00000028   Code   RO        10084    i.uxListRemove      list.o
    0x08005214   0x08005214   0x0000001a   Code   RO        10085    i.vListInitialise   list.o
    0x0800522e   0x0800522e   0x00000006   Code   RO        10086    i.vListInitialiseItem  list.o
    0x08005234   0x08005234   0x00000034   Code   RO        10087    i.vListInsert       list.o
    0x08005268   0x08005268   0x00000018   Code   RO        10088    i.vListInsertEnd    list.o
    0x08005280   0x08005280   0x00000024   Code   RO        10707    i.vPortEnterCritical  port.o
    0x080052a4   0x080052a4   0x00000020   Code   RO        10708    i.vPortExitCritical  port.o
    0x080052c4   0x080052c4   0x00000048   Code   RO        10657    i.vPortFree         heap_4.o
    0x0800530c   0x0800530c   0x00000014   Code   RO        10709    i.vPortSetupTimerInterrupt  port.o
    0x08005320   0x08005320   0x0000004a   Code   RO        10130    i.vQueueWaitForMessageRestricted  queue.o
    0x0800536a   0x0800536a   0x00000002   PAD
    0x0800536c   0x0800536c   0x00000034   Code   RO        10264    i.vTaskDelay        tasks.o
    0x080053a0   0x080053a0   0x000000cc   Code   RO        10266    i.vTaskDelete       tasks.o
    0x0800546c   0x0800546c   0x0000000c   Code   RO        10268    i.vTaskMissedYield  tasks.o
    0x08005478   0x08005478   0x00000020   Code   RO        10270    i.vTaskPlaceOnEventList  tasks.o
    0x08005498   0x08005498   0x00000028   Code   RO        10271    i.vTaskPlaceOnEventListRestricted  tasks.o
    0x080054c0   0x080054c0   0x00000018   Code   RO        10275    i.vTaskSetTimeOutState  tasks.o
    0x080054d8   0x080054d8   0x00000070   Code   RO        10276    i.vTaskStartScheduler  tasks.o
    0x08005548   0x08005548   0x00000010   Code   RO        10278    i.vTaskSuspendAll   tasks.o
    0x08005558   0x08005558   0x00000060   Code   RO        10279    i.vTaskSwitchContext  tasks.o
    0x080055b8   0x080055b8   0x00000048   Code   RO        10710    i.xPortStartScheduler  port.o
    0x08005600   0x08005600   0x00000034   Code   RO        10711    i.xPortSysTickHandler  port.o
    0x08005634   0x08005634   0x00000038   Code   RO        10131    i.xQueueGenericCreate  queue.o
    0x0800566c   0x0800566c   0x0000013c   Code   RO        10132    i.xQueueGenericReceive  queue.o
    0x080057a8   0x080057a8   0x00000080   Code   RO        10133    i.xQueueGenericReset  queue.o
    0x08005828   0x08005828   0x00000118   Code   RO        10134    i.xQueueGenericSend  queue.o
    0x08005940   0x08005940   0x0000008c   Code   RO        10135    i.xQueueGenericSendFromISR  queue.o
    0x080059cc   0x080059cc   0x0000005c   Code   RO        10280    i.xTaskCheckForTimeOut  tasks.o
    0x08005a28   0x08005a28   0x00000066   Code   RO        10281    i.xTaskCreate       tasks.o
    0x08005a8e   0x08005a8e   0x00000002   PAD
    0x08005a90   0x08005a90   0x00000020   Code   RO        10284    i.xTaskGetSchedulerState  tasks.o
    0x08005ab0   0x08005ab0   0x0000000c   Code   RO        10285    i.xTaskGetTickCount  tasks.o
    0x08005abc   0x08005abc   0x0000011c   Code   RO        10287    i.xTaskIncrementTick  tasks.o
    0x08005bd8   0x08005bd8   0x00000080   Code   RO        10290    i.xTaskRemoveFromEventList  tasks.o
    0x08005c58   0x08005c58   0x000000e8   Code   RO        10292    i.xTaskResumeAll    tasks.o
    0x08005d40   0x08005d40   0x00000036   Code   RO        10548    i.xTimerCreate      timers.o
    0x08005d76   0x08005d76   0x00000002   PAD
    0x08005d78   0x08005d78   0x00000040   Code   RO        10549    i.xTimerCreateTimerTask  timers.o
    0x08005db8   0x08005db8   0x00000072   Code   RO        10550    i.xTimerGenericCommand  timers.o
    0x08005e2a   0x08005e2a   0x00000002   PAD
    0x08005e2c   0x08005e2c   0x00000048   Data   RO           15    .constdata          system_stm32l4xx.o
    0x08005e74   0x08005e74   0x0000000c   Data   RO         9812    .constdata          mqtt.o
    0x08005e80   0x08005e80   0x00000079   Data   RO         8919    .conststring        main.o
    0x08005ef9   0x08005ef9   0x00000003   PAD
    0x08005efc   0x08005efc   0x00000020   Data   RO        11095    Region$$Table       anon$$obj.o


    Execution Region RW_IRAM1 (Exec base: 0x20000000, Load base: 0x08005f1c, Size: 0x00005c00, Max: 0x00018000, ABSOLUTE)

    Exec Addr    Load Addr    Size         Type   Attr      Idx    E Section Name        Object

    0x20000000   0x08005f1c   0x00000004   Data   RW           16    .data               system_stm32l4xx.o
    0x20000004   0x08005f20   0x00000004   Data   RW         1531    .data               stm32l4xx_hal.o
    0x20000008   0x08005f24   0x00000006   Data   RW         8852    .data               usart.o
    0x2000000e   0x08005f2a   0x00000002   PAD
    0x20000010   0x08005f2c   0x00000015   Data   RW         8920    .data               main.o
    0x20000025   0x08005f41   0x00000001   PAD
    0x20000026   0x08005f42   0x00000002   Data   RW         9249    .data               esp8266.o
    0x20000028   0x08005f44   0x0000000a   Data   RW         9813    .data               mqtt.o
    0x20000032   0x08005f4e   0x00000002   PAD
    0x20000034   0x08005f50   0x0000003c   Data   RW        10295    .data               tasks.o
    0x20000070   0x08005f8c   0x00000014   Data   RW        10556    .data               timers.o
    0x20000084   0x08005fa0   0x00000018   Data   RW        10662    .data               heap_4.o
    0x2000009c   0x08005fb8   0x00000004   Data   RW        10712    .data               port.o
    0x200000a0        -       0x00000040   Zero   RW         6702    .bss                stm32l4xx_hal_timebase_tim_template.o
    0x200000e0        -       0x00000140   Zero   RW         8851    .bss                usart.o
    0x20000220        -       0x0000012c   Zero   RW         8918    .bss                main.o
    0x2000034c        -       0x00000878   Zero   RW         9247    .bss                esp8266.o
    0x20000bc4        -       0x00000040   Zero   RW         9770    .bss                timer.o
    0x20000c04        -       0x0000062c   Zero   RW         9811    .bss                mqtt.o
    0x20001230        -       0x000001a4   Zero   RW        10294    .bss                tasks.o
    0x200013d4        -       0x00000028   Zero   RW        10555    .bss                timers.o
    0x200013fc        -       0x00004400   Zero   RW        10661    .bss                heap_4.o
    0x200057fc   0x08005fbc   0x00000004   PAD
    0x20005800        -       0x00000400   Zero   RW            1    STACK               startup_stm32l475xx.o


==============================================================================

Image component sizes


      Code (inc. data)   RO Data    RW Data    ZI Data      Debug   Object Name

      1386        126          0          0          0       9003   aht10.o
        78          0          0          0          0       1854   delay.o
      1270        270          0          2       2168     694685   esp8266.o
         0          0          0          0          0       9280   event_groups.o
       508         62          0         24      17408       3947   heap_4.o
       148          0          0          0          0       3330   list.o
      1644        810        121         21        300      24143   main.o
      1220        138         12         10       1580       5623   mqtt.o
       492         58          0          4          0       9752   port.o
      1362         14          0          0          0      11394   queue.o
        36          8        392          0       1024        864   startup_stm32l475xx.o
        28         10          0          4          0       2253   stm32l4xx_hal.o
       252         22          0          0          0     167706   stm32l4xx_hal_cortex.o
        92          0          0          0          0       1083   stm32l4xx_hal_dma.o
       542         36          0          0          0       2939   stm32l4xx_hal_gpio.o
       156         18          0          0          0       1282   stm32l4xx_hal_pwr_ex.o
      2516        108          0          0          0       7641   stm32l4xx_hal_rcc.o
       772         40          0          0          0       5535   stm32l4xx_hal_tim.o
         6          0          0          0          0       2101   stm32l4xx_hal_tim_ex.o
       174         22          0          0         64       2857   stm32l4xx_hal_timebase_tim_template.o
      2734         54          0          0          0      10625   stm32l4xx_hal_uart.o
         2          0          0          0          0        984   stm32l4xx_hal_uart_ex.o
        28          0          0          0          0       3227   stm32l4xx_it.o
       140          6          0          0          0       1105   sys.o
        80         12         72          4          0     796545   system_stm32l4xx.o
      2250        372          0         60        420      27262   tasks.o
       200         52          0          0         64       2232   timer.o
      1064        108          0         20         40      10386   timers.o
       392         38          0          6        320       4385   usart.o

    ----------------------------------------------------------------------
     19608       2384        632        160      23392    1824023   Object Totals
         0          0         32          0          0          0   (incl. Generated)
        36          0          3          5          4          0   (incl. Padding)

    ----------------------------------------------------------------------

      Code (inc. data)   RO Data    RW Data    ZI Data      Debug   Library Member Name

         0          0          0          0          0          0   entry.o
         0          0          0          0          0          0   entry10a.o
         0          0          0          0          0          0   entry11a.o
         8          4          0          0          0          0   entry2.o
         4          0          0          0          0          0   entry5.o
         0          0          0          0          0          0   entry7b.o
         0          0          0          0          0          0   entry8b.o
         8          4          0          0          0          0   entry9a.o
        30          0          0          0          0          0   handlers.o
        36          8          0          0          0         68   init.o
         0          0          0          0          0          0   iusefp.o
        30          0          0          0          0         68   llshl.o
        36          0          0          0          0         68   llsshr.o
        32          0          0          0          0         68   llushr.o
        36          0          0          0          0         68   memcpya.o
        36          0          0          0          0        108   memseta.o
      2320         96          0          0          0        604   printfa.o
        14          0          0          0          0         68   strlen.o
        36          0          0          0          0         80   strstr.o
        44          0          0          0          0         80   uidiv.o
       104          0          0          0          0         92   uldiv.o
        48          0          0          0          0         68   cdrcmple.o
        56          0          0          0          0         88   d2f.o
       350          0          0          0          0        148   dadd.o
       222          0          0          0          0        100   ddiv.o
       186          0          0          0          0        176   depilogue.o
        48          0          0          0          0         68   dfixul.o
        34          0          0          0          0         76   dflti.o
       234          0          0          0          0         96   dmul.o
        38          0          0          0          0         68   f2d.o
       110          0          0          0          0        168   fepilogue.o

    ----------------------------------------------------------------------
      4108        112          0          0          0       2428   Library Totals
         8          0          0          0          0          0   (incl. Padding)

    ----------------------------------------------------------------------

      Code (inc. data)   RO Data    RW Data    ZI Data      Debug   Library Name

      2774        112          0          0          0       1372   mc_w.l
      1326          0          0          0          0       1056   mf_w.l

    ----------------------------------------------------------------------
      4108        112          0          0          0       2428   Library Totals

    ----------------------------------------------------------------------

==============================================================================


      Code (inc. data)   RO Data    RW Data    ZI Data      Debug   

     23716       2496        632        160      23392    1808807   Grand Totals
     23716       2496        632        160      23392    1808807   ELF Image Totals
     23716       2496        632        160          0          0   ROM Totals

==============================================================================

    Total RO  Size (Code + RO Data)                24348 (  23.78kB)
    Total RW  Size (RW Data + ZI Data)             23552 (  23.00kB)
    Total ROM Size (Code + RO Data + RW Data)      24508 (  23.93kB)

==============================================================================

